Sequence ID	Sequence  Length	Motif	start	end	strand	motif1_mismatch	fragment1	motif2_mismatch	fragment2	mismatches	gap_length	prediction sequence
Bacillus_subtilis	60	GXTRSVIVN,LGMKGT	13	42	+	0	GITRSVIVN	0	LGMKGT	0	15	GITRSVIVNALRKLESAGVIESRSLGMKGT
Bacillus_cereus	61	GXTRSVIVN,LGMKGT	14	43	+	0	GITRSVIVN	0	LGMKGT	0	15	GITRSVIVNALRKLESAGVIESRSLGMKGT
Enterococcus_gilvus	59	GXTRSVIVN,LGMKGT	13	42	+	0	GITRSVIVN	0	LGMKGT	0	15	GITRSVIVNALRKLESAGIIESRSLGMKGT
Lactococcus_lactis	58	GXTRSVIVN,LGMKGT	14	43	+	0	GITRSVIVN	0	LGMKGT	0	15	GITRSVIVNALRKLESAGVIESRSLGMKGT
Listeria_monocytogenes	61	GXTRSVIVN,LGMKGT	14	43	+	0	GITRSVIVN	0	LGMKGT	0	15	GITRSVIVNALRKLESAGVIDSRSLGMKGT
Streptococcus_salivarius	59	GXTRSVIVN,LGMKGT	13	42	+	0	GITRSVIVN	0	LGMKGT	0	15	GITRSVIVNALRKLESAGIIESRSLGMKGT
Streptococcus_pneumoniae	58	GXTRSVIVN,LGMKGT	13	42	+	0	GITRSVIVN	0	LGMKGT	0	15	GITRSVIVNALRKLESAGIIESRSLGMKGT
Enterococcus_faecium	58	GXTRSVIVN,LGMKGT	13	42	+	0	GITRSVIVN	0	LGMKGT	0	15	GITRSVIVNALRKLESAGIIESRSLGMKGT
Clostridium_perfringens	60	GXTRSVIVN,LGMKGT	13	42	+	0	GITRSVIVN	0	LGMKGT	0	15	GITRSVIVNALRKFESAGVIESRSLGMKGT
Staphylococcus_pasteuri	59	GXTRSVIVN,LGMKGT	13	42	+	0	GITRSVIVN	0	LGMKGT	0	15	GITRSVIVNALRKLESAGVIESRSLGMKGT
NZ_JPZR01000022-Synergistes_jonesii	60	GXTRSVIVN,LGMKGT	13	42	+	0	GVTRSVIVN	0	LGMKGT	0	15	GVTRSVIVNALRKLGSAGIIESRSLGMKGT
NZ_FXBB01000024-Dethiosulfovibrio_salsuginis	60	GXTRSVIVN,LGMKGT	13	42	+	0	GVTRSVIVN	0	LGMKGT	0	15	GVTRSVIVNALRKLESAGIIESRSLGMKGT
NC_013522-Thermanaerovibrio_acidaminovorans	60	GXTRSVIVN,LGMKGT	13	42	+	0	GVTRSVIVN	0	LGMKGT	0	15	GVTRSVIVNALRKLSSAGIIESRSLGMKGT
NZ_JAFZ01000001-Aminobacterium_mobile	60	GXTRSVIVN,LGMKGT	13	42	+	0	GVTRSVIVN	0	LGMKGT	0	15	GVTRSVIVNALRKLESAGIIESRSLGMKGT
NZ_JAFY01000007-Aminiphilus_circumscriptus	60	GXTRSVIVN,LGMKGT	13	42	+	0	GVTRSVIVN	0	LGMKGT	0	15	GVTRSVIVNALRKLESAGIIESRSLGMKGT
NZ_ACJX03000001-Acetomicrobium_hydrogeniformans	60	GXTRSVIVN,LGMKGT	13	42	+	0	GVTRSVIVN	0	LGMKGT	0	15	GVTRSVIVNALRKLESAGLIESRSLGMKGT
NZ_FNPD01000014-Acetomicrobium_thermoterrenum	60	GXTRSVIVN,LGMKGT	13	42	+	0	GVTRSVIVN	0	LGMKGT	0	15	GVTRSVIVNALRKLESAGLIESRSLGMKGT
NZ_FSQZ01000001-Acetomicrobium_flavidum	60	GXTRSVIVN,LGMKGT	13	42	+	0	GVTRSVIVN	0	LGMKGT	0	15	GVTRSVIVNALRKLESAGLIESRSLGMKGT
NZ_GG697147-Jonquetella_anthropi	60	GXTRSVIVN,LGMKGT	13	42	+	0	GVTRSVIVN	0	LGMKGT	0	15	GVTRSVIVNAFRKLESAGIIESRSLGMKGT
NZ_KK073872-Cloacibacillus_evryensis	60	GXTRSVIVN,LGMKGT	13	42	+	0	GVTRSVIVN	0	LGMKGT	0	15	GVTRSVIVNALRKLGSAGIIESRSLGMKGT
NZ_ABTR02000001-Dethiosulfovibrio_peptidovorans	60	GXTRSVIVN,LGMKGT	13	42	+	0	GVTRSVIVN	0	LGMKGT	0	15	GVTRSVIVNALRKLESAGIIESRSLGMKGT
NC_014011-Aminobacterium_colombiense	60	GXTRSVIVN,LGMKGT	13	42	+	0	GVTRSVIVN	0	LGMKGT	0	15	GVTRSVIVNALRKLESAGIIESRSLGMKGT
NZ_CM001376-Jonquetella_anthropi	60	GXTRSVIVN,LGMKGT	13	42	+	0	GVTRSVIVN	0	LGMKGT	0	15	GVTRSVIVNAFRKLESAGIIESRSLGMKGT
NZ_RQYL01000028-Fretibacterium_sp._OH1220_COT-178	60	GXTRSVIVN,LGMKGT	13	42	+	0	GVTRSVIVN	0	LGMKGT	0	15	GVTRSVIVNALRKLESAGLIESRSLGMKGT
NZ_CM001377-Thermanaerovibrio_velox	60	GXTRSVIVN,LGMKGT	13	42	+	0	GVTRSVIVN	0	LGMKGT	0	15	GVTRSVIVNALRKLSSAGIIESRSLGMKGT
NZ_SORI01000001-Aminivibrio_pyruvatiphilus	60	GXTRSVIVN,LGMKGT	13	42	+	0	GVTRSVIVN	0	LGMKGT	0	15	GVTRSVIVNALRKLESAGIIESRSLGMKGT
NZ_JH414697-Synergistes_sp._3_1_syn1	60	GXTRSVIVN,LGMKGT	13	42	+	0	GVTRSVIVN	0	LGMKGT	0	15	GVTRSVIVNALRKLGSAGIIESRSLGMKGT
NC_016148-Thermovirga_lienii	60	GXTRSVIVN,LGMKGT	13	42	+	0	GVTRSVIVN	0	LGMKGT	0	15	GVTRSVIVNALRKLESAGIIESRSLGMKGT
NZ_CM001022-Aminomonas_paucivorans	60	GXTRSVIVN,LGMKGT	13	42	+	0	GVTRSVIVN	0	LGMKGT	0	15	GVTRSVIVNALRKLGSAGIIESRSLGMKGT
NC_018024-Acetomicrobium_mobile	60	GXTRSVIVN,LGMKGT	13	42	+	0	GVTRSVIVN	0	LGMKGT	0	15	GVTRSVIVNALRKLESAGLIESRSLGMKGT
NZ_CABKOO010000001-Acetomicrobium_hydrogeniformans	60	GXTRSVIVN,LGMKGT	13	42	+	0	GVTRSVIVN	0	LGMKGT	0	15	GVTRSVIVNALRKLESAGLIESRSLGMKGT
NZ_CP016757-Cloacibacillus_porcorum	60	GXTRSVIVN,LGMKGT	13	42	+	0	GVTRSVIVN	0	LGMKGT	0	15	GVTRSVIVNALRKLGSAGIIESRSLGMKGT
NZ_ADFP01000047-Pyramidobacter_piscolens	60	GXTRSVIVN,LGMKGT	13	42	+	0	GVTRSVIVN	0	LGMKGT	0	15	GVTRSVIVNALRKLESAGIIESRSLGMKGT
NZ_MUHX01000026-Pyramidobacter	57	GXTRSVIVN,LGMKGT	13	42	+	0	GVTRSVIVN	0	LGMKGT	0	15	GVTRSVIVNALRKLESAGIIESRSLGMKGT
NZ_AWWC01000024-Jonquetella	56	GXTRSVIVN,LGMKGT	13	42	+	0	GVTRSVIVN	0	LGMKGT	0	15	GVTRSVIVNAFRKLESAGIIESRSLGMKGT
NZ_NFJQ01000002-Cloacibacillus	56	GXTRSVIVN,LGMKGT	13	42	+	0	GVTRSVIVN	0	LGMKGT	0	15	GVTRSVIVNALRKLGSAGIIESRSLGMKGT
NZ_RAWT01000042-Pyramidobacter	57	GXTRSVIVN,LGMKGT	13	42	+	0	GVTRSVIVN	0	LGMKGT	0	15	GVTRSVIVNALRKLESAGIIESRSLGMKGT
NZ_JQEL01000027-Synergistes	56	GXTRSVIVN,LGMKGT	13	42	+	0	GVTRSVIVN	0	LGMKGT	0	15	GVTRSVIVNALRKLGSASIIESRSLGMKGT
NZ_JMKI01000026-Synergistes	56	GXTRSVIVN,LGMKGT	13	42	+	0	GVTRSVIVN	0	LGMKGT	0	15	GVTRSVIVNALRKLGSASIIESRSLGMKGT
NZ_JQEK01000046-Synergistes	56	GXTRSVIVN,LGMKGT	13	42	+	0	GVTRSVIVN	0	LGMKGT	0	15	GVTRSVIVNALRKLGSASIIESRSLGMKGT
NZ_JPZS01000024-Synergistes	56	GXTRSVIVN,LGMKGT	13	42	+	0	GVTRSVIVN	0	LGMKGT	0	15	GVTRSVIVNALRKLGSAGIIESRSLGMKGT
NZ_JPZQ01000030-Synergistes	56	GXTRSVIVN,LGMKGT	13	42	+	0	GVTRSVIVN	0	LGMKGT	0	15	GVTRSVIVNALRKLGSASIIESRSLGMKGT
NZ_JABAGT010000007-Cloacibacillus	56	GXTRSVIVN,LGMKGT	13	42	+	0	GVTRSVIVN	0	LGMKGT	0	15	GVTRSVIVNALRKLGSAGIIESRSLGMKGT
NZ_VUNH01000001-Pyramidobacter	57	GXTRSVIVN,LGMKGT	13	42	+	0	GVTRSVIVN	0	LGMKGT	0	15	GVTRSVIVNALRKLESAGIIESRSLGMKGT
NZ_CABKQM010000008-Cloacibacillus	56	GXTRSVIVN,LGMKGT	13	42	+	0	GVTRSVIVN	0	LGMKGT	0	15	GVTRSVIVNALRKLGSAGIIESRSLGMKGT
AKKNAKOB_01966	55	GXTRSVIVN,LGMKGT	13	42	+	0	GVTRSVIVN	0	LGMKGT	0	15	GVTRSVIVNALRKLESAGLIESRSLGMKGT
APFLDBEM_10111	55	GXTRSVIVN,LGMKGT	13	42	+	0	GVTRSVIVN	0	LGMKGT	0	15	GVTRSVIVNALRKLSSAGIIESRSLGMKGT
BDBIOFKG_27605	55	GXTRSVIVN,LGMKGT	13	42	+	0	GVTRSVIVN	0	LGMKGT	0	15	GVTRSVIVNALRKLESAGIIESRSLGMKGT
BMOJLPCO_244614	55	GXTRSVIVN,LGMKGT	13	42	+	0	GVTRSVIVN	0	LGMKGT	0	15	GVTRSVIVNALRKLGSAGIIESRSLGMKGT
CCFBOPIO_909214	55	GXTRSVIVN,LGMKGT	13	42	+	0	GVTRSVIVN	0	LGMKGT	0	15	GVTRSVIVNALRKLGSAGIIESRSLGMKGT
CJGLONFA_155136	55	GXTRSVIVN,LGMKGT	13	42	+	0	GVTRSVIVN	0	LGMKGT	0	15	GVTRSVIVNALRKLESAGIIESRSLGMKGT
CNPPHFMK_08405	56	GXTRSVIVN,LGMKGT	13	42	+	0	GVTRSVIVN	0	LGMKGT	0	15	GVTRSVIVNALRKLESAGLIESRSLGMKGT
CNPPHFMK_113173	56	GXTRSVIVN,LGMKGT	13	42	+	0	GVTRSVIVN	0	LGMKGT	0	15	GVTRSVIVNALRKLESAGLIESRSLGMKGT
DHBCPKCB_148112	55	GXTRSVIVN,LGMKGT	13	42	+	0	GLTRSVIVN	0	LGMKGT	0	15	GLTRSVIVNALRKLESAGVLECRSLGMKGT
DHBCPKCB_19992	55	GXTRSVIVN,LGMKGT	13	42	+	0	GVTRSVIVN	0	LGMKGT	0	15	GVTRSVIVNALRKLESAGIIESRSLGMKGT
GHIJCEJO_14952	55	GXTRSVIVN,LGMKGT	13	42	+	0	GVTRSVIVN	0	LGMKGT	0	15	GVTRSVIVNALRKLESAGIIESRSLGMKGT
GHIJCEJO_68208	55	GXTRSVIVN,LGMKGT	13	42	+	0	GVTRSVIVN	0	LGMKGT	0	15	GVTRSVIVNALRKLGSAGIIESRSLGMKGT
GJLBABOP_12927	55	GXTRSVIVN,LGMKGT	14	43	+	0	GVTRSVIVN	0	LGMKGT	0	15	GVTRSVIVNALRKLESAGIIESRSLGMKGT
GJLBABOP_76914	55	GXTRSVIVN,LGMKGT	13	42	+	0	GVTRSVIVN	0	LGMKGT	0	15	GVTRSVIVNALRKLESAGIIESRSLGMKGT
GMDHNIDI_1570635	55	GXTRSVIVN,LGMKGT	13	42	+	0	GVTRSVIVN	0	LGMKGT	0	15	GVTRSVIVNALRKLGSAGIIESRSLGMKGT
GMDHNIDI_1875419	56	GXTRSVIVN,LGMKGT	13	42	+	0	GVTRSVIVN	0	LGMKGT	0	15	GVTRSVIVNALRKLGSAGIIESRSLGMKGT
JNFGAPOO_164562	55	GXTRSVIVN,LGMKGT	13	42	+	0	GVTRSVIVN	0	LGMKGT	0	15	GVTRSVIVNALRKLESAGIIESRSLGMKGT
JPHOCEAB_97520	55	GXTRSVIVN,LGMKGT	13	42	+	0	GVTRSVIVN	0	LGMKGT	0	15	GVTRSVIVNALRKLESAGIIESRSLGMKGT
KIOJAELO_73873	55	GXTRSVIVN,LGMKGT	13	42	+	0	GVTRSVIVN	0	LGMKGT	0	15	GVTRSVIVNVLRKLGSAGIIESRSLGMKGT
KIOJAELO_93850	56	GXTRSVIVN,LGMKGT	13	42	+	0	GVTRSVIVN	0	LGMKGT	0	15	GVTRSVIVNALRKLESAGIIESRSLGMKGT
KKJMEEIG_1084584	56	GXTRSVIVN,LGMKGT	13	42	+	0	GVTRSVIVN	0	LGMKGT	0	15	GVTRSVIVNALRKLESAGLIESRSLGMKGT
KKJMEEIG_1157271	55	GXTRSVIVN,LGMKGT	13	42	+	0	GVTRSVIVN	0	LGMKGT	0	15	GVTRSVIVNALRKLGSAGILESRSLGMKGT
KKJMEEIG_413593	55	GXTRSVIVN,LGMKGT	13	42	+	0	GVTRSVIVN	0	LGMKGT	0	15	GVTRSVIVNALRKLESAGIIESRSLGMKGT
KKJMEEIG_445420	56	GXTRSVIVN,LGMKGT	13	42	+	0	GVTRSVIVN	0	LGMKGT	0	15	GVTRSVIVNALRKLESAGIIESRSLGMKGT
KKJMEEIG_459491	55	GXTRSVIVN,LGMKGT	13	42	+	0	GVTRSVIVN	0	LGMKGT	0	15	GVTRSVIVNALRKLGSAGIIESRSLGMKGT
KKJMEEIG_724861	56	GXTRSVIVN,LGMKGT	13	42	+	0	GVTRSVIVN	0	LGMKGT	0	15	GVTRSVIVNALRKLESAGIIESRSLGMKGT
KKJMEEIG_855830	55	GXTRSVIVN,LGMKGT	13	42	+	0	GVTRSVIVN	0	LGMKGT	0	15	GVTRSVIVNALRKLGSAGIIESRSLGMKGT
KKJMEEIG_856783	55	GXTRSVIVN,LGMKGT	13	42	+	0	GVTRSVIVN	0	LGMKGT	0	15	GVTRSVIVNALRKLESAGIIESRSLGMKGT
KKJMEEIG_890147	56	GXTRSVIVN,LGMKGT	13	42	+	0	GVTRSVIVN	0	LGMKGT	0	15	GVTRSVIVNALRKLESAGLIESRSLGMKGT
MAHCLCPI_05935	55	GXTRSVIVN,LGMKGT	13	42	+	0	GVTRSVIVN	0	LGMKGT	0	15	GVTRSVIVNALRKLGSAGILESRSLGMKGT
MAHCLCPI_101556	55	GXTRSVIVN,LGMKGT	13	42	+	0	GVTRSVIVN	0	LGMKGT	0	15	GVTRSVIVNALRKLGSAGIIESRSLGMKGT
MAHCLCPI_21297	56	GXTRSVIVN,LGMKGT	14	43	+	0	GVTRSVIVN	0	LGMKGT	0	15	GVTRSVIVNALRKLGSAGILESSSLGMKGT
MEOLGGJB_38164	56	GXTRSVIVN,LGMKGT	13	42	+	0	GVTRSVIVN	0	LGMKGT	0	15	GVTRSVIVNALRKLESAGIIESRSLGMKGT
MHEILAGC_15562	55	GXTRSVIVN,LGMKGT	13	42	+	0	GVTRSVIVN	0	LGMKGT	0	15	GVTRSVIVNALRKLESAGIIESRSLGMKGT
MHEILAGC_39760	55	GXTRSVIVN,LGMKGT	14	43	+	0	GVTRSVIVN	0	LGMKGT	0	15	GVTRSVIVNALRKLESAGVIESRSLGMKGT
NCINIMOJ_16206	55	GXTRSVIVN,LGMKGT	13	42	+	0	GVTRSVIVN	0	LGMKGT	0	15	GVTRSVIVNALRKLESAGIIESRSLGMKGT
NCINIMOJ_20877	55	GXTRSVIVN,LGMKGT	13	42	+	0	GLTRSVIVN	0	LGMKGT	0	15	GLTRSVIVNALRKLESAGVLECRSLGMKGT
NHCPGKCF_01641	55	GXTRSVIVN,LGMKGT	13	42	+	0	GVTRSVIVN	0	LGMKGT	0	15	GVTRSVIVNALRKLGSAGIIESRSLGMKGT
PHGMAJIM_14132	54	GXTRSVIVN,LGMKGT	13	42	+	0	GVTRSVIVN	0	LGMKGT	0	15	GVTRSVIVNALRKLESAGIIESRSLGMKGT
GUT_GENOME074572_01570	56	GXTRSVIVN,LGMKGT	13	42	+	0	GVTRSVIVN	0	LGMKGT	0	15	GVTRSVIVNALRKLESAGIIESRSLGMKGT
GUT_GENOME285759_00213	56	GXTRSVIVN,LGMKGT	13	42	+	0	GVTRSVIVN	0	LGMKGT	0	15	GVTRSVIVNALRKLESAGIIESRSLGMKGT
GUT_GENOME121452_01958	56	GXTRSVIVN,LGMKGT	13	42	+	0	GVTRSVIVN	0	LGMKGT	0	15	GVTRSVIVNALRKLESAGIIESRSLGMKGT
GUT_GENOME098265_00929	56	GXTRSVIVN,LGMKGT	13	42	+	0	GVTRSVIVN	0	LGMKGT	0	15	GVTRSVIVNALRKLESAGIIESRSLGMKGT
GUT_GENOME098263_01201	56	GXTRSVIVN,LGMKGT	13	42	+	0	GVTRSVIVN	0	LGMKGT	0	15	GVTRSVIVNALRKLESAGIIESRSLGMKGT
GUT_GENOME063116_00272	56	GXTRSVIVN,LGMKGT	13	42	+	0	GVTRSVIVN	0	LGMKGT	0	15	GVTRSVIVNALRKLESAGIIESRSLGMKGT
GUT_GENOME120248_00399	56	GXTRSVIVN,LGMKGT	13	42	+	0	GVTRSVIVN	0	LGMKGT	0	15	GVTRSVIVNALRKLESAGIIESRSLGMKGT
GUT_GENOME248581_01071	56	GXTRSVIVN,LGMKGT	13	42	+	0	GVTRSVIVN	0	LGMKGT	0	15	GVTRSVIVNALRKLESAGIIESRSLGMKGT
GUT_GENOME244103_01576	56	GXTRSVIVN,LGMKGT	13	42	+	0	GVTRSVIVN	0	LGMKGT	0	15	GVTRSVIVNALRKLESAGIIESRSLGMKGT
GUT_GENOME243718_00618	56	GXTRSVIVN,LGMKGT	13	42	+	0	GVTRSVIVN	0	LGMKGT	0	15	GVTRSVIVNALRKLESAGIIESRSLGMKGT
GUT_GENOME085404_00890	56	GXTRSVIVN,LGMKGT	13	42	+	0	GVTRSVIVN	0	LGMKGT	0	15	GVTRSVIVNALRKLESAGIIESRSLGMKGT
GUT_GENOME096069_01216	56	GXTRSVIVN,LGMKGT	13	42	+	0	GVTRSVIVN	0	LGMKGT	0	15	GVTRSVIVNALRKLESAGLIESRSLGMKGT
GUT_GENOME145988_01081	56	GXTRSVIVN,LGMKGT	13	42	+	0	GVTRSVIVN	0	LGMKGT	0	15	GVTRSVIVNALRKLESAGLIESRSLGMKGT
GUT_GENOME245750_02190	55	GXTRSVIVN,LGMKGT	13	42	+	0	GVTRSVIVN	0	LGMKGT	0	15	GVTRSVIVNALRKLGSAGIIESRSLGMKGT
GUT_GENOME262235_02485	55	GXTRSVIVN,LGMKGT	13	42	+	0	GVTRSVIVN	0	LGMKGT	0	15	GVTRSVIVNALRKLGSAGIIESRSLGMKGT
GUT_GENOME205238_00406	55	GXTRSVIVN,LGMKGT	13	42	+	0	GVTRSVIVN	0	LGMKGT	0	15	GVTRSVIVNALRKLGSAGIIESRSLGMKGT
GUT_GENOME074402_00073	55	GXTRSVIVN,LGMKGT	13	42	+	0	GVTRSVIVN	0	LGMKGT	0	15	GVTRSVIVNALRKLGSAGIIESRSLGMKGT
GUT_GENOME206701_01182	55	GXTRSVIVN,LGMKGT	13	42	+	0	GVTRSVIVN	0	LGMKGT	0	15	GVTRSVIVNALRKLGSAGIIESRSLGMKGT
GUT_GENOME283183_02161	55	GXTRSVIVN,LGMKGT	13	42	+	0	GVTRSVIVN	0	LGMKGT	0	15	GVTRSVIVNALRKLGSAGIIESRSLGMKGT
GUT_GENOME285774_01907	55	GXTRSVIVN,LGMKGT	13	42	+	0	GVTRSVIVN	0	LGMKGT	0	15	GVTRSVIVNALRKLGSAGIIESRNLGMKGT
GUT_GENOME242957_00661	55	GXTRSVIVN,LGMKGT	13	42	+	0	GVTRSVIVN	0	LGMKGT	0	15	GVTRSVIVNAFRKLESAGIIESRSLGMKGT
