Sequence_ID	Sequence_Length	motif	motif_type	start	end	strand	mismatches	matched_sequence
NC_004369.1	3147090	AAAAAGAGYAAYCCCAGCCCGTAYATGTTYTTTATGCAGGATAATGATTT	4	3053776	3053825	+	19	CGGGCCACCAACCCGAGCCCGTACATGTTCTATGTGCGCGGTCTGGACAA
NC_004369.1	3147090	ATGCGTACCGAYCATAAAGAGCTTTCYGAACATCTGATGCTGGTSGATCT	5	3053989	3054038	+	14	ATGCGCACCAACGCCAAGGAGGTTGCGGAGCACACCATGCTGGTGGATCT
NC_004369.1	3147090	GACACCTGYATTGTKATCCGCTCSGCGCTGGTGGARAACGGTATCGCCAC	6	3054322	3054371	+	12	GATAACTGCATTGTCATCCGCTCCGCGTTCGTGCAGGACGGGGTGGCGGC
NC_004369.1	3147090	TTCCGCAGTCKGAAGCCGAYGAAACCCGTAATAAAGCSCGCGCYGTAYTG	7	3054407	3054456	+	15	ATCCCCAGTCCGAAGCCGATGAGACACTGCACAAGGCCTATGCCGTGCTC
NC_004369.1	3147090	ATTCTGCTGCTCGATAAYATCGACTCKTTTACBTRSAACCTGGCAGATCA	8	3054510	3054559	+	19	GTGGTCCTCATCGATAATCATGATTCCTTCGTCTACAACCTCGTCGATGC
NC_004369.1	3147090	TTTGCGCCGAAATATCACACCGGATTCCGYCACGCGATGCCGGTTCGCCA	12	3055617	3055666	+	19	TTCGCCCCGGCCTACAACCCGGCGATCGCCCACGCACAGCCGGTGCGCAA
NC_004369.1	3147090	TGYAAGAAAGCRTCGCCRTCAAAAGGCGTGATYCGYGATGATTTCGATCC	15	3056347	3056396	+	16	TGCAAGTCCGCGTCCCCCTCGCTCGGCATGATCCGTGAGCACTACCAGCC
NC_004369.1	3147090	CCGCAGCCGATTYTRTGTAARGAYTTYATTATCGAYCCYTAYCAGATCTA	17	3056509	3056558	+	17	CACCTGCCGGTGCTGTGCAAGGATTTCGTGATCGACAAGGTGCAGGTGCA
NC_004369.1	3147090	CAAARGTSGTWGGYATCAACAAYCGCGATCTGCGYGATYTGTCGATTGAT	18	3056720	3056769	+	15	CGAAGATCTTCGGCGTCAACCACCGAAACCTCCACGACCTCTCCATCGAT
NC_004369.1	3147090	TAYTTTGGTGARTTYGGCGGCATGTAYGTGCCRCARATCCTGATGCCTGC	20	3057667	3057716	+	16	TACTTCGGTGAGTTCGGTGGACAGTTCGTCGCCGAGTCACTCCTGCCCGC
NC_004369.1	3147090	CCAGCTKGAAGARGCYTTYGTCAGCGCGCAAAAAGATCCTGAATTTCAGG	21	3057723	3057772	+	18	TCAGTTGGAGAAGGCCTTCGTCGATGCCACCAACCATCCTGAGTTCCGTC
NC_004369.1	3147090	CTGAAATGCCGTATYTATATGGGYGCCAAAGACGTTGARCGCCAGTCGCC	22	3058039	3058088	+	13	CTGGAGTGCGTGGTCTACATGGGTGCCAAGGACGTCGCCCGCCAGCAGCC
NC_004369.1	3147090	AAAGATGCCTGTAACGAGGCGCTGCGCGACTGGTCCGGTAGTTACGAAAC	23	3058156	3058205	+	16	AAGGACGCCGTGAATGAGGCGCTGCGCGACTGGACCGCCACCTTCCACGA
NC_004369.1	3147090	TRATGTAYGCSAATCTGGTGTTYAAYAAMGGCATWGATGMGTTYTATGCC	28	3059176	3059225	+	19	TCATCTACGGCAACGTGCCCTTCACCCGCGGACTGGACAAGTTCTACCGC
NC_004369.1	3147090	GATTCSGTGCTGGTYGCMGATGTSCCRGTTGAAGAGTCBGCSCCCTTCCG	29	3059247	3059296	+	16	GATTCCATCCTGCTGCCCGACGTCCCCGTCCGCGAGGGCGCACCCTTCAT
NC_004369.1	3147090	AGGCSGCGTTRCGBCATAATRTCGCRCCKATCTTCATCTGCCCGCCAAAT	30	3059299	3059348	+	19	AGGCCGCCGAGGGCGCGGGCATCGACCCCATCTTCATCGCCCCGGCGCAG
NC_004369.1	3147090	GAAGCTKAAAGAGTACMAYGCYGCGCCTSCRTTRCAGGGMTTYGGTATYT	31	3059474	3059523	+	20	CAACATCAAGCGTTTCGGTGGCGCACCGATCCTCCTGGGCTTCGGTATTT
NZ_AP017369.1	3537507	ATGCGTACCGAYCATAAAGAGCTTTCYGAACATCTGATGCTGGTSGATCT	5	3452771	3452820	+	15	ATGCGCACTGATGCTAAAGAAATCGCGGAGCACACCATGCTTGTGGATCT
NZ_AP017369.1	3537507	GACACCTGYATTGTKATCCGCTCSGCGCTGGTGGARAACGGTATCGCCAC	6	3453104	3453153	+	14	GATAACTGCATTGTTATTCGTTCGGCTTTTGTTCAGGACGGTGTGGCTGC
NZ_AP017369.1	3537507	TTCCGCAGTCKGAAGCCGAYGAAACCCGTAATAAAGCSCGCGCYGTAYTG	7	3453189	3453238	+	12	ATCCCCAGTCGGAAGCCGACGAAACGTTGCACAAGGCGTATGCCGTATTG
NZ_AP017369.1	3537507	ATTCTGCTGCTCGATAAYATCGACTCKTTTACBTRSAACCTGGCAGATCA	8	3453292	3453341	+	17	GTTGTATTGATCGATAATCGCGATTCTTTTGTATATAACCTGGTCGACGC
NZ_AP017369.1	3537507	ATCAGGCGATTGTCGAAGCTTACGGSGGYTATGTCGGTCAGGCGGGMGAA	9	3456008	3456057	+	20	AAAAGGCACTGATCGCAGCTGTGCGCGCCGAGGTCGGACCTGAGGTTGAA
NZ_AP017369.1	3537507	TAYTTTGGTGARTTYGGCGGCATGTAYGTGCCRCARATCCTGATGCCTGC	20	3456452	3456501	+	12	TATTTTGGTGAATTCGGCGGACAATTCGTCGCAGAATCCCTGCTTCCTGC
NZ_AP017369.1	3537507	CCAGCTKGAAGARGCYTTYGTCAGCGCGCAAAAAGATCCTGAATTTCAGG	21	3456508	3456557	+	19	CCAGCTAGAAAAAGCATTCGTCGATGCCACTAACAGCCCAGAGTTCCGCG
NZ_AP017369.1	3537507	CTGAAATGCCGTATYTATATGGGYGCCAAAGACGTTGARCGCCAGTCGCC	22	3456824	3456873	+	13	CTTGAATGCGTTGTGTACATGGGTGCCAAAGACGTTGCCCGCCAACAACC
NZ_AP017369.1	3537507	AAAGATGCCTGTAACGAGGCGCTGCGCGACTGGTCCGGTAGTTACGAAAC	23	3456941	3456990	+	18	AAAGACGCCGTGAATGAAGCTCTGCGCGATTGGACCGCAACCTTCCACGA
NZ_AP017369.1	3537507	GAYCCKGGCATTGARCAGTCACTGAAAATTATCGAYACRCTRATTGAMGC	26	3457735	3457784	+	18	GACCCTGACCCTGAAGCTGCTTTCCAGATCATTTCCACAGCAATTGAAGC
NZ_AP017369.1	3537507	GATTCSGTGCTGGTYGCMGATGTSCCRGTTGAAGAGTCBGCSCCCTTCCG	29	3458026	3458075	+	20	GACTCCATCCTCCTGCCAGACGTCCCAGTCCGCGAAGGCGCACCGTTTTC
NZ_CP009220.1	2972149	ATGRMAGCRAYWTTYGYAYTRMAMGGTTGGTGGCGCACTTCCTGA	1	2882679	2882723	+	17	AGAGTGGCAGCAGTGGGATGACAAAGGCGGTGATGGTCTTCATGA
NZ_CP009220.1	2972149	ATGCGTACCGAYCATAAAGAGCTTTCYGAACATCTGATGCTGGTSGATCT	5	2885369	2885418	+	14	ATGCGCACTGATGCCAAAGAGATCGCGGAGCACACCATGCTGGTCGATCT
NZ_CP009220.1	2972149	GACACCTGYATTGTKATCCGCTCSGCGCTGGTGGARAACGGTATCGCCAC	6	2885702	2885751	+	13	GATAACTGTATTGTGATTCGTTCGGCCTTTGTGCAGAACGGCGTGGCTGC
NZ_CP009220.1	2972149	TTCCGCAGTCKGAAGCCGAYGAAACCCGTAATAAAGCSCGCGCYGTAYTG	7	2885787	2885836	+	18	ACCCTCAATCCGAAGCCGATGAGACGCTGCACAAGGCATATGCCGTGCTC
NZ_CP009220.1	2972149	ATTCTGCTGCTCGATAAYATCGACTCKTTTACBTRSAACCTGGCAGATCA	8	2885890	2885939	+	16	GTTGTTCTCATTGATAATCACGATTCTTTTGTCTACAACCTGGTCGACGC
NZ_CP009220.1	2972149	TGYAAGAAAGCRTCGCCRTCAAAAGGCGTGATYCGYGATGATTTCGATCC	15	2887752	2887801	+	14	TGCAAGTCTGCTTCGCCGTCCCTAGGCATGATTCGTGAGCACTACCAGCC
NZ_CP009220.1	2972149	CCGCAGCCGATTYTRTGTAARGAYTTYATTATCGAYCCYTAYCAGATCTA	17	2887914	2887963	+	12	CACCTGCCAGTGCTGTGCAAGGACTTCATCATTGACCCTGTTCAGATCCA
NZ_CP009220.1	2972149	CAAARGTSGTWGGYATCAACAAYCGCGATCTGCGYGATYTGTCGATTGAT	18	2888125	2888174	+	12	CAAAGATTTTCGGTGTAAACCACCGCAACCTGCACGATCTGTCCATCGAT
NZ_CP009220.1	2972149	TAYTTTGGTGARTTYGGCGGCATGTAYGTGCCRCARATCCTGATGCCTGC	20	2889061	2889110	+	11	TACTTCGGTGAATTCGGCGGCCAGTTCGTCGCAGAATCCCTCCTGCCTGC
NZ_CP009220.1	2972149	CCAGCTKGAAGARGCYTTYGTCAGCGCGCAAAAAGATCCTGAATTTCAGG	21	2889117	2889166	+	18	CCAGCTGGAGAAGGCCTTCGTTGACGCCATCAACAGCCCAGAGTTCCGCG
NZ_CP009220.1	2972149	CTGAAATGCCGTATYTATATGGGYGCCAAAGACGTTGARCGCCAGTCGCC	22	2889433	2889482	+	13	CTGGAATGCGTGGTGTACATGGGCGCTAAGGACGTTGCTCGCCAGCAGCC
NZ_CP009220.1	2972149	AAAGATGCCTGTAACGAGGCGCTGCGCGACTGGTCCGGTAGTTACGAAAC	23	2889550	2889599	+	16	AAAGACGCCGTCAACGAGGCGCTACGCGATTGGACCGCCACCTTCCACGA
NZ_CP009220.1	2972149	GATTCSGTGCTGGTYGCMGATGTSCCRGTTGAAGAGTCBGCSCCCTTCCG	29	2889904	2889953	+	20	TACCTCATGCGCAACTCCGACGGCCAGGTTGAAGAGTCTTACTCCATTTC
NZ_CP011309.1	3338699	ATGRMAGCRAYWTTYGYAYTRMAMGGTTGGTGGCGCACTTCCTGA	1	3262107	3262151	+	17	AGAGTGGCAGCAGTGGGATGACAAAGGCGGTGATGGTCTTCATGA
NZ_CP011309.1	3338699	ATGCGTACCGAYCATAAAGAGCTTTCYGAACATCTGATGCTGGTSGATCT	5	3264791	3264840	+	15	ATGCGCACTGATGCCAAAGAGATCGCGGAGCACACCATGCTTGTCGATCT
NZ_CP011309.1	3338699	GACACCTGYATTGTKATCCGCTCSGCGCTGGTGGARAACGGTATCGCCAC	6	3265124	3265173	+	15	GATAATTGCATTGTTATTCGTTCGGCGTTTGTCCAGGATGGTGTGGCTGC
NZ_CP011309.1	3338699	TTCCGCAGTCKGAAGCCGAYGAAACCCGTAATAAAGCSCGCGCYGTAYTG	7	3265209	3265258	+	15	ATCCTCAATCTGAAGCCGATGAGACGTTGCACAAGGCGTATGCCGTGTTG
NZ_CP011309.1	3338699	ATTCTGCTGCTCGATAAYATCGACTCKTTTACBTRSAACCTGGCAGATCA	8	3265312	3265361	+	15	GTTGTTCTCATTGATAATCACGATTCTTTTGTCTACAACCTGGTGGATGC
NZ_CP011309.1	3338699	TGYAAGAAAGCRTCGCCRTCAAAAGGCGTGATYCGYGATGATTTCGATCC	15	3267164	3267213	+	16	TGCAAGTCCGCATCGCCTTCTTTGGGAATGATTCGTGAGCACTACCAGCC
NZ_CP011309.1	3338699	ATYTCGGTGCTSACYGAYGARAAATATTTTCAGGGGAGCTTYGATTTYCT	16	3267254	3267303	+	20	ATTTCCGTGCTGTGCGAGCCGGATCGTTTTGGTGGCGATTACGATCACCT
NZ_CP011309.1	3338699	CCGCAGCCGATTYTRTGTAARGAYTTYATTATCGAYCCYTAYCAGATCTA	17	3267326	3267375	+	14	CATCTTCCGGTGCTGTGCAAAGACTTCATCATTGATCCTGTCCAGGTACA
NZ_CP011309.1	3338699	CAAARGTSGTWGGYATCAACAAYCGCGATCTGCGYGATYTGTCGATTGAT	18	3267537	3267586	+	9	CGAAGATCTTTGGCGTCAACCACCGCAACCTGCATGATCTGTCCATTGAT
NZ_CP011309.1	3338699	TAYTTTGGTGARTTYGGCGGCATGTAYGTGCCRCARATCCTGATGCCTGC	20	3268473	3268522	+	11	TACTTCGGTGAATTCGGCGGCCAGTTCGTCGCGGAATCCCTCCTGCCTGC
NZ_CP011309.1	3338699	CCAGCTKGAAGARGCYTTYGTCAGCGCGCAAAAAGATCCTGAATTTCAGG	21	3268529	3268578	+	17	CCAGCTGGAGAAGGCCTTCGTTGACGCGACCAACAGCCCAGAGTTCCGCG
NZ_CP011309.1	3338699	CTGAAATGCCGTATYTATATGGGYGCCAAAGACGTTGARCGCCAGTCGCC	22	3268845	3268894	+	12	CTCGAGTGCGTTGTCTACATGGGCGCCAAGGACGTTGCCCGCCAGCAGCC
NZ_CP011309.1	3338699	AAAGATGCCTGTAACGAGGCGCTGCGCGACTGGTCCGGTAGTTACGAAAC	23	3268962	3269011	+	18	AAGGACGCCGTGAATGAAGCGCTGCGCGATTGGACCGCAACCTTCCACGA
NZ_CP011309.1	3338699	GAYCCKGGCATTGARCAGTCACTGAAAATTATCGAYACRCTRATTGAMGC	26	3269756	3269805	+	19	GACCCTTCACCAGAGGAGGCTTTCCAGATCATCTCCACAGCAATCGAAGC
NZ_CP011309.1	3338699	GATTCSGTGCTGGTYGCMGATGTSCCRGTTGAAGAGTCBGCSCCCTTCCG	29	3270047	3270096	+	20	GACTCCATCCTCCTGCCAGACGTCCCAGTCCGCGAAGGCGCACCGTTTTC
NZ_CP012297.1	3155208	ATGRMAGCRAYWTTYGYAYTRMAMGGTTGGTGGCGCACTTCCTGA	1	3087604	3087648	+	17	AGAGTGGCAGCAGTGGGATGACAAAGGCGGTGATGGTCTTCATGA
NZ_CP012297.1	3155208	ATGCGTACCGAYCATAAAGAGCTTTCYGAACATCTGATGCTGGTSGATCT	5	3090286	3090335	+	15	ATGCGCACAGATGCCAAAGAGATCGCGGAGCACACCATGCTTGTCGATCT
NZ_CP012297.1	3155208	GACACCTGYATTGTKATCCGCTCSGCGCTGGTGGARAACGGTATCGCCAC	6	3090619	3090668	+	14	GATAACTGCATTGTTATTCGTTCGGCGTTTGTTCAGGATGGTGTGGCTGC
NZ_CP012297.1	3155208	TTCCGCAGTCKGAAGCCGAYGAAACCCGTAATAAAGCSCGCGCYGTAYTG	7	3090704	3090753	+	15	ATCCTCAATCTGAAGCCGATGAGACGTTGCACAAGGCGTATGCCGTGTTG
NZ_CP012297.1	3155208	ATTCTGCTGCTCGATAAYATCGACTCKTTTACBTRSAACCTGGCAGATCA	8	3090807	3090856	+	15	GTTGTTCTCATTGATAATCACGATTCTTTTGTCTACAACCTGGTGGATGC
NZ_CP012297.1	3155208	TGYAAGAAAGCRTCGCCRTCAAAAGGCGTGATYCGYGATGATTTCGATCC	15	3092657	3092706	+	16	TGCAAGTCTGCATCGCCTTCTTTGGGAATGATTCGTGAGCACTACCAGCC
NZ_CP012297.1	3155208	ATYTCGGTGCTSACYGAYGARAAATATTTTCAGGGGAGCTTYGATTTYCT	16	3092747	3092796	+	20	ATTTCCGTGCTGTGCGAGCCGGATCGTTTTGGTGGCGATTACGATCACCT
NZ_CP012297.1	3155208	CCGCAGCCGATTYTRTGTAARGAYTTYATTATCGAYCCYTAYCAGATCTA	17	3092819	3092868	+	14	CATCTTCCGGTGCTGTGCAAAGACTTCATCATTGATCCTGTCCAGGTACA
NZ_CP012297.1	3155208	CAAARGTSGTWGGYATCAACAAYCGCGATCTGCGYGATYTGTCGATTGAT	18	3093030	3093079	+	8	CAAAGATCTTTGGCGTCAACCACCGCAACCTGCATGATCTGTCCATTGAT
NZ_CP012297.1	3155208	TAYTTTGGTGARTTYGGCGGCATGTAYGTGCCRCARATCCTGATGCCTGC	20	3093966	3094015	+	11	TACTTCGGTGAATTCGGCGGCCAGTTCGTCGCGGAATCCCTCCTGCCTGC
NZ_CP012297.1	3155208	CCAGCTKGAAGARGCYTTYGTCAGCGCGCAAAAAGATCCTGAATTTCAGG	21	3094022	3094071	+	16	CCAGCTGGAGAAGGCCTTCGTTGACGCGACCAACAGCCCAGAGTTCCGGG
NZ_CP012297.1	3155208	CTGAAATGCCGTATYTATATGGGYGCCAAAGACGTTGARCGCCAGTCGCC	22	3094338	3094387	+	12	CTCGAGTGCGTTGTCTACATGGGCGCCAAAGACGTAGCCCGCCAGCAGCC
NZ_CP012297.1	3155208	AAAGATGCCTGTAACGAGGCGCTGCGCGACTGGTCCGGTAGTTACGAAAC	23	3094455	3094504	+	18	AAGGACGCCGTGAATGAAGCGCTGCGCGATTGGACCGCAACCTTCCATGA
NZ_CP012297.1	3155208	GAYCCKGGCATTGARCAGTCACTGAAAATTATCGAYACRCTRATTGAMGC	26	3095249	3095298	+	19	GACCCTTCACCAGAGGAGGCTTTCCAGATCATCTCCACAGCAATCGAAGC
NZ_CP012297.1	3155208	GATTCSGTGCTGGTYGCMGATGTSCCRGTTGAAGAGTCBGCSCCCTTCCG	29	3095540	3095589	+	20	GACTCCATCCTCCTGCCAGACGTCCCAGTCCGCGAAGGCGCACCGTTTTC
NZ_CP015622.1	3047373	ATGCGTACCGAYCATAAAGAGCTTTCYGAACATCTGATGCTGGTSGATCT	5	2984084	2984133	+	15	ATGCGCACTGATGCCAAAGAAATCGCCGAGCACACCATGCTTGTGGATCT
NZ_CP015622.1	3047373	GACACCTGYATTGTKATCCGCTCSGCGCTGGTGGARAACGGTATCGCCAC	6	2984417	2984466	+	14	GATAACTGCATTGTTATTCGTTCGGCGTTTGTTCAGGATGGTGTGGCTGC
NZ_CP015622.1	3047373	TTCCGCAGTCKGAAGCCGAYGAAACCCGTAATAAAGCSCGCGCYGTAYTG	7	2984502	2984551	+	17	ATCCTCAATCCGAAGCCGATGAAACGTTGCACAAGGCTTATGCCGTGCTC
NZ_CP015622.1	3047373	ATTCTGCTGCTCGATAAYATCGACTCKTTTACBTRSAACCTGGCAGATCA	8	2984605	2984654	+	17	GTTGTTCTCATTGATAATCACGATTCTTTTGTTTATAACTTGGTCGATGC
NZ_CP015622.1	3047373	TGYAAGAAAGCRTCGCCRTCAAAAGGCGTGATYCGYGATGATTTCGATCC	15	2986455	2986504	+	16	TGCAAATCCGCTTCTCCATCTTTGGGCATGATCCGCGAGCATTACCAGCC
NZ_CP015622.1	3047373	ATYTCGGTGCTSACYGAYGARAAATATTTTCAGGGGAGCTTYGATTTYCT	16	2986545	2986594	+	20	ATTTCTGTGCTGTGCGAGCCAGATCGTTTTGGTGGCGATTATGATCACCT
NZ_CP015622.1	3047373	CCGCAGCCGATTYTRTGTAARGAYTTYATTATCGAYCCYTAYCAGATCTA	17	2986617	2986666	+	16	CATCTGCCAGTGCTGTGCAAGGATTTCATCATTGATCCGGTGCAGGTACA
NZ_CP015622.1	3047373	CAAARGTSGTWGGYATCAACAAYCGCGATCTGCGYGATYTGTCGATTGAT	18	2986828	2986877	+	13	CCAAGATCTTCGGTGTTAATCACCGCAATCTCCATGATCTCTCCATTGAT
NZ_CP015622.1	3047373	TAYTTTGGTGARTTYGGCGGCATGTAYGTGCCRCARATCCTGATGCCTGC	20	2987764	2987813	+	15	TACTTTGGTGAATTTGGTGGACAGTTCGTTGCTGAATCACTCCTCCCTGC
NZ_CP015622.1	3047373	CTGAAATGCCGTATYTATATGGGYGCCAAAGACGTTGARCGCCAGTCGCC	22	2988136	2988185	+	12	CTCGAGTGCGTTGTCTACATGGGCGCCAAGGACGTTGCCCGCCAGCAGCC
NZ_CP015622.1	3047373	AAAGATGCCTGTAACGAGGCGCTGCGCGACTGGTCCGGTAGTTACGAAAC	23	2988253	2988302	+	17	AAGGACGCCGTGAATGAGGCGCTGCGCGATTGGACCGCAACCTTCCACGA
NZ_CP015622.1	3047373	TRATGTAYGCSAATCTGGTGTTYAAYAAMGGCATWGATGMGTTYTATGCC	28	2989270	2989319	+	20	TTATCTACGGCAATGTGCCATTCACCCGCGGCTTGGACCGCTTTTACCAA
NZ_CP015622.1	3047373	GATTCSGTGCTGGTYGCMGATGTSCCRGTTGAAGAGTCBGCSCCCTTCCG	29	2989341	2989390	+	17	GATTCCATCCTGATCCCAGATGTTCCTGTCCGCGAAGGTGCGCCGTTTAC
NZ_CP015622.1	3047373	ATGCGTACCGAYCATAAAGAGCTTTCYGAACATCTGATGCTGGTSGATCT	5	2984084	2984133	+	15	ATGCGCACTGATGCCAAAGAAATCGCCGAGCACACCATGCTTGTGGATCT
NZ_CP015622.1	3047373	GACACCTGYATTGTKATCCGCTCSGCGCTGGTGGARAACGGTATCGCCAC	6	2984417	2984466	+	14	GATAACTGCATTGTTATTCGTTCGGCGTTTGTTCAGGATGGTGTGGCTGC
NZ_CP015622.1	3047373	TTCCGCAGTCKGAAGCCGAYGAAACCCGTAATAAAGCSCGCGCYGTAYTG	7	2984502	2984551	+	17	ATCCTCAATCCGAAGCCGATGAAACGTTGCACAAGGCTTATGCCGTGCTC
NZ_CP015622.1	3047373	ATTCTGCTGCTCGATAAYATCGACTCKTTTACBTRSAACCTGGCAGATCA	8	2984605	2984654	+	17	GTTGTTCTCATTGATAATCACGATTCTTTTGTTTATAACTTGGTCGATGC
NZ_CP015622.1	3047373	TGYAAGAAAGCRTCGCCRTCAAAAGGCGTGATYCGYGATGATTTCGATCC	15	2986455	2986504	+	16	TGCAAATCCGCTTCTCCATCTTTGGGCATGATCCGCGAGCATTACCAGCC
NZ_CP015622.1	3047373	ATYTCGGTGCTSACYGAYGARAAATATTTTCAGGGGAGCTTYGATTTYCT	16	2986545	2986594	+	20	ATTTCTGTGCTGTGCGAGCCAGATCGTTTTGGTGGCGATTATGATCACCT
NZ_CP015622.1	3047373	CCGCAGCCGATTYTRTGTAARGAYTTYATTATCGAYCCYTAYCAGATCTA	17	2986617	2986666	+	16	CATCTGCCAGTGCTGTGCAAGGATTTCATCATTGATCCGGTGCAGGTACA
NZ_CP015622.1	3047373	CAAARGTSGTWGGYATCAACAAYCGCGATCTGCGYGATYTGTCGATTGAT	18	2986828	2986877	+	13	CCAAGATCTTCGGTGTTAATCACCGCAATCTCCATGATCTCTCCATTGAT
NZ_CP015622.1	3047373	TAYTTTGGTGARTTYGGCGGCATGTAYGTGCCRCARATCCTGATGCCTGC	20	2987764	2987813	+	15	TACTTTGGTGAATTTGGTGGACAGTTCGTTGCTGAATCACTCCTCCCTGC
NZ_CP015622.1	3047373	CTGAAATGCCGTATYTATATGGGYGCCAAAGACGTTGARCGCCAGTCGCC	22	2988136	2988185	+	12	CTCGAGTGCGTTGTCTACATGGGCGCCAAGGACGTTGCCCGCCAGCAGCC
NZ_CP015622.1	3047373	AAAGATGCCTGTAACGAGGCGCTGCGCGACTGGTCCGGTAGTTACGAAAC	23	2988253	2988302	+	17	AAGGACGCCGTGAATGAGGCGCTGCGCGATTGGACCGCAACCTTCCACGA
NZ_CP015622.1	3047373	TRATGTAYGCSAATCTGGTGTTYAAYAAMGGCATWGATGMGTTYTATGCC	28	2989270	2989319	+	20	TTATCTACGGCAATGTGCCATTCACCCGCGGCTTGGACCGCTTTTACCAA
NZ_CP015622.1	3047373	GATTCSGTGCTGGTYGCMGATGTSCCRGTTGAAGAGTCBGCSCCCTTCCG	29	2989341	2989390	+	17	GATTCCATCCTGATCCCAGATGTTCCTGTCCGCGAAGGTGCGCCGTTTAC
