Sequence_ID	Sequence_Length	motif	motif_type	start	end	strand	mismatches	matched_sequence
AE001437.1	3940880	single_AATTTTCWGAAAATT	singleMotif	92100	92114	+	2	AATTTAAAGAAAATT
AE001437.1	3940880	single_AATTTTCWGAAAATT	singleMotif	99288	99302	+	2	AATATTCATAAAATT
AE001437.1	3940880	single_AATTTTCWGAAAATT	singleMotif	118204	118218	+	2	AATTTTCAGAAGAGT
AE001437.1	3940880	single_AATTTTCWGAAAATT	singleMotif	128626	128640	+	2	AATTTTCAGAATAGT
AE001437.1	3940880	single_AATTTTCWGAAAATT	singleMotif	176571	176585	+	2	AATTTTCAAAAAACT
AE001437.1	3940880	single_AATTTTCWGAAAATT	singleMotif	190132	190146	+	2	AATTCTCATAAAATT
AE001437.1	3940880	single_AATTTTCWGAAAATT	singleMotif	212036	212050	+	1	AATTTTCTGTAAATT
AE001437.1	3940880	single_AATTTTCWGAAAATT	singleMotif	226821	226835	+	2	AATTTTATGAAAAAT
AE001437.1	3940880	single_AATTTTCWGAAAATT	singleMotif	303649	303663	+	2	AAACTTCAGAAAATT
AE001437.1	3940880	single_AATTTTCWGAAAATT	singleMotif	385202	385216	+	2	TATTTTCAGAAAAGT
AE001437.1	3940880	single_AATTTTCWGAAAATT	singleMotif	391721	391735	+	2	TATTTTTTGAAAATT
AE001437.1	3940880	single_AATTTTCWGAAAATT	singleMotif	467541	467555	+	2	AATTTTCTTATAATT
AE001437.1	3940880	single_AATTTTCWGAAAATT	singleMotif	500912	500926	+	2	ATTTTTCAGAAAGTT
AE001437.1	3940880	single_AATTTTCWGAAAATT	singleMotif	524967	524981	+	2	AATTTGCTGAGAATT
AE001437.1	3940880	single_AATTTTCWGAAAATT	singleMotif	562527	562541	+	2	ATATTTCTGAAAATT
AE001437.1	3940880	single_AATTTTCWGAAAATT	singleMotif	629900	629914	+	1	AATTTTTAGAAAATT
AE001437.1	3940880	single_AATTTTCWGAAAATT	singleMotif	691900	691914	+	1	AATTTTCAGAAAAAT
AE001437.1	3940880	single_AATTTTCWGAAAATT	singleMotif	752553	752567	+	2	CATTTTCAGAAAGTT
AE001437.1	3940880	single_AATTTTCWGAAAATT	singleMotif	830388	830402	+	2	AATTTTAAGAAAAGT
AE001437.1	3940880	single_AATTTTCWGAAAATT	singleMotif	840172	840186	+	2	AAATTTCAGAAAGTT
AE001437.1	3940880	single_AATTTTCWGAAAATT	singleMotif	842762	842776	+	2	GATTTTCTGAAAATA
AE001437.1	3940880	single_AATTTTCWGAAAATT	singleMotif	891493	891507	+	2	AATTTTTAGAAAATA
AE001437.1	3940880	single_AATTTTCWGAAAATT	singleMotif	896301	896315	+	2	TATTTTCAGAAAATC
AE001437.1	3940880	single_AATTTTCWGAAAATT	singleMotif	898287	898301	+	2	GATTTTGAGAAAATT
AE001437.1	3940880	single_AATTTTCWGAAAATT	singleMotif	980709	980723	+	2	AATTTACTGAAAAAT
AE001437.1	3940880	single_AATTTTCWGAAAATT	singleMotif	998574	998588	+	2	ACTTTTCTGAAAATG
AE001437.1	3940880	single_AATTTTCWGAAAATT	singleMotif	1085943	1085957	+	2	AATGTGCAGAAAATT
AE001437.1	3940880	single_AATTTTCWGAAAATT	singleMotif	1116479	1116493	+	2	TATTTTCAAAAAATT
AE001437.1	3940880	single_AATTTTCWGAAAATT	singleMotif	1139628	1139642	+	2	AATTTTGAGAAAAAT
AE001437.1	3940880	single_AATTTTCWGAAAATT	singleMotif	1149555	1149569	+	2	ATTCTTCAGAAAATT
AE001437.1	3940880	single_AATTTTCWGAAAATT	singleMotif	1210665	1210679	+	2	AATATTAAGAAAATT
AE001437.1	3940880	single_AATTTTCWGAAAATT	singleMotif	1212939	1212953	+	2	AATTATTAGAAAATT
AE001437.1	3940880	single_AATTTTCWGAAAATT	singleMotif	1251158	1251172	+	2	AATTTTATAAAAATT
AE001437.1	3940880	single_AATTTTCWGAAAATT	singleMotif	1264346	1264360	+	2	AAATTTCTGAAAATA
AE001437.1	3940880	single_AATTTTCWGAAAATT	singleMotif	1308727	1308741	+	2	AATTTTCATAAAGTT
AE001437.1	3940880	single_AATTTTCWGAAAATT	singleMotif	1335943	1335957	+	2	AAGTTGCTGAAAATT
AE001437.1	3940880	single_AATTTTCWGAAAATT	singleMotif	1342048	1342062	+	2	AATTTTCTGGAACTT
AE001437.1	3940880	single_AATTTTCWGAAAATT	singleMotif	1355298	1355312	+	2	AAGGTTCTGAAAATT
AE001437.1	3940880	single_AATTTTCWGAAAATT	singleMotif	1358148	1358162	+	2	AAGTTTCAGAAACTT
AE001437.1	3940880	single_AATTTTCWGAAAATT	singleMotif	1376119	1376133	+	2	ATGTTTCTGAAAATT
AE001437.1	3940880	single_AATTTTCWGAAAATT	singleMotif	1423711	1423725	+	2	AATTCTTAGAAAATT
AE001437.1	3940880	single_AATTTTCWGAAAATT	singleMotif	1423768	1423782	+	2	AATTTTATGAAAATA
AE001437.1	3940880	single_AATTTTCWGAAAATT	singleMotif	1461392	1461406	+	2	AATTTTTAGAATATT
AE001437.1	3940880	single_AATTTTCWGAAAATT	singleMotif	1462028	1462042	+	2	AATTTTAAGAAAACT
AE001437.1	3940880	single_AATTTTCWGAAAATT	singleMotif	1466485	1466499	+	2	AATATTTAGAAAATT
AE001437.1	3940880	single_AATTTTCWGAAAATT	singleMotif	1470194	1470208	+	2	TATTTTCTGAAATTT
AE001437.1	3940880	single_AATTTTCWGAAAATT	singleMotif	1483586	1483600	+	2	AATATTCAGAAAAAT
AE001437.1	3940880	single_AATTTTCWGAAAATT	singleMotif	1528862	1528876	+	2	AATTTTTAAAAAATT
AE001437.1	3940880	single_AATTTTCWGAAAATT	singleMotif	1585619	1585633	+	1	AACTTTCAGAAAATT
AE001437.1	3940880	single_AATTTTCWGAAAATT	singleMotif	1629892	1629906	+	2	AATGTTTTGAAAATT
AE001437.1	3940880	single_AATTTTCWGAAAATT	singleMotif	1678195	1678209	+	2	CAGTTTCTGAAAATT
AE001437.1	3940880	single_AATTTTCWGAAAATT	singleMotif	1689907	1689921	+	2	TAATTTCAGAAAATT
AE001437.1	3940880	single_AATTTTCWGAAAATT	singleMotif	1707221	1707235	+	2	AGTATTCAGAAAATT
AE001437.1	3940880	single_AATTTTCWGAAAATT	singleMotif	1736272	1736286	+	2	AATTTTAACAAAATT
AE001437.1	3940880	single_AATTTTCWGAAAATT	singleMotif	1783641	1783655	+	2	AATTTTCAGATAATA
AE001437.1	3940880	single_AATTTTCWGAAAATT	singleMotif	1807011	1807025	+	2	AATTTTCTAAAAATA
AE001437.1	3940880	single_AATTTTCWGAAAATT	singleMotif	1842617	1842631	+	2	AATTTTAAGGAAATT
AE001437.1	3940880	single_AATTTTCWGAAAATT	singleMotif	1933862	1933876	+	1	AATTTTCAAAAAATT
AE001437.1	3940880	single_AATTTTCWGAAAATT	singleMotif	1933877	1933891	+	2	AATTTTAAAAAAATT
AE001437.1	3940880	single_AATTTTCWGAAAATT	singleMotif	1949043	1949057	+	2	AATTTTCAGAAAAAG
AE001437.1	3940880	single_AATTTTCWGAAAATT	singleMotif	1994469	1994483	+	1	AATTTTATGAAAATT
AE001437.1	3940880	single_AATTTTCWGAAAATT	singleMotif	2096115	2096129	+	2	AAATTTCAAAAAATT
AE001437.1	3940880	single_AATTTTCWGAAAATT	singleMotif	2117104	2117118	+	2	AATTTTCTCAAAATC
AE001437.1	3940880	single_AATTTTCWGAAAATT	singleMotif	2123818	2123832	+	2	AATTTTCTTTAAATT
AE001437.1	3940880	single_AATTTTCWGAAAATT	singleMotif	2132097	2132111	+	2	AAATTTCTGAAACTT
AE001437.1	3940880	single_AATTTTCWGAAAATT	singleMotif	2277140	2277154	+	2	AATTTTTAGAAAATA
AE001437.1	3940880	single_AATTTTCWGAAAATT	singleMotif	2334597	2334611	+	2	AATTTACAGAAATTT
AE001437.1	3940880	single_AATTTTCWGAAAATT	singleMotif	2413748	2413762	+	2	AATTTTCATAAACTT
AE001437.1	3940880	single_AATTTTCWGAAAATT	singleMotif	2435577	2435591	+	2	CTTTTTCTGAAAATT
AE001437.1	3940880	single_AATTTTCWGAAAATT	singleMotif	2548542	2548556	+	2	AATTTTCAATAAATT
AE001437.1	3940880	single_AATTTTCWGAAAATT	singleMotif	2561959	2561973	+	2	ACTTTTTAGAAAATT
AE001437.1	3940880	single_AATTTTCWGAAAATT	singleMotif	2664089	2664103	+	1	AATTTTTAGAAAATT
AE001437.1	3940880	single_AATTTTCWGAAAATT	singleMotif	2664788	2664802	+	2	AATTTTCTTTAAATT
AE001437.1	3940880	single_AATTTTCWGAAAATT	singleMotif	2684958	2684972	+	2	AAATTCCAGAAAATT
AE001437.1	3940880	single_AATTTTCWGAAAATT	singleMotif	2686812	2686826	+	2	AATTTTCAAAATATT
AE001437.1	3940880	single_AATTTTCWGAAAATT	singleMotif	2724499	2724513	+	2	AATTTGCAGAAAAGT
AE001437.1	3940880	single_AATTTTCWGAAAATT	singleMotif	2732056	2732070	+	2	AATATTCATAAAATT
AE001437.1	3940880	single_AATTTTCWGAAAATT	singleMotif	2762382	2762396	+	2	AATTTTCATAAAAAT
AE001437.1	3940880	single_AATTTTCWGAAAATT	singleMotif	2772560	2772574	+	2	AATTTTCAAAATATT
AE001437.1	3940880	single_AATTTTCWGAAAATT	singleMotif	2772572	2772586	+	2	ATTTTTTTGAAAATT
AE001437.1	3940880	single_AATTTTCWGAAAATT	singleMotif	2785190	2785204	+	1	AATTTTCTGAAATTT
AE001437.1	3940880	single_AATTTTCWGAAAATT	singleMotif	2819930	2819944	+	2	AATTTTTTGAACATT
AE001437.1	3940880	single_AATTTTCWGAAAATT	singleMotif	2834511	2834525	+	2	AATTATCTAAAAATT
AE001437.1	3940880	single_AATTTTCWGAAAATT	singleMotif	2835586	2835600	+	2	CATTTTCAGCAAATT
AE001437.1	3940880	single_AATTTTCWGAAAATT	singleMotif	2870818	2870832	+	2	ATTTTTCTGAAAGTT
AE001437.1	3940880	single_AATTTTCWGAAAATT	singleMotif	2924816	2924830	+	2	AATTTTCTGTAAAGT
AE001437.1	3940880	single_AATTTTCWGAAAATT	singleMotif	2935185	2935199	+	2	AATTTTCAAGAAATT
AE001437.1	3940880	single_AATTTTCWGAAAATT	singleMotif	2992728	2992742	+	2	AATTTTTAGAATATT
AE001437.1	3940880	single_AATTTTCWGAAAATT	singleMotif	3043242	3043256	+	2	AAATTTCAAAAAATT
AE001437.1	3940880	single_AATTTTCWGAAAATT	singleMotif	3069688	3069702	+	2	AATTTCCAGATAATT
AE001437.1	3940880	single_AATTTTCWGAAAATT	singleMotif	3136682	3136696	+	2	AATCTTCACAAAATT
AE001437.1	3940880	single_AATTTTCWGAAAATT	singleMotif	3158177	3158191	+	2	AATTTTCATAAAAAT
AE001437.1	3940880	single_AATTTTCWGAAAATT	singleMotif	3183590	3183604	+	2	AATTTTATGAGAATT
AE001437.1	3940880	single_AATTTTCWGAAAATT	singleMotif	3270691	3270705	+	2	ATTTTTCTGAACATT
AE001437.1	3940880	single_AATTTTCWGAAAATT	singleMotif	3286308	3286322	+	2	ATTTTTAAGAAAATT
AE001437.1	3940880	single_AATTTTCWGAAAATT	singleMotif	3286900	3286914	+	2	ATTTTTCTGAACATT
AE001437.1	3940880	single_AATTTTCWGAAAATT	singleMotif	3312066	3312080	+	2	AATTTTTAGAAAAAT
AE001437.1	3940880	single_AATTTTCWGAAAATT	singleMotif	3356779	3356793	+	2	AATTTTAAGATAATT
AE001437.1	3940880	single_AATTTTCWGAAAATT	singleMotif	3369312	3369326	+	2	ATTTTTGAGAAAATT
AE001437.1	3940880	single_AATTTTCWGAAAATT	singleMotif	3509207	3509221	+	2	AATTTTATGAAAGTT
AE001437.1	3940880	single_AATTTTCWGAAAATT	singleMotif	3519506	3519520	+	2	AATTTTCAGCAAATA
AE001437.1	3940880	single_AATTTTCWGAAAATT	singleMotif	3614993	3615007	+	2	ATTTTTCAGCAAATT
AE001437.1	3940880	single_AATTTTCWGAAAATT	singleMotif	3622336	3622350	+	2	ATTTTTCAGAAAATA
AE001437.1	3940880	single_AATTTTCWGAAAATT	singleMotif	3655024	3655038	+	2	AATTTTAAGAAAAGT
AE001437.1	3940880	single_AATTTTCWGAAAATT	singleMotif	3696794	3696808	+	2	ACTTTTCAGCAAATT
AE001437.1	3940880	single_AATTTTCWGAAAATT	singleMotif	3707173	3707187	+	2	AATTTACTGAAAGTT
AE001437.1	3940880	single_AATTTTCWGAAAATT	singleMotif	3711943	3711957	+	2	TATTTTCAGAAAATG
AE001437.1	3940880	single_AATTTTCWGAAAATT	singleMotif	3726534	3726548	+	2	AATTTTCTCAATATT
AE001437.1	3940880	single_AATTTTCWGAAAATT	singleMotif	3764346	3764360	+	2	AATTTTCAAAAAATA
AE001437.1	3940880	single_AATTTTCWGAAAATT	singleMotif	3908968	3908982	+	2	ATTTTGCTGAAAATT
