Sequence ID	Sequence Length	motif	start	end	strand	mismatches	prediction sequence
AL009126.3|cds-CAB11903.1|gene-BSU_01270|rplX|140857|141168|+|ribosomal	400	AATTTTCWGAAAATT	320	334	+	2	AACTTTATGAAAATT
AL009126.3|cds-CAB11903.1|gene-BSU_01270|rplX|140857|141168|+|ribosomal	400	AATTTTCWGAAAATT	320	334	-	2	AATTTTCATAAAGTT
AL009126.3|cds-CAB11926.1|gene-BSU_01500|rpsI|154300|154692|+|ribosomal	400	AATTTTCWGAAAATT	294	308	+	2	AATGTTCAAAAAATT
AL009126.3|cds-CAB11926.1|gene-BSU_01500|rpsI|154300|154692|+|ribosomal	400	AATTTTCWGAAAATT	294	308	-	2	AATTTTTTGAACATT
AL009126.3|cds-CAB12030.1|gene-BSU_02360|gamA|256823|257572|-|glucosamine-6-phosphate	400	AATTTTCWGAAAATT	282	296	+	2	AATTTTCAGAAATTA
AL009126.3|cds-CAB12030.1|gene-BSU_02360|gamA|256823|257572|-|glucosamine-6-phosphate	400	AATTTTCWGAAAATT	282	296	-	2	TAATTTCTGAAAATT
AL009126.3|cds-CAB12031.1|gene-BSU_02370|gamR|257791|258498|+|transcriptional	400	AATTTTCWGAAAATT	284	298	+	2	TAATTTCTGAAAATT
AL009126.3|cds-CAB12031.1|gene-BSU_02370|gamR|257791|258498|+|transcriptional	400	AATTTTCWGAAAATT	284	298	-	2	AATTTTCAGAAATTA
AL009126.3|cds-CAB12033.1|gene-BSU_02390|ilvE|259016|260086|+|isoleucine-valine	400	AATTTTCWGAAAATT	281	295	+	2	AATATTCTGAAATTT
AL009126.3|cds-CAB12033.1|gene-BSU_02390|ilvE|259016|260086|+|isoleucine-valine	400	AATTTTCWGAAAATT	281	295	-	2	AAATTTCAGAATATT
AL009126.3|cds-CAB12124.1|gene-BSU_03300|nasD|355764|358181|-|assimilatory	400	AATTTTCWGAAAATT	279	293	+	2	ATTTTTCATAAAATT
AL009126.3|cds-CAB12124.1|gene-BSU_03300|nasD|355764|358181|-|assimilatory	400	AATTTTCWGAAAATT	279	293	-	2	AATTTTATGAAAAAT
AL009126.3|cds-CAB12441.1|gene-BSU_06220|ydjJ|674832|675857|-|putative	400	AATTTTCWGAAAATT	142	156	+	1	AAATTTCTGAAAATT
AL009126.3|cds-CAB12441.1|gene-BSU_06220|ydjJ|674832|675857|-|putative	400	AATTTTCWGAAAATT	142	156	-	1	AATTTTCAGAAATTT
AL009126.3|cds-CAB12442.1|gene-BSU_06230|iolT|676442|677863|+|myo-inositol	400	AATTTTCWGAAAATT	58	72	+	1	AATTTTCAGAAATTT
AL009126.3|cds-CAB12442.1|gene-BSU_06230|iolT|676442|677863|+|myo-inositol	400	AATTTTCWGAAAATT	58	72	-	1	AAATTTCTGAAAATT
AL009126.3|cds-CAB12486.1|gene-BSU_06660|opuE|726840|728318|-|proline	400	AATTTTCWGAAAATT	144	158	+	2	ATTTTTCTGAATATT
AL009126.3|cds-CAB12486.1|gene-BSU_06660|opuE|726840|728318|-|proline	400	AATTTTCWGAAAATT	144	158	-	2	AATATTCAGAAAAAT
AL009126.3|cds-CAB12487.1|gene-BSU_06670|gatC|728732|729022|+|glutamyl-tRNA(Gln)	400	AATTTTCWGAAAATT	227	241	+	2	AATATTCAGAAAAAT
AL009126.3|cds-CAB12487.1|gene-BSU_06670|gatC|728732|729022|+|glutamyl-tRNA(Gln)	400	AATTTTCWGAAAATT	227	241	-	2	ATTTTTCTGAATATT
AL009126.3|cds-CAB12582.1|gene-BSU_07530|yfmB|826843|827211|-|conserved	400	AATTTTCWGAAAATT	305	319	+	2	TATTTTCAGAAAAAT
AL009126.3|cds-CAB12582.1|gene-BSU_07530|yfmB|826843|827211|-|conserved	400	AATTTTCWGAAAATT	305	319	-	2	ATTTTTCTGAAAATA
AL009126.3|cds-CAB12584.1|gene-BSU_07550|yflT|827455|827802|+|heat	400	AATTTTCWGAAAATT	236	250	+	2	ATTTTTCTGAAAATA
AL009126.3|cds-CAB12584.1|gene-BSU_07550|yflT|827455|827802|+|heat	400	AATTTTCWGAAAATT	236	250	-	2	TATTTTCAGAAAAAT
AL009126.3|cds-CAB12663.1|gene-BSU_08340|padR|909198|909746|-|transcriptional	400	AATTTTCWGAAAATT	197	211	+	2	TTTTTTCTGAAAATT
AL009126.3|cds-CAB12663.1|gene-BSU_08340|padR|909198|909746|-|transcriptional	400	AATTTTCWGAAAATT	197	211	-	2	AATTTTCAGAAAAAA
AL009126.3|cds-CAB12664.1|gene-BSU_08350|estB|910019|910651|+|secreted	400	AATTTTCWGAAAATT	315	329	+	2	AATTTTCAGAAAAAA
AL009126.3|cds-CAB12664.1|gene-BSU_08350|estB|910019|910651|+|secreted	400	AATTTTCWGAAAATT	315	329	-	2	TTTTTTCTGAAAATT
AL009126.3|cds-CAB12685.1|gene-BSU_08570|yfhK|928803|929321|+|putative	400	AATTTTCWGAAAATT	286	300	+	2	CATTTTCTTAAAATT
AL009126.3|cds-CAB12685.1|gene-BSU_08570|yfhK|928803|929321|+|putative	400	AATTTTCWGAAAATT	286	300	-	2	AATTTTAAGAAAATG
AL009126.3|cds-CAB12780.2|gene-BSU_09410|phoA|1017083|1018468|-|alkaline	400	AATTTTCWGAAAATT	244	258	+	2	ATTTTTCTGAAAAAT
AL009126.3|cds-CAB12780.2|gene-BSU_09410|phoA|1017083|1018468|-|alkaline	400	AATTTTCWGAAAATT	244	258	-	2	ATTTTTCAGAAAAAT
AL009126.3|cds-CAB12781.2|gene-BSU_09420|lytE|1018998|1020002|+|cell	400	AATTTTCWGAAAATT	11	25	+	2	ATTTTTCAGAAAAAT
AL009126.3|cds-CAB12781.2|gene-BSU_09420|lytE|1018998|1020002|+|cell	400	AATTTTCWGAAAATT	11	25	-	2	ATTTTTCTGAAAAAT
AL009126.3|cds-CAB13175.2|gene-BSU_13180|metE|1383320|1385608|-|cobalamin-independent	400	AATTTTCWGAAAATT	91	105	+	2	ACTTTTCAAAAAATT
AL009126.3|cds-CAB13175.2|gene-BSU_13180|metE|1383320|1385608|-|cobalamin-independent	400	AATTTTCWGAAAATT	91	105	-	2	AATTTTTTGAAAAGT
AL009126.3|cds-CAX52609.1|gene-BSU_13509|ykzP|1417561|1417716|+|conserved	400	AATTTTCWGAAAATT	368	382	+	2	AAATGTCTGAAAATT
AL009126.3|cds-CAX52609.1|gene-BSU_13509|ykzP|1417561|1417716|+|conserved	400	AATTTTCWGAAAATT	368	382	-	2	AATTTTCAGACATTT
AL009126.3|cds-CAB13224.1|gene-BSU_13510|ykzE|1417719|1417895|+|conserved	400	AATTTTCWGAAAATT	210	224	+	2	AAATGTCTGAAAATT
AL009126.3|cds-CAB13224.1|gene-BSU_13510|ykzE|1417719|1417895|+|conserved	400	AATTTTCWGAAAATT	210	224	-	2	AATTTTCAGACATTT
AL009126.3|cds-CAB13225.1|gene-BSU_13520|ykrP|1417938|1418960|-|putative	400	AATTTTCWGAAAATT	223	237	+	1	AAATTTCAGAAAATT
AL009126.3|cds-CAB13225.1|gene-BSU_13520|ykrP|1417938|1418960|-|putative	400	AATTTTCWGAAAATT	223	237	-	1	AATTTTCTGAAATTT
AL009126.3|cds-CAB13226.1|gene-BSU_13530|kinE|1419213|1421429|+|two-component	400	AATTTTCWGAAAATT	309	323	+	1	AATTTTCTGAAATTT
AL009126.3|cds-CAB13226.1|gene-BSU_13530|kinE|1419213|1421429|+|two-component	400	AATTTTCWGAAAATT	309	323	-	1	AAATTTCAGAAAATT
AL009126.3|cds-CAB13267.2|gene-BSU_13940|ykwB|1462813|1463493|-|putative	400	AATTTTCWGAAAATT	349	363	+	2	TATTTACTGAAAATT
AL009126.3|cds-CAB13267.2|gene-BSU_13940|ykwB|1462813|1463493|-|putative	400	AATTTTCWGAAAATT	349	363	-	2	AATTTTCAGTAAATA
AL009126.3|cds-CAB13268.2|gene-BSU_13950|mcpC|1463628|1465595|+|methyl-accepting	400	AATTTTCWGAAAATT	301	315	+	2	AATTTTCAGTAAATA
AL009126.3|cds-CAB13268.2|gene-BSU_13950|mcpC|1463628|1465595|+|methyl-accepting	400	AATTTTCWGAAAATT	301	315	-	2	TATTTACTGAAAATT
AL009126.3|cds-CAB13297.1|gene-BSU_14240|rok|1493787|1494362|+|repressor	400	AATTTTCWGAAAATT	265	279	+	2	CATTTTCAGAAAATA
AL009126.3|cds-CAB13297.1|gene-BSU_14240|rok|1493787|1494362|+|repressor	400	AATTTTCWGAAAATT	265	279	-	2	TATTTTCTGAAAATG
AL009126.3|cds-CAB13408.2|gene-BSU_15340|ylmA|1606560|1607354|+|putative	400	AATTTTCWGAAAATT	347	361	+	2	AGTTTTATGAAAATT
AL009126.3|cds-CAB13408.2|gene-BSU_15340|ylmA|1606560|1607354|+|putative	400	AATTTTCWGAAAATT	347	361	-	2	AATTTTCATAAAACT
AL009126.3|cds-CAB13548.1|gene-BSU_16750|asd|1745991|1747031|+|aspartate-semialdehyde	400	AATTTTCWGAAAATT	273	287	+	2	AATTTACAGAAAATC
AL009126.3|cds-CAB13548.1|gene-BSU_16750|asd|1745991|1747031|+|aspartate-semialdehyde	400	AATTTTCWGAAAATT	273	287	-	2	GATTTTCTGTAAATT
AL009126.3|cds-CAB13629.1|gene-BSU_17450|glnR|1877959|1878366|+|transcriptional	400	AATTTTCWGAAAATT	289	303	+	2	AATTTTTTAAAAATT
AL009126.3|cds-CAB13629.1|gene-BSU_17450|glnR|1877959|1878366|+|transcriptional	400	AATTTTCWGAAAATT	289	303	-	2	AATTTTTAAAAAATT
AL009126.3|cds-CAB13682.1|gene-BSU_17980|sspP|1926128|1926274|-|small	400	AATTTTCWGAAAATT	52	66	+	2	AATTTTCTCACAATT
AL009126.3|cds-CAB13682.1|gene-BSU_17980|sspP|1926128|1926274|-|small	400	AATTTTCWGAAAATT	52	66	-	2	AATTGTGAGAAAATT
AL009126.3|cds-CAB13683.1|gene-BSU_17990|sspO|1926306|1926452|-|small	400	AATTTTCWGAAAATT	230	244	+	2	AATTTTCTCACAATT
AL009126.3|cds-CAB13683.1|gene-BSU_17990|sspO|1926306|1926452|-|small	400	AATTTTCWGAAAATT	230	244	-	2	AATTGTGAGAAAATT
AL009126.3|cds-CAB13684.1|gene-BSU_18000|citB|1926680|1929409|+|aconitate	400	AATTTTCWGAAAATT	327	341	+	2	AATTGTGAGAAAATT
AL009126.3|cds-CAB13684.1|gene-BSU_18000|citB|1926680|1929409|+|aconitate	400	AATTTTCWGAAAATT	327	341	-	2	AATTTTCTCACAATT
AL009126.3|cds-CAB13826.1|gene-BSU_19340|yocR|2104934|2106271|-|putative	400	AATTTTCWGAAAATT	259	273	+	2	AATTTTCTGAATAAT
AL009126.3|cds-CAB13826.1|gene-BSU_19340|yocR|2104934|2106271|-|putative	400	AATTTTCWGAAAATT	259	273	-	2	ATTATTCAGAAAATT
AL009126.3|cds-CAB13827.1|gene-BSU_19350|yocS|2106490|2107455|+|putative	400	AATTTTCWGAAAATT	307	321	+	2	ATTATTCAGAAAATT
AL009126.3|cds-CAB13827.1|gene-BSU_19350|yocS|2106490|2107455|+|putative	400	AATTTTCWGAAAATT	307	321	-	2	AATTTTCTGAATAAT
AL009126.3|cds-CAX52648.1|gene-BSU_21229|youA|2241154|2241765|+|conserved	400	AATTTTCWGAAAATT	77	91	+	2	AATTCTCTGAGAATT
AL009126.3|cds-CAX52648.1|gene-BSU_21229|youA|2241154|2241765|+|conserved	400	AATTTTCWGAAAATT	77	91	-	2	AATTCTCAGAGAATT
AL009126.3|cds-CAB14683.1|gene-BSU_27420|yrrI|2801141|2802202|-|putative	400	AATTTTCWGAAAATT	290	304	+	1	ACTTTTCTGAAAATT
AL009126.3|cds-CAB14683.1|gene-BSU_27420|yrrI|2801141|2802202|-|putative	400	AATTTTCWGAAAATT	290	304	-	1	AATTTTCAGAAAAGT
AL009126.3|cds-CAB14684.1|gene-BSU_27430|glnQ|2802358|2803086|+|glutamine	400	AATTTTCWGAAAATT	339	353	+	1	AATTTTCAGAAAAGT
AL009126.3|cds-CAB14684.1|gene-BSU_27430|glnQ|2802358|2803086|+|glutamine	400	AATTTTCWGAAAATT	339	353	-	1	ACTTTTCTGAAAATT
AL009126.3|cds-CAB15031.1|gene-BSU_30530|ytnA|3124250|3125641|-|putative	400	AATTTTCWGAAAATT	350	364	+	2	AATATTCAGAAAAAT
AL009126.3|cds-CAB15031.1|gene-BSU_30530|ytnA|3124250|3125641|-|putative	400	AATTTTCWGAAAATT	350	364	-	2	ATTTTTCTGAATATT
AL009126.3|cds-CAB15042.1|gene-BSU_30640|ytkC|3135668|3136072|-|putative	400	AATTTTCWGAAAATT	318	332	+	2	ATTTTTCTGAAAAAT
AL009126.3|cds-CAB15042.1|gene-BSU_30640|ytkC|3135668|3136072|-|putative	400	AATTTTCWGAAAATT	318	332	-	2	ATTTTTCAGAAAAAT
AL009126.3|cds-CAB15143.2|gene-BSU_31540|nupN|3239930|3241009|+|lipoprotein	400	AATTTTCWGAAAATT	65	79	+	2	AATTTTTAAAAAATT
AL009126.3|cds-CAB15143.2|gene-BSU_31540|nupN|3239930|3241009|+|lipoprotein	400	AATTTTCWGAAAATT	297	311	+	2	TATTATCAGAAAATT
AL009126.3|cds-CAB15143.2|gene-BSU_31540|nupN|3239930|3241009|+|lipoprotein	400	AATTTTCWGAAAATT	297	311	-	2	AATTTTCTGATAATA
AL009126.3|cds-CAB15143.2|gene-BSU_31540|nupN|3239930|3241009|+|lipoprotein	400	AATTTTCWGAAAATT	65	79	-	2	AATTTTTTAAAAATT
AL009126.3|cds-CAB15179.2|gene-BSU_31910|yukE|3276141|3276434|-|small	400	AATTTTCWGAAAATT	130	144	+	2	AATTTTCTGAAAGGT
AL009126.3|cds-CAB15179.2|gene-BSU_31910|yukE|3276141|3276434|-|small	400	AATTTTCWGAAAATT	130	144	-	2	ACCTTTCAGAAAATT
AL009126.3|cds-CAB15180.2|gene-BSU_31920|adeR|3276955|3278223|+|transcriptional	400	AATTTTCWGAAAATT	134	148	+	2	ACCTTTCAGAAAATT
AL009126.3|cds-CAB15180.2|gene-BSU_31920|adeR|3276955|3278223|+|transcriptional	400	AATTTTCWGAAAATT	134	148	-	2	AATTTTCTGAAAGGT
AL009126.3|cds-CAB15198.1|gene-BSU_32080|yuiB|3299344|3299664|-|conserved	400	AATTTTCWGAAAATT	167	181	+	2	TATTATCAGAAAATT
AL009126.3|cds-CAB15198.1|gene-BSU_32080|yuiB|3299344|3299664|-|conserved	400	AATTTTCWGAAAATT	167	181	-	2	AATTTTCTGATAATA
AL009126.3|cds-CAB15199.1|gene-BSU_32090|yuiA|3299718|3299861|-|conserved	400	AATTTTCWGAAAATT	364	378	+	2	TATTATCAGAAAATT
AL009126.3|cds-CAB15199.1|gene-BSU_32090|yuiA|3299718|3299861|-|conserved	400	AATTTTCWGAAAATT	364	378	-	2	AATTTTCTGATAATA
AL009126.3|cds-CAB15251.1|gene-BSU_32610|frlB|3351110|3352096|-|fructosamine-6-P	400	AATTTTCWGAAAATT	300	314	+	2	AAATTTCAGAAAATA
AL009126.3|cds-CAB15251.1|gene-BSU_32610|frlB|3351110|3352096|-|fructosamine-6-P	400	AATTTTCWGAAAATT	300	314	-	2	TATTTTCTGAAATTT
AL009126.3|cds-CAB15378.1|gene-BSU_33730|opuBA|3462105|3463250|-|choline	400	AATTTTCWGAAAATT	335	349	+	2	AATTGTCTGAAAAAT
AL009126.3|cds-CAB15378.1|gene-BSU_33730|opuBA|3462105|3463250|-|choline	400	AATTTTCWGAAAATT	335	349	-	2	ATTTTTCAGACAATT
AL009126.3|cds-CAB15379.2|gene-BSU_33740|yvaV|3463534|3464067|+|putative	400	AATTTTCWGAAAATT	166	180	+	2	ATTTTTCAGACAATT
AL009126.3|cds-CAB15379.2|gene-BSU_33740|yvaV|3463534|3464067|+|putative	400	AATTTTCWGAAAATT	166	180	-	2	AATTGTCTGAAAAAT
AL009126.3|cds-CAB15388.1|gene-BSU_33830|opuCA|3469860|3471002|-|glycine	400	AATTTTCWGAAAATT	358	372	+	1	ACTTTTCAGAAAATT
AL009126.3|cds-CAB15388.1|gene-BSU_33830|opuCA|3469860|3471002|-|glycine	400	AATTTTCWGAAAATT	358	372	-	1	AATTTTCTGAAAAGT
AL009126.3|cds-CAB15389.1|gene-BSU_33840|opcR|3471266|3471823|+|negative	400	AATTTTCWGAAAATT	163	177	+	1	AATTTTCTGAAAAGT
AL009126.3|cds-CAB15389.1|gene-BSU_33840|opcR|3471266|3471823|+|negative	400	AATTTTCWGAAAATT	163	177	-	1	ACTTTTCAGAAAATT
AL009126.3|cds-CAB15643.1|gene-BSU_36260|tkmA|3732525|3733271|-|modulator	400	AATTTTCWGAAAATT	50	64	+	2	GAATTTCTGAAAATT
AL009126.3|cds-CAB15643.1|gene-BSU_36260|tkmA|3732525|3733271|-|modulator	400	AATTTTCWGAAAATT	50	64	-	2	AATTTTCAGAAATTC
AL009126.3|cds-CAB15644.2|gene-BSU_36270|ywqB|3733852|3735462|+|putative	400	AATTTTCWGAAAATT	154	168	+	2	AATTTTCAGAAATTC
AL009126.3|cds-CAB15644.2|gene-BSU_36270|ywqB|3733852|3735462|+|putative	400	AATTTTCWGAAAATT	154	168	-	2	GAATTTCTGAAAATT
AL009126.3|cds-CAB15672.1|gene-BSU_36550|spoIIQ|3759702|3760553|-|forespore	400	AATTTTCWGAAAATT	356	370	+	2	TATTTTCAGAAAAGT
AL009126.3|cds-CAB15672.1|gene-BSU_36550|spoIIQ|3759702|3760553|-|forespore	400	AATTTTCWGAAAATT	356	370	-	2	ACTTTTCTGAAAATA
AL009126.3|cds-CAB15673.1|gene-BSU_36560|ywnH|3760694|3761185|+|putative	400	AATTTTCWGAAAATT	288	302	+	2	ACTTTTCTGAAAATA
AL009126.3|cds-CAB15673.1|gene-BSU_36560|ywnH|3760694|3761185|+|putative	400	AATTTTCWGAAAATT	288	302	-	2	TATTTTCAGAAAAGT
AL009126.3|cds-CAB15801.1|gene-BSU_37740|bacA|3873566|3874180|-|prephenate	400	AATTTTCWGAAAATT	364	378	+	2	AATTTACTTAAAATT
AL009126.3|cds-CAB15801.1|gene-BSU_37740|bacA|3873566|3874180|-|prephenate	400	AATTTTCWGAAAATT	364	378	-	2	AATTTTAAGTAAATT
AL009126.3|cds-CAB15961.1|gene-BSU_39250|yxiE|4031797|4032243|-|phosphate	400	AATTTTCWGAAAATT	299	313	+	2	AATTTTTTGAAAACT
AL009126.3|cds-CAB15961.1|gene-BSU_39250|yxiE|4031797|4032243|-|phosphate	400	AATTTTCWGAAAATT	299	313	-	2	AGTTTTCAAAAAATT
AL009126.3|cds-CAB16004.1|gene-BSU_39680|iolI|4073974|4074810|-|inosose	400	AATTTTCWGAAAATT	179	193	+	2	GATTTTCAGAAAACT
AL009126.3|cds-CAB16004.1|gene-BSU_39680|iolI|4073974|4074810|-|inosose	400	AATTTTCWGAAAATT	179	193	-	2	AGTTTTCTGAAAATC
