Sequence_ID	Sequence_Length	motif	start	end	strand	mismatches	matched_sequence	motif_type
strain-Acetomicrobium_flavidum|NZ_FSQZ01000001	274	A---LSYSE	194	202	+	0	AVRALSYSE	1
strain-Acetomicrobium_flavidum|NZ_FSQZ01000001	274	S--AD--G-TRSVIVN--RK--SA	223	246	+	0	SRVADRIGVTRSVIVNALRKLESA	2
strain-Acetomicrobium_flavidum|NZ_FSQZ01000001	274	LGMKGT	254	259	+	0	LGMKGT	3
strain-Acetomicrobium_hydrogeniformans	276	A---LSYSE	196	204	+	0	AVRALSYSE	1
strain-Acetomicrobium_hydrogeniformans	276	S--AD--G-TRSVIVN--RK--SA	225	248	+	0	SRVADRIGVTRSVIVNALRKLESA	2
strain-Acetomicrobium_hydrogeniformans	276	LGMKGT	256	261	+	0	LGMKGT	3
strain-Acetomicrobium_hydrogeniformans|2	276	A---LSYSE	196	204	+	0	AVRALSYSE	1
strain-Acetomicrobium_hydrogeniformans|2	276	S--AD--G-TRSVIVN--RK--SA	225	248	+	0	SRVADRIGVTRSVIVNALRKLESA	2
strain-Acetomicrobium_hydrogeniformans|2	276	LGMKGT	256	261	+	0	LGMKGT	3
strain-Acetomicrobium_mobile|NC_018024	274	A---LSYSE	194	202	+	0	AVRALSYSE	1
strain-Acetomicrobium_mobile|NC_018024	274	S--AD--G-TRSVIVN--RK--SA	223	246	+	0	SRVADRIGVTRSVIVNALRKLESA	2
strain-Acetomicrobium_mobile|NC_018024	274	LGMKGT	254	259	+	0	LGMKGT	3
strain-Acetomicrobium_thermoterrenum	276	A---LSYSE	196	204	+	0	AVRALSYSE	1
strain-Acetomicrobium_thermoterrenum	276	S--AD--G-TRSVIVN--RK--SA	225	248	+	0	SRVADRIGVTRSVIVNALRKLESA	2
strain-Acetomicrobium_thermoterrenum	276	LGMKGT	256	261	+	0	LGMKGT	3
strain-Aminiphilus_circumscriptus|NZ_JAFY01000007	278	A---LSYSE	195	203	+	0	AMRALSYSE	1
strain-Aminiphilus_circumscriptus|NZ_JAFY01000007	278	S--AD--G-TRSVIVN--RK--SA	224	247	+	0	SRVADRVGVTRSVIVNALRKLESA	2
strain-Aminiphilus_circumscriptus|NZ_JAFY01000007	278	LGMKGT	255	260	+	0	LGMKGT	3
strain-Aminivibrio_pyruvatiphilus|NZ_SORI01000001	264	A---LSYSE	180	188	+	0	AMRALSYSE	1
strain-Aminivibrio_pyruvatiphilus|NZ_SORI01000001	264	S--AD--G-TRSVIVN--RK--SA	209	232	+	0	SKVADRVGVTRSVIVNALRKLESA	2
strain-Aminivibrio_pyruvatiphilus|NZ_SORI01000001	264	LGMKGT	240	245	+	0	LGMKGT	3
strain-Aminobacterium_colombiense|NC_014011	281	A---LSYSE	195	203	+	0	AMRALSYSE	1
strain-Aminobacterium_colombiense|NC_014011	281	S--AD--G-TRSVIVN--RK--SA	224	247	+	0	SKVADRVGVTRSVIVNALRKLESA	2
strain-Aminobacterium_colombiense|NC_014011	281	LGMKGT	255	260	+	0	LGMKGT	3
strain-Aminobacterium_mobile|NZ_JAFZ01000001	260	A---LSYSE	175	183	+	0	AMRALSYSE	1
strain-Aminobacterium_mobile|NZ_JAFZ01000001	260	S--AD--G-TRSVIVN--RK--SA	204	227	+	0	SKVADRVGVTRSVIVNALRKLESA	2
strain-Aminobacterium_mobile|NZ_JAFZ01000001	260	LGMKGT	235	240	+	0	LGMKGT	3
strain-Aminomonas_paucivorans|NZ_CM001022	276	A---LSYSE	194	202	+	0	AMRALSYSE	1
strain-Aminomonas_paucivorans|NZ_CM001022	276	S--AD--G-TRSVIVN--RK--SA	223	246	+	0	SRVADRVGVTRSVIVNALRKLGSA	2
strain-Aminomonas_paucivorans|NZ_CM001022	276	LGMKGT	254	259	+	0	LGMKGT	3
strain-Cloacibacillus_evryensis|NZ_CABKQM010000008	277	A---LSYSE	194	202	+	0	AMRALSYSE	1
strain-Cloacibacillus_evryensis|NZ_CABKQM010000008	277	S--AD--G-TRSVIVN--RK--SA	223	246	+	0	SKVADRVGVTRSVIVNALRKLGSA	2
strain-Cloacibacillus_evryensis|NZ_CABKQM010000008	277	LGMKGT	254	259	+	0	LGMKGT	3
strain-Cloacibacillus_evryensis|NZ_KK073872	277	A---LSYSE	194	202	+	0	AMRALSYSE	1
strain-Cloacibacillus_evryensis|NZ_KK073872	277	S--AD--G-TRSVIVN--RK--SA	223	246	+	0	SKVADRVGVTRSVIVNALRKLGSA	2
strain-Cloacibacillus_evryensis|NZ_KK073872	277	LGMKGT	254	259	+	0	LGMKGT	3
strain-Cloacibacillus_porcorum|NZ_CP016757	263	A---LSYSE	180	188	+	0	AMRALSYSE	1
strain-Cloacibacillus_porcorum|NZ_CP016757	263	S--AD--G-TRSVIVN--RK--SA	209	232	+	0	SKVADRVGVTRSVIVNALRKLGSA	2
strain-Cloacibacillus_porcorum|NZ_CP016757	263	LGMKGT	240	245	+	0	LGMKGT	3
strain-Cloacibacillus_porcorum|NZ_JABAGT010000007	277	A---LSYSE	194	202	+	0	AMRALSYSE	1
strain-Cloacibacillus_porcorum|NZ_JABAGT010000007	277	S--AD--G-TRSVIVN--RK--SA	223	246	+	0	SKVADRVGVTRSVIVNALRKLGSA	2
strain-Cloacibacillus_porcorum|NZ_JABAGT010000007	277	LGMKGT	254	259	+	0	LGMKGT	3
strain-Cloacibacillus_sp._An23|NZ_NFJQ01000002	278	A---LSYSE	194	202	+	0	AMRALSYSE	1
strain-Cloacibacillus_sp._An23|NZ_NFJQ01000002	278	S--AD--G-TRSVIVN--RK--SA	223	246	+	0	SKVADRVGVTRSVIVNALRKLGSA	2
strain-Cloacibacillus_sp._An23|NZ_NFJQ01000002	278	LGMKGT	254	259	+	0	LGMKGT	3
strain-Dethiosulfovibrio_peptidovorans	259	A---LSYSE	175	183	+	0	AMRALSYSE	1
strain-Dethiosulfovibrio_peptidovorans	259	S--AD--G-TRSVIVN--RK--SA	204	227	+	0	SKVADRVGVTRSVIVNALRKLESA	2
strain-Dethiosulfovibrio_peptidovorans	259	LGMKGT	235	240	+	0	LGMKGT	3
strain-Dethiosulfovibrio_salsuginis	263	A---LSYSE	175	183	+	0	AMRALSYSE	1
strain-Dethiosulfovibrio_salsuginis	263	S--AD--G-TRSVIVN--RK--SA	204	227	+	0	SKVADRVGVTRSVIVNALRKLESA	2
strain-Dethiosulfovibrio_salsuginis	263	LGMKGT	235	240	+	0	LGMKGT	3
strain-Fretibacterium_sp._OH1220_COT-178	277	A---LSYSE	189	197	+	0	AMRALSYSE	1
strain-Fretibacterium_sp._OH1220_COT-178	277	S--AD--G-TRSVIVN--RK--SA	218	241	+	0	SKVADRVGVTRSVIVNALRKLESA	2
strain-Fretibacterium_sp._OH1220_COT-178	277	LGMKGT	249	254	+	0	LGMKGT	3
strain-Jonquetella_anthropi|NZ_CM001376	275	A---LSYSE	190	198	+	0	AMRALSYSE	1
strain-Jonquetella_anthropi|NZ_CM001376	275	S--AD--G-TRSVIVN--RK--SA	219	242	+	0	SRVADRVGVTRSVIVNAFRKLESA	2
strain-Jonquetella_anthropi|NZ_CM001376	275	LGMKGT	250	255	+	0	LGMKGT	3
strain-Jonquetella_anthropi|NZ_GG697147	275	A---LSYSE	190	198	+	0	AMRALSYSE	1
strain-Jonquetella_anthropi|NZ_GG697147	275	S--AD--G-TRSVIVN--RK--SA	219	242	+	0	SRVADRVGVTRSVIVNAFRKLESA	2
strain-Jonquetella_anthropi|NZ_GG697147	275	LGMKGT	250	255	+	0	LGMKGT	3
strain-Jonquetella_sp._BV3C21|NZ_AWWC01000024	275	A---LSYSE	190	198	+	0	AMRALSYSE	1
strain-Jonquetella_sp._BV3C21|NZ_AWWC01000024	275	S--AD--G-TRSVIVN--RK--SA	219	242	+	0	SRVADRVGVTRSVIVNAFRKLESA	2
strain-Jonquetella_sp._BV3C21|NZ_AWWC01000024	275	LGMKGT	250	255	+	0	LGMKGT	3
strain-Pyramidobacter_piscolens|NZ_ADFP01000047	274	A---LSYSE	173	181	+	0	AMKALSYSE	1
strain-Pyramidobacter_piscolens|NZ_ADFP01000047	274	S--AD--G-TRSVIVN--RK--SA	217	240	+	0	SKIADHVGVTRSVIVNALRKLESA	2
strain-Pyramidobacter_piscolens|NZ_ADFP01000047	274	LGMKGT	248	253	+	0	LGMKGT	3
strain-Pyramidobacter_porci|NZ_VUNH01000001	296	A---LSYSE	195	203	+	0	AMKALSYSE	1
strain-Pyramidobacter_porci|NZ_VUNH01000001	296	S--AD--G-TRSVIVN--RK--SA	239	262	+	0	SKIADHVGVTRSVIVNALRKLESA	2
strain-Pyramidobacter_porci|NZ_VUNH01000001	296	LGMKGT	270	275	+	0	LGMKGT	3
strain-Pyramidobacter_sp._C12-8|NZ_MUHX01000026	296	A---LSYSE	195	203	+	0	AMKALSYSE	1
strain-Pyramidobacter_sp._C12-8|NZ_MUHX01000026	296	S--AD--G-TRSVIVN--RK--SA	239	262	+	0	SKIADHVGVTRSVIVNALRKLESA	2
strain-Pyramidobacter_sp._C12-8|NZ_MUHX01000026	296	LGMKGT	270	275	+	0	LGMKGT	3
strain-Pyramidobacter_sp._CG50-2|NZ_RAWT01000042	296	A---LSYSE	195	203	+	0	AMKALSYSE	1
strain-Pyramidobacter_sp._CG50-2|NZ_RAWT01000042	296	S--AD--G-TRSVIVN--RK--SA	239	262	+	0	SKIADHVGVTRSVIVNALRKLESA	2
strain-Pyramidobacter_sp._CG50-2|NZ_RAWT01000042	296	LGMKGT	270	275	+	0	LGMKGT	3
strain-Synergistes_jonesii|NZ_JMKI01000026	277	A---LSYSE	194	202	+	0	AMRALSYSE	1
strain-Synergistes_jonesii|NZ_JMKI01000026	277	S--AD--G-TRSVIVN--RK--SA	223	246	+	0	SKVADRVGVTRSVIVNALRKLGSA	2
strain-Synergistes_jonesii|NZ_JMKI01000026	277	LGMKGT	254	259	+	0	LGMKGT	3
strain-Synergistes_jonesii|NZ_JPZQ01000030	277	A---LSYSE	194	202	+	0	AMRALSYSE	1
strain-Synergistes_jonesii|NZ_JPZQ01000030	277	S--AD--G-TRSVIVN--RK--SA	223	246	+	0	SKVADRVGVTRSVIVNALRKLGSA	2
strain-Synergistes_jonesii|NZ_JPZQ01000030	277	LGMKGT	254	259	+	0	LGMKGT	3
strain-Synergistes_jonesii|NZ_JPZR01000022	277	A---LSYSE	194	202	+	0	AMRALSYSE	1
strain-Synergistes_jonesii|NZ_JPZR01000022	277	S--AD--G-TRSVIVN--RK--SA	223	246	+	0	SKVADRVGVTRSVIVNALRKLGSA	2
strain-Synergistes_jonesii|NZ_JPZR01000022	277	LGMKGT	254	259	+	0	LGMKGT	3
strain-Synergistes_jonesii|NZ_JPZS01000024	277	A---LSYSE	194	202	+	0	AMRALSYSE	1
strain-Synergistes_jonesii|NZ_JPZS01000024	277	S--AD--G-TRSVIVN--RK--SA	223	246	+	0	SKVADRVGVTRSVIVNALRKLGSA	2
strain-Synergistes_jonesii|NZ_JPZS01000024	277	LGMKGT	254	259	+	0	LGMKGT	3
strain-Synergistes_jonesii|NZ_JQEK01000046	277	A---LSYSE	194	202	+	0	AMRTLSYSE	1
strain-Synergistes_jonesii|NZ_JQEK01000046	277	S--AD--G-TRSVIVN--RK--SA	223	246	+	0	SKVADRVGVTRSVIVNALRKLGSA	2
strain-Synergistes_jonesii|NZ_JQEK01000046	277	LGMKGT	254	259	+	0	LGMKGT	3
strain-Synergistes_jonesii|NZ_JQEL01000027	277	A---LSYSE	194	202	+	0	AMRALSYSE	1
strain-Synergistes_jonesii|NZ_JQEL01000027	277	S--AD--G-TRSVIVN--RK--SA	223	246	+	0	SKVADRVGVTRSVIVNALRKLGSA	2
strain-Synergistes_jonesii|NZ_JQEL01000027	277	LGMKGT	254	259	+	0	LGMKGT	3
strain-Synergistes_sp._3_1_syn1|NZ_JH414697	277	A---LSYSE	194	202	+	0	AMRALSYSE	1
strain-Synergistes_sp._3_1_syn1|NZ_JH414697	277	S--AD--G-TRSVIVN--RK--SA	223	246	+	0	SKVADRVGVTRSVIVNALRKLGSA	2
strain-Synergistes_sp._3_1_syn1|NZ_JH414697	277	LGMKGT	254	259	+	0	LGMKGT	3
strain-Thermanaerovibrio_acidaminovorans|NC_013522	276	A---LSYSE	194	202	+	0	AMRALSYSE	1
strain-Thermanaerovibrio_acidaminovorans|NC_013522	276	S--AD--G-TRSVIVN--RK--SA	223	246	+	0	SKVADRVGVTRSVIVNALRKLSSA	2
strain-Thermanaerovibrio_acidaminovorans|NC_013522	276	LGMKGT	254	259	+	0	LGMKGT	3
strain-Thermanaerovibrio_velox|NZ_CM001377	257	A---LSYSE	175	183	+	0	AMRALSYSE	1
strain-Thermanaerovibrio_velox|NZ_CM001377	257	S--AD--G-TRSVIVN--RK--SA	204	227	+	0	SKVADRVGVTRSVIVNALRKLSSA	2
strain-Thermanaerovibrio_velox|NZ_CM001377	257	LGMKGT	235	240	+	0	LGMKGT	3
strain-Thermovirga_lienii|NC_016148	276	A---LSYSE	194	202	+	0	AMRALSYSE	1
strain-Thermovirga_lienii|NC_016148	276	S--AD--G-TRSVIVN--RK--SA	223	246	+	0	SKVADKAGVTRSVIVNALRKLESA	2
strain-Thermovirga_lienii|NC_016148	276	LGMKGT	254	259	+	0	LGMKGT	3
