Sequence_ID	Sequence_Length	Motif	start	end	strand	motif1_mismatch	fragment1	motif2_mismatch	fragment2	mismatches	gap_length	matched_sequence
AE001437.1|cds-AAK78187.1|gene-CA_C0205|None|229452|231410|-|Predicted	400	TGTAAA,TTTACA	271	310	+	0	TGTAAA	0	TTTACA	0	28	TGTAAAAAGTAAGTTAATTCTATGTTATGTATTTTTTACA
AE001437.1|cds-AAK78187.1|gene-CA_C0205|None|229452|231410|-|Predicted	400	TGTAAA,TTTACA	271	320	+	0	TGTAAA	0	TTTACA	0	38	TGTAAAAAGTAAGTTAATTCTATGTTATGTATTTTTTACAAAAATTTACA
AE001437.1|cds-AAK78188.1|gene-CA_C0206|None|231611|232804|+|Uncharacterized	400	TGTAAA,TTTACA	278	327	+	0	TGTAAA	0	TTTACA	0	38	TGTAAATTTTTGTAAAAAATACATAACATAGAATTAACTTACTTTTTACA
AE001437.1|cds-AAK78188.1|gene-CA_C0206|None|231611|232804|+|Uncharacterized	400	TGTAAA,TTTACA	288	327	+	0	TGTAAA	0	TTTACA	0	28	TGTAAAAAATACATAACATAGAATTAACTTACTTTTTACA
AE001437.1|cds-AAK78193.1|gene-CA_C0211|bioY|236407|236961|-|BioY	400	TGTAAA,TTTACA	350	379	+	0	TGTAAA	0	TTTACA	0	18	TGTAAACCGATGTTATATTATCGGTTTACA
AE001437.1|cds-AAK78194.1|gene-CA_C0212|None|237128|237937|+|Biotin-(acetyl-CoA	400	TGTAAA,TTTACA	253	282	+	0	TGTAAA	0	TTTACA	0	18	TGTAAACCGATAATATAACATCGGTTTACA
AE001437.1|cds-AAK78221.1|gene-CA_C0240|None|271300|271926|+|Response	400	TGTAAA,TTTACA	196	236	+	0	TGTAAA	0	TTTACA	0	29	TGTAAATATAGACATAAATGATAAGTATATAAGGCTTTACA
AE001437.1|cds-AAK78414.1|gene-CA_C0434|None|502242|502709|-|Putative	400	TGTAAA,TTTACA	144	177	+	0	TGTAAA	0	TTTACA	0	22	TGTAAAACTAATAAAAATGCTAATTTATTTTACA
AE001437.1|cds-AAK78416.1|gene-CA_C0436|None|503283|504170|+|Predicted	400	TGTAAA,TTTACA	48	81	+	0	TGTAAA	0	TTTACA	0	22	TGTAAAATAAATTAGCATTTTTATTAGTTTTACA
AE001437.1|cds-AAK78432.1|gene-CA_C0452|None|520391|521062|-|Permease	400	TGTAAA,TTTACA	343	388	+	0	TGTAAA	0	TTTACA	0	34	TGTAAAATTTTTAGAACGCGGGTGTTTTAACTTTATAAATTTTACA
AE001437.1|cds-AAK78433.1|gene-CA_C0453|None|521468|522151|+|ABC-transporter%2C	400	TGTAAA,TTTACA	5	50	+	0	TGTAAA	0	TTTACA	0	34	TGTAAAATTTATAAAGTTAAAACACCCGCGTTCTAAAAATTTTACA
AE001437.1|cds-AAK78465.1|gene-CA_C0485|None|560374|561225|+|TRNA-processing	400	TGTAAA,TTTACA	256	280	+	0	TGTAAA	0	TTTACA	0	13	TGTAAAATTGTAAAGTGGTTTTACA
AE001437.1|cds-AAK78465.1|gene-CA_C0485|None|560374|561225|+|TRNA-processing	400	TGTAAA,TTTACA	264	280	+	0	TGTAAA	0	TTTACA	0	5	TGTAAAGTGGTTTTACA
AE001437.1|cds-AAK78637.1|gene-CA_C0660|None|767958|768161|+|Hypothetical	400	TGTAAA,TTTACA	19	44	+	0	TGTAAA	0	TTTACA	0	14	TGTAAAATATAAAAGGATTTTTTACA
AE001437.1|cds-AAK78748.1|gene-CA_C0772|None|894839|895648|+|Cobalt	400	TGTAAA,TTTACA	204	237	+	0	TGTAAA	0	TTTACA	0	22	TGTAAAGCAAATTAAAAATCTTATAGGTTTTACA
AE001437.1|cds-AAK78780.1|gene-CA_C0804|None|928556|930250|+|Pectate	400	TGTAAA,TTTACA	228	254	+	0	TGTAAA	0	TTTACA	0	15	TGTAAAAAAACAACTAATTTATTTACA
AE001437.1|cds-AAK78802.1|gene-CA_C0826|None|956696|957808|-|Endoglucanase	400	TGTAAA,TTTACA	171	190	+	0	TGTAAA	0	TTTACA	0	8	TGTAAATTTCTATTTTTACA
AE001437.1|cds-AAK78927.1|gene-CA_C0951|None|1090270|1090701|+|Ferric	400	TGTAAA,TTTACA	279	306	+	0	TGTAAA	0	TTTACA	0	16	TGTAAAAAGGCATTATTTAAGTTTTACA
AE001437.1|cds-AAK78928.1|gene-CA_C0952|None|1090703|1091047|-|Hypothetical	400	TGTAAA,TTTACA	367	381	+	0	TGTAAA	0	TTTACA	0	3	TGTAAATATTTTACA
AE001437.1|cds-AAK78929.1|gene-CA_C0953|None|1091155|1091553|+|Hypothetical	400	TGTAAA,TTTACA	310	324	+	0	TGTAAA	0	TTTACA	0	3	TGTAAAATATTTACA
AE001437.1|cds-AAK79190.1|gene-CA_C1218|None|1362044|1362586|+|Phage	400	TGTAAA,TTTACA	154	174	+	0	TGTAAA	0	TTTACA	0	9	TGTAAAGGGTATTTTTTTACA
AE001437.1|cds-AAK79222.1|gene-CA_C1251|rodA|1395591|1396712|+|Cell	400	TGTAAA,TTTACA	291	307	+	0	TGTAAA	0	TTTACA	0	5	TGTAAATAATGTTTACA
AE001437.1|cds-AAK79321.1|gene-CA_C1353|None|1497812|1499278|-|Phosphotransferase	400	TGTAAA,TTTACA	182	226	+	0	TGTAAA	0	TTTACA	0	33	TGTAAACGATGTAAAAAATACACTTTATTACAGATACCGTTTACA
AE001437.1|cds-AAK79321.1|gene-CA_C1353|None|1497812|1499278|-|Phosphotransferase	400	TGTAAA,TTTACA	191	226	+	0	TGTAAA	0	TTTACA	0	24	TGTAAAAAATACACTTTATTACAGATACCGTTTACA
AE001437.1|cds-AAK79322.1|gene-CA_C1354|None|1499695|1500174|+|Phosphotransferase	400	TGTAAA,TTTACA	156	191	+	0	TGTAAA	0	TTTACA	0	24	TGTAAACGGTATCTGTAATAAAGTGTATTTTTTACA
AE001437.1|cds-AAK79322.1|gene-CA_C1354|None|1499695|1500174|+|Phosphotransferase	400	TGTAAA,TTTACA	156	200	+	0	TGTAAA	0	TTTACA	0	33	TGTAAACGGTATCTGTAATAAAGTGTATTTTTTACATCGTTTACA
AE001437.1|cds-AAK79357.1|gene-CA_C1389|None|1531690|1534011|+|Protein	400	TGTAAA,TTTACA	348	383	+	0	TGTAAA	0	TTTACA	0	24	TGTAAATGAAAAGCAATAAGTGAAAATTGATTTACA
AE001437.1|cds-AAK79401.1|gene-CA_C1433|None|1577354|1578094|+|Hypothetical	400	TGTAAA,TTTACA	272	291	+	0	TGTAAA	0	TTTACA	0	8	TGTAAAATTTATTGTTTACA
AE001437.1|cds-AAK79499.1|gene-CA_C1532|None|1674076|1675551|+|Protein	400	TGTAAA,TTTACA	284	306	+	0	TGTAAA	0	TTTACA	0	11	TGTAAAGTTGAGTATGATTTACA
AE001437.1|cds-AAK79565.1|gene-CA_C1598|None|1742414|1742797|+|Hypothetical	400	TGTAAA,TTTACA	112	138	+	0	TGTAAA	0	TTTACA	0	15	TGTAAAAAGACCTTTACTGATTTTACA
AE001437.1|cds-AAK79669.1|gene-CA_C1703|None|1853272|1853622|+|Methyl-accepting	400	TGTAAA,TTTACA	5	33	+	0	TGTAAA	0	TTTACA	0	17	TGTAAAGGAGATACTATATGAATTTTACA
AE001437.1|cds-AAK79693.1|gene-CA_C1727|None|1875972|1876781|+|Protein	400	TGTAAA,TTTACA	134	157	+	0	TGTAAA	0	TTTACA	0	12	TGTAAAAAATACTCTGATTTTACA
AE001437.1|cds-AAK79729.1|gene-CA_C1763|None|1908109|1908477|-|Predicted	400	TGTAAA,TTTACA	206	235	+	0	TGTAAA	0	TTTACA	0	18	TGTAAAAAGATTGCCATTTTCATTTTTACA
AE001437.1|cds-AAK79801.1|gene-CA_C1837|mutS|1988474|1991083|-|Mismatch	400	TGTAAA,TTTACA	18	51	+	0	TGTAAA	0	TTTACA	0	22	TGTAAAAGAGGTAGAGTACGATTCAGCATTTACA
AE001437.1|cds-AAK79812.1|gene-CA_C1848|cmk|2000596|2001249|-|Cytidylate	400	TGTAAA,TTTACA	210	242	+	0	TGTAAA	0	TTTACA	0	21	TGTAAATTGACAGACTTCAAGAAAACTTTTACA
AE001437.1|cds-AAK80021.1|gene-CA_C2062|None|2165379|2166560|-|TRNA	400	TGTAAA,TTTACA	343	368	+	0	TGTAAA	0	TTTACA	0	14	TGTAAAACTGTTTTAATGGCTTTACA
AE001437.1|cds-AAK80083.1|gene-CA_C2125|divIB|2214590|2215339|-|Cell	400	TGTAAA,TTTACA	318	366	+	0	TGTAAA	0	TTTACA	0	37	TGTAAATTCAAAGACAGTATAAATAATTTTTTCTTGAATTTAGTTTACA
AE001437.1|cds-AAK80144.1|gene-CA_C2186|None|2277713|2278732|-|Glycosyltransferase	400	TGTAAA,TTTACA	215	248	+	0	TGTAAA	0	TTTACA	0	22	TGTAAAAGATATAAAAAAAGGCGAGACATTTACA
AE001437.1|cds-AAK80231.1|gene-CA_C2274|spoT|2376156|2378378|-|RelA/SpoT	400	TGTAAA,TTTACA	277	310	+	0	TGTAAA	0	TTTACA	0	22	TGTAAAAAGTAAACAAAAGTCTAATCTCTTTACA
AE001437.1|cds-AAK80380.1|gene-CA_C2426|None|2541823|2542749|+|Uncharacterized	400	TGTAAA,TTTACA	208	225	+	0	TGTAAA	0	TTTACA	0	6	TGTAAATTTCATTTTACA
AE001437.1|cds-AAK80408.1|gene-CA_C2454|None|2570618|2571442|-|Hypothetical	400	TGTAAA,TTTACA	327	374	+	0	TGTAAA	0	TTTACA	0	36	TGTAAAAATGGTACTGATAGTAAGGATATAACCAAGATTGTTTTTACA
AE001437.1|cds-AAK80444.1|gene-CA_C2490|None|2597236|2598540|-|Xre	400	TGTAAA,TTTACA	162	206	+	0	TGTAAA	0	TTTACA	0	33	TGTAAAAAGACGCAGAATATAATATGCTTATTATGGAAGTTTACA
AE001437.1|cds-AAK80445.1|gene-CA_C2491|None|2598885|2599352|+|Predicted	400	TGTAAA,TTTACA	248	292	+	0	TGTAAA	0	TTTACA	0	33	TGTAAACTTCCATAATAAGCATATTATATTCTGCGTCTTTTTACA
AE001437.1|cds-AAK80448.1|gene-CA_C2494|None|2601128|2601538|-|Predicted	400	TGTAAA,TTTACA	118	135	+	0	TGTAAA	0	TTTACA	0	6	TGTAAAGGTAGCTTTACA
AE001437.1|cds-AAK80449.1|gene-CA_C2495|None|2601592|2601786|-|Predicted	400	TGTAAA,TTTACA	366	383	+	0	TGTAAA	0	TTTACA	0	6	TGTAAAGGTAGCTTTACA
AE001437.1|cds-AAK80450.1|gene-CA_C2496|None|2601929|2602555|+|Predicted	400	TGTAAA,TTTACA	273	290	+	0	TGTAAA	0	TTTACA	0	6	TGTAAAGCTACCTTTACA
AE001437.1|cds-AAK80470.1|gene-CA_C2516|None|2625157|2625324|+|Hypothetical	400	TGTAAA,TTTACA	293	311	+	0	TGTAAA	0	TTTACA	0	7	TGTAAATATTTTTTTTACA
AE001437.1|cds-AAK80471.1|gene-CA_C2517|nrpE|2625465|2627138|+|Extracellular	400	TGTAAA,TTTACA	254	273	+	0	TGTAAA	0	TTTACA	0	8	TGTAAACGGTTATTTTTACA
AE001437.1|cds-AAK80588.1|gene-CA_C2641|tig|2751970|2753265|-|FKBP-type	400	TGTAAA,TTTACA	181	218	+	0	TGTAAA	0	TTTACA	0	26	TGTAAATTATGATGGAAATTTAATAATAGAAGTTTACA
AE001437.1|cds-AAK80593.1|gene-CA_C2646|sipS|2759969|2760523|-|Signal	400	TGTAAA,TTTACA	126	165	+	0	TGTAAA	0	TTTACA	0	28	TGTAAACTTACTAATATTGAAAGTTATAATAATGTTTACA
AE001437.1|cds-AAK80619.1|gene-CA_C2672|None|2789205|2789477|-|Predicted	400	TGTAAA,TTTACA	321	347	+	0	TGTAAA	0	TTTACA	0	15	TGTAAAAAACAGAATAAACTGTTTACA
AE001437.1|cds-AAK80644.1|gene-CA_C2697|None|2819666|2820643|-|Hypothetical	400	TGTAAA,TTTACA	238	272	+	0	TGTAAA	0	TTTACA	0	23	TGTAAATACTTATTATTTTTGCAAAAAGTTTTACA
AE001437.1|cds-AAK80735.1|gene-CA_C2791|None|2919291|2920676|-|MoaA/NirJ	400	TGTAAA,TTTACA	228	260	+	0	TGTAAA	0	TTTACA	0	21	TGTAAAATAAATTTGTGGAATAAGGTATTTACA
AE001437.1|cds-AAK80736.1|gene-CA_C2792|None|2920964|2921584|+|Uncharcterized	400	TGTAAA,TTTACA	251	283	+	0	TGTAAA	0	TTTACA	0	21	TGTAAATACCTTATTCCACAAATTTATTTTACA
AE001437.1|cds-AAK80740.1|gene-CA_C2796|None|2923607|2924791|-|MoaA/NirJ	400	TGTAAA,TTTACA	352	368	+	0	TGTAAA	0	TTTACA	0	5	TGTAAATATACTTTACA
AE001437.1|cds-AAK80832.1|gene-CA_C2889|rho|3019655|3021106|-|Transcription	400	TGTAAA,TTTACA	325	372	+	0	TGTAAA	0	TTTACA	0	36	TGTAAATTATGTATTGAAAATAAAATAAAGTTGCAAATAATTTTTACA
AE001437.1|cds-AAK80900.1|gene-CA_C2958|None|3091364|3091858|-|PTS	400	TGTAAA,TTTACA	157	185	+	0	TGTAAA	0	TTTACA	0	17	TGTAAAGCTTGTTTTTATTAGATTTTACA
AE001437.1|cds-AAK80901.1|gene-CA_C2959|galK|3092319|3093488|+|Galactokinase	400	TGTAAA,TTTACA	153	181	+	0	TGTAAA	0	TTTACA	0	17	TGTAAAATCTAATAAAAACAAGCTTTACA
AE001437.1|cds-AAK80976.1|gene-CA_C3036|None|3179380|3183435|-|Superfamily	400	TGTAAA,TTTACA	121	169	+	0	TGTAAA	0	TTTACA	0	37	TGTAAATAAAATATAATTTATAGGAAAAACGGTTAAATTAAGTTTTACA
AE001437.1|cds-AAK81019.1|gene-CA_C3079|None|3230028|3230873|-|Uncharacterized	400	TGTAAA,TTTACA	256	289	+	0	TGTAAA	0	TTTACA	0	22	TGTAAAAATCCATATATATATTCTTTTATTTACA
AE001437.1|cds-AAK81020.1|gene-CA_C3080|None|3231045|3232007|+|Hypothetical	400	TGTAAA,TTTACA	338	371	+	0	TGTAAA	0	TTTACA	0	22	TGTAAATAAAAGAATATATATATGGATTTTTACA
AE001437.1|cds-AAK81150.1|gene-CA_C3214|None|3360238|3360789|-|Stage	400	TGTAAA,TTTACA	363	379	+	0	TGTAAA	0	TTTACA	0	5	TGTAAAAATATTTTACA
AE001437.1|cds-AAK81151.1|gene-CA_C3215|prsA|3361034|3362095|-|Parvulin-like	400	TGTAAA,TTTACA	155	187	+	0	TGTAAA	0	TTTACA	0	21	TGTAAAGAGGGAAGATATGTTAGAAAATTTACA
AE001437.1|cds-AAK81164.1|gene-CA_C3229|None|3377589|3378608|+|NADH:flavin	400	TGTAAA,TTTACA	234	260	+	0	TGTAAA	0	TTTACA	0	15	TGTAAAACTATTTTTGATAGTTTTACA
AE001437.1|cds-AAK81207.1|gene-CA_C3273|None|3422309|3423811|+|Possible	400	TGTAAA,TTTACA	286	335	+	0	TGTAAA	0	TTTACA	0	38	TGTAAATCTTTAAAATTAAGCCCTGATGTTAATTAATTACATTTTTTACA
AE001437.1|cds-AAK81265.1|gene-CA_C3333|None|3506570|3507694|-|Uncharacterized	400	TGTAAA,TTTACA	233	275	+	0	TGTAAA	0	TTTACA	0	31	TGTAAATTAGGCTGCTTATTAATAAATACATGTTTTATTTACA
AE001437.1|cds-AAK81319.1|gene-CA_C3389|None|3567510|3573329|-|Possible	400	TGTAAA,TTTACA	133	167	+	0	TGTAAA	0	TTTACA	0	23	TGTAAAGGTGGAGGATTCTGTAGAGGAGCTTTACA
AE001437.1|cds-AAK81320.1|gene-CA_C3390|None|3573536|3574648|-|Response	400	TGTAAA,TTTACA	90	102	+	0	TGTAAA	0	TTTACA	0	1	TGTAAAGTTTACA
AE001437.1|cds-AAK81385.1|gene-CA_C3456|None|3652787|3653326|-|Uncharacterized	400	TGTAAA,TTTACA	355	384	+	0	TGTAAA	0	TTTACA	0	18	TGTAAACCTAAACTATAAATATGGTTTACA
AE001437.1|cds-AAK81561.1|gene-CA_C3638|None|3839255|3840175|-|Oligopeptide	400	TGTAAA,TTTACA	66	99	+	0	TGTAAA	0	TTTACA	0	22	TGTAAAAGAGTATTATTAAGGAATAATGTTTACA
AE001437.1|cds-AAK81562.1|gene-CA_C3639|None|3840211|3840429|-|CRO	400	TGTAAA,TTTACA	320	353	+	0	TGTAAA	0	TTTACA	0	22	TGTAAAAGAGTATTATTAAGGAATAATGTTTACA
AE001437.1|cds-AAK81570.1|gene-CA_C3648|None|3848232|3849110|-|Acetyltransferase	400	TGTAAA,TTTACA	78	99	+	0	TGTAAA	0	TTTACA	0	10	TGTAAAAGCTTATATTTTTACA
AE001437.1|cds-AAK81571.1|gene-CA_C3649|spoVT|3849693|3849947|+|Possible	400	TGTAAA,TTTACA	117	138	+	0	TGTAAA	0	TTTACA	0	10	TGTAAAAATATAAGCTTTTACA
AE001437.1|cds-AAK81574.1|gene-CA_C3652|alsS|3853108|3854799|-|Acetolactate	400	TGTAAA,TTTACA	147	175	+	0	TGTAAA	0	TTTACA	0	17	TGTAAAATTCAAAATCACATAAATTTACA
AE001438.3|cds-AAK76804.1|gene-CA_P0058|None|59107|59727|-|Rare	400	TGTAAA,TTTACA	271	320	+	0	TGTAAA	0	TTTACA	0	38	TGTAAAAATATCGCAACTAGTCAAAATATATAGCACATTATTATTTTACA
AE001438.3|cds-AAK76874.1|gene-CA_P0129|None|139943|140686|-|Glycogen-binding	400	TGTAAA,TTTACA	245	264	+	0	TGTAAA	0	TTTACA	0	8	TGTAAATGTACACCTTTACA
AE001438.3|cds-AAK76894.1|gene-CA_P0149|None|158912|160216|-|Xre	400	TGTAAA,TTTACA	71	119	+	0	TGTAAA	0	TTTACA	0	37	TGTAAAAATATACCAAATATATAATAGCATATATTTATATGTTTTTACA
AE001438.3|cds-AAK76895.1|gene-CA_P0150|spoVD|160566|162371|+|Stage	400	TGTAAA,TTTACA	330	378	+	0	TGTAAA	0	TTTACA	0	37	TGTAAAAACATATAAATATATGCTATTATATATTTGGTATATTTTTACA
AE001438.3|cds-AAK76907.1|gene-CA_P0162|adhe1|175810|178398|+|Aldehyde	400	TGTAAA,TTTACA	75	94	+	0	TGTAAA	0	TTTACA	0	8	TGTAAAAGTTGCTATTTACA
AE001438.3|cds-AAK76907.1|gene-CA_P0162|adhe1|175810|178398|+|Aldehyde	400	TGTAAA,TTTACA	266	295	+	0	TGTAAA	0	TTTACA	0	18	TGTAAACCTTGTTTTGTTTTGCAGTTTACA
AE001438.3|cds-AAK76913.1|gene-CA_P0168|amyA|181586|183868|-|Alpha-amylase	400	TGTAAA,TTTACA	265	283	+	0	TGTAAA	0	TTTACA	0	7	TGTAAAGAAATAATTTACA
