AL009126.3|cds-CAB11903.1|gene-BSU_01270|rplX|140857|141168|+|ribosomal|AACTTTATGAAAATT
AL009126.3|cds-CAB11903.1|gene-BSU_01270|rplX|140857|141168|+|ribosomal|AATTTTCATAAAGTT
AL009126.3|cds-CAB11926.1|gene-BSU_01500|rpsI|154300|154692|+|ribosomal|AATGTTCAAAAAATT
AL009126.3|cds-CAB11926.1|gene-BSU_01500|rpsI|154300|154692|+|ribosomal|AATTTTTTGAACATT
AL009126.3|cds-CAB12030.1|gene-BSU_02360|gamA|256823|257572|-|glucosamine-6-phosphate|AATTTTCAGAAATTA
AL009126.3|cds-CAB12030.1|gene-BSU_02360|gamA|256823|257572|-|glucosamine-6-phosphate|TAATTTCTGAAAATT
AL009126.3|cds-CAB12031.1|gene-BSU_02370|gamR|257791|258498|+|transcriptional|TAATTTCTGAAAATT
AL009126.3|cds-CAB12031.1|gene-BSU_02370|gamR|257791|258498|+|transcriptional|AATTTTCAGAAATTA
AL009126.3|cds-CAB12033.1|gene-BSU_02390|ilvE|259016|260086|+|isoleucine-valine|AATATTCTGAAATTT
AL009126.3|cds-CAB12033.1|gene-BSU_02390|ilvE|259016|260086|+|isoleucine-valine|AAATTTCAGAATATT
AL009126.3|cds-CAB12124.1|gene-BSU_03300|nasD|355764|358181|-|assimilatory|ATTTTTCATAAAATT
AL009126.3|cds-CAB12124.1|gene-BSU_03300|nasD|355764|358181|-|assimilatory|AATTTTATGAAAAAT
AL009126.3|cds-CAB12441.1|gene-BSU_06220|ydjJ|674832|675857|-|putative|AAATTTCTGAAAATT
AL009126.3|cds-CAB12441.1|gene-BSU_06220|ydjJ|674832|675857|-|putative|AATTTTCAGAAATTT
AL009126.3|cds-CAB12442.1|gene-BSU_06230|iolT|676442|677863|+|myo-inositol|AATTTTCAGAAATTT
AL009126.3|cds-CAB12442.1|gene-BSU_06230|iolT|676442|677863|+|myo-inositol|AAATTTCTGAAAATT
AL009126.3|cds-CAB12486.1|gene-BSU_06660|opuE|726840|728318|-|proline|ATTTTTCTGAATATT
AL009126.3|cds-CAB12486.1|gene-BSU_06660|opuE|726840|728318|-|proline|AATATTCAGAAAAAT
AL009126.3|cds-CAB12487.1|gene-BSU_06670|gatC|728732|729022|+|glutamyl-tRNA(Gln)|AATATTCAGAAAAAT
AL009126.3|cds-CAB12487.1|gene-BSU_06670|gatC|728732|729022|+|glutamyl-tRNA(Gln)|ATTTTTCTGAATATT
AL009126.3|cds-CAB12582.1|gene-BSU_07530|yfmB|826843|827211|-|conserved|TATTTTCAGAAAAAT
AL009126.3|cds-CAB12582.1|gene-BSU_07530|yfmB|826843|827211|-|conserved|ATTTTTCTGAAAATA
AL009126.3|cds-CAB12584.1|gene-BSU_07550|yflT|827455|827802|+|heat|ATTTTTCTGAAAATA
AL009126.3|cds-CAB12584.1|gene-BSU_07550|yflT|827455|827802|+|heat|TATTTTCAGAAAAAT
AL009126.3|cds-CAB12663.1|gene-BSU_08340|padR|909198|909746|-|transcriptional|TTTTTTCTGAAAATT
AL009126.3|cds-CAB12663.1|gene-BSU_08340|padR|909198|909746|-|transcriptional|AATTTTCAGAAAAAA
AL009126.3|cds-CAB12664.1|gene-BSU_08350|estB|910019|910651|+|secreted|AATTTTCAGAAAAAA
AL009126.3|cds-CAB12664.1|gene-BSU_08350|estB|910019|910651|+|secreted|TTTTTTCTGAAAATT
AL009126.3|cds-CAB12685.1|gene-BSU_08570|yfhK|928803|929321|+|putative|CATTTTCTTAAAATT
AL009126.3|cds-CAB12685.1|gene-BSU_08570|yfhK|928803|929321|+|putative|AATTTTAAGAAAATG
AL009126.3|cds-CAB12780.2|gene-BSU_09410|phoA|1017083|1018468|-|alkaline|ATTTTTCTGAAAAAT
AL009126.3|cds-CAB12780.2|gene-BSU_09410|phoA|1017083|1018468|-|alkaline|ATTTTTCAGAAAAAT
AL009126.3|cds-CAB12781.2|gene-BSU_09420|lytE|1018998|1020002|+|cell|ATTTTTCAGAAAAAT
AL009126.3|cds-CAB12781.2|gene-BSU_09420|lytE|1018998|1020002|+|cell|ATTTTTCTGAAAAAT
AL009126.3|cds-CAB13175.2|gene-BSU_13180|metE|1383320|1385608|-|cobalamin-independent|ACTTTTCAAAAAATT
AL009126.3|cds-CAB13175.2|gene-BSU_13180|metE|1383320|1385608|-|cobalamin-independent|AATTTTTTGAAAAGT
AL009126.3|cds-CAX52609.1|gene-BSU_13509|ykzP|1417561|1417716|+|conserved|AAATGTCTGAAAATT
AL009126.3|cds-CAX52609.1|gene-BSU_13509|ykzP|1417561|1417716|+|conserved|AATTTTCAGACATTT
AL009126.3|cds-CAB13224.1|gene-BSU_13510|ykzE|1417719|1417895|+|conserved|AAATGTCTGAAAATT
AL009126.3|cds-CAB13224.1|gene-BSU_13510|ykzE|1417719|1417895|+|conserved|AATTTTCAGACATTT
AL009126.3|cds-CAB13225.1|gene-BSU_13520|ykrP|1417938|1418960|-|putative|AAATTTCAGAAAATT
AL009126.3|cds-CAB13225.1|gene-BSU_13520|ykrP|1417938|1418960|-|putative|AATTTTCTGAAATTT
AL009126.3|cds-CAB13226.1|gene-BSU_13530|kinE|1419213|1421429|+|two-component|AATTTTCTGAAATTT
AL009126.3|cds-CAB13226.1|gene-BSU_13530|kinE|1419213|1421429|+|two-component|AAATTTCAGAAAATT
AL009126.3|cds-CAB13267.2|gene-BSU_13940|ykwB|1462813|1463493|-|putative|TATTTACTGAAAATT
AL009126.3|cds-CAB13267.2|gene-BSU_13940|ykwB|1462813|1463493|-|putative|AATTTTCAGTAAATA
AL009126.3|cds-CAB13268.2|gene-BSU_13950|mcpC|1463628|1465595|+|methyl-accepting|AATTTTCAGTAAATA
AL009126.3|cds-CAB13268.2|gene-BSU_13950|mcpC|1463628|1465595|+|methyl-accepting|TATTTACTGAAAATT
AL009126.3|cds-CAB13297.1|gene-BSU_14240|rok|1493787|1494362|+|repressor|CATTTTCAGAAAATA
AL009126.3|cds-CAB13297.1|gene-BSU_14240|rok|1493787|1494362|+|repressor|TATTTTCTGAAAATG
AL009126.3|cds-CAB13408.2|gene-BSU_15340|ylmA|1606560|1607354|+|putative|AGTTTTATGAAAATT
AL009126.3|cds-CAB13408.2|gene-BSU_15340|ylmA|1606560|1607354|+|putative|AATTTTCATAAAACT
AL009126.3|cds-CAB13548.1|gene-BSU_16750|asd|1745991|1747031|+|aspartate-semialdehyde|AATTTACAGAAAATC
AL009126.3|cds-CAB13548.1|gene-BSU_16750|asd|1745991|1747031|+|aspartate-semialdehyde|GATTTTCTGTAAATT
AL009126.3|cds-CAB13629.1|gene-BSU_17450|glnR|1877959|1878366|+|transcriptional|AATTTTTTAAAAATT
AL009126.3|cds-CAB13629.1|gene-BSU_17450|glnR|1877959|1878366|+|transcriptional|AATTTTTAAAAAATT
AL009126.3|cds-CAB13682.1|gene-BSU_17980|sspP|1926128|1926274|-|small|AATTTTCTCACAATT
AL009126.3|cds-CAB13682.1|gene-BSU_17980|sspP|1926128|1926274|-|small|AATTGTGAGAAAATT
AL009126.3|cds-CAB13683.1|gene-BSU_17990|sspO|1926306|1926452|-|small|AATTTTCTCACAATT
AL009126.3|cds-CAB13683.1|gene-BSU_17990|sspO|1926306|1926452|-|small|AATTGTGAGAAAATT
AL009126.3|cds-CAB13684.1|gene-BSU_18000|citB|1926680|1929409|+|aconitate|AATTGTGAGAAAATT
AL009126.3|cds-CAB13684.1|gene-BSU_18000|citB|1926680|1929409|+|aconitate|AATTTTCTCACAATT
AL009126.3|cds-CAB13826.1|gene-BSU_19340|yocR|2104934|2106271|-|putative|AATTTTCTGAATAAT
AL009126.3|cds-CAB13826.1|gene-BSU_19340|yocR|2104934|2106271|-|putative|ATTATTCAGAAAATT
AL009126.3|cds-CAB13827.1|gene-BSU_19350|yocS|2106490|2107455|+|putative|ATTATTCAGAAAATT
AL009126.3|cds-CAB13827.1|gene-BSU_19350|yocS|2106490|2107455|+|putative|AATTTTCTGAATAAT
AL009126.3|cds-CAX52648.1|gene-BSU_21229|youA|2241154|2241765|+|conserved|AATTCTCTGAGAATT
AL009126.3|cds-CAX52648.1|gene-BSU_21229|youA|2241154|2241765|+|conserved|AATTCTCAGAGAATT
AL009126.3|cds-CAB14683.1|gene-BSU_27420|yrrI|2801141|2802202|-|putative|ACTTTTCTGAAAATT
AL009126.3|cds-CAB14683.1|gene-BSU_27420|yrrI|2801141|2802202|-|putative|AATTTTCAGAAAAGT
AL009126.3|cds-CAB14684.1|gene-BSU_27430|glnQ|2802358|2803086|+|glutamine|AATTTTCAGAAAAGT
AL009126.3|cds-CAB14684.1|gene-BSU_27430|glnQ|2802358|2803086|+|glutamine|ACTTTTCTGAAAATT
AL009126.3|cds-CAB15031.1|gene-BSU_30530|ytnA|3124250|3125641|-|putative|AATATTCAGAAAAAT
AL009126.3|cds-CAB15031.1|gene-BSU_30530|ytnA|3124250|3125641|-|putative|ATTTTTCTGAATATT
AL009126.3|cds-CAB15042.1|gene-BSU_30640|ytkC|3135668|3136072|-|putative|ATTTTTCTGAAAAAT
AL009126.3|cds-CAB15042.1|gene-BSU_30640|ytkC|3135668|3136072|-|putative|ATTTTTCAGAAAAAT
AL009126.3|cds-CAB15143.2|gene-BSU_31540|nupN|3239930|3241009|+|lipoprotein|AATTTTTAAAAAATT
AL009126.3|cds-CAB15143.2|gene-BSU_31540|nupN|3239930|3241009|+|lipoprotein|TATTATCAGAAAATT
AL009126.3|cds-CAB15143.2|gene-BSU_31540|nupN|3239930|3241009|+|lipoprotein|AATTTTCTGATAATA
AL009126.3|cds-CAB15143.2|gene-BSU_31540|nupN|3239930|3241009|+|lipoprotein|AATTTTTTAAAAATT
AL009126.3|cds-CAB15179.2|gene-BSU_31910|yukE|3276141|3276434|-|small|AATTTTCTGAAAGGT
AL009126.3|cds-CAB15179.2|gene-BSU_31910|yukE|3276141|3276434|-|small|ACCTTTCAGAAAATT
AL009126.3|cds-CAB15180.2|gene-BSU_31920|adeR|3276955|3278223|+|transcriptional|ACCTTTCAGAAAATT
AL009126.3|cds-CAB15180.2|gene-BSU_31920|adeR|3276955|3278223|+|transcriptional|AATTTTCTGAAAGGT
AL009126.3|cds-CAB15198.1|gene-BSU_32080|yuiB|3299344|3299664|-|conserved|TATTATCAGAAAATT
AL009126.3|cds-CAB15198.1|gene-BSU_32080|yuiB|3299344|3299664|-|conserved|AATTTTCTGATAATA
AL009126.3|cds-CAB15199.1|gene-BSU_32090|yuiA|3299718|3299861|-|conserved|TATTATCAGAAAATT
AL009126.3|cds-CAB15199.1|gene-BSU_32090|yuiA|3299718|3299861|-|conserved|AATTTTCTGATAATA
AL009126.3|cds-CAB15251.1|gene-BSU_32610|frlB|3351110|3352096|-|fructosamine-6-P|AAATTTCAGAAAATA
AL009126.3|cds-CAB15251.1|gene-BSU_32610|frlB|3351110|3352096|-|fructosamine-6-P|TATTTTCTGAAATTT
AL009126.3|cds-CAB15378.1|gene-BSU_33730|opuBA|3462105|3463250|-|choline|AATTGTCTGAAAAAT
AL009126.3|cds-CAB15378.1|gene-BSU_33730|opuBA|3462105|3463250|-|choline|ATTTTTCAGACAATT
AL009126.3|cds-CAB15379.2|gene-BSU_33740|yvaV|3463534|3464067|+|putative|ATTTTTCAGACAATT
AL009126.3|cds-CAB15379.2|gene-BSU_33740|yvaV|3463534|3464067|+|putative|AATTGTCTGAAAAAT
AL009126.3|cds-CAB15388.1|gene-BSU_33830|opuCA|3469860|3471002|-|glycine|ACTTTTCAGAAAATT
AL009126.3|cds-CAB15388.1|gene-BSU_33830|opuCA|3469860|3471002|-|glycine|AATTTTCTGAAAAGT
AL009126.3|cds-CAB15389.1|gene-BSU_33840|opcR|3471266|3471823|+|negative|AATTTTCTGAAAAGT
AL009126.3|cds-CAB15389.1|gene-BSU_33840|opcR|3471266|3471823|+|negative|ACTTTTCAGAAAATT
AL009126.3|cds-CAB15643.1|gene-BSU_36260|tkmA|3732525|3733271|-|modulator|GAATTTCTGAAAATT
AL009126.3|cds-CAB15643.1|gene-BSU_36260|tkmA|3732525|3733271|-|modulator|AATTTTCAGAAATTC
AL009126.3|cds-CAB15644.2|gene-BSU_36270|ywqB|3733852|3735462|+|putative|AATTTTCAGAAATTC
AL009126.3|cds-CAB15644.2|gene-BSU_36270|ywqB|3733852|3735462|+|putative|GAATTTCTGAAAATT
AL009126.3|cds-CAB15672.1|gene-BSU_36550|spoIIQ|3759702|3760553|-|forespore|TATTTTCAGAAAAGT
AL009126.3|cds-CAB15672.1|gene-BSU_36550|spoIIQ|3759702|3760553|-|forespore|ACTTTTCTGAAAATA
AL009126.3|cds-CAB15673.1|gene-BSU_36560|ywnH|3760694|3761185|+|putative|ACTTTTCTGAAAATA
AL009126.3|cds-CAB15673.1|gene-BSU_36560|ywnH|3760694|3761185|+|putative|TATTTTCAGAAAAGT
AL009126.3|cds-CAB15801.1|gene-BSU_37740|bacA|3873566|3874180|-|prephenate|AATTTACTTAAAATT
AL009126.3|cds-CAB15801.1|gene-BSU_37740|bacA|3873566|3874180|-|prephenate|AATTTTAAGTAAATT
AL009126.3|cds-CAB15961.1|gene-BSU_39250|yxiE|4031797|4032243|-|phosphate|AATTTTTTGAAAACT
AL009126.3|cds-CAB15961.1|gene-BSU_39250|yxiE|4031797|4032243|-|phosphate|AGTTTTCAAAAAATT
AL009126.3|cds-CAB16004.1|gene-BSU_39680|iolI|4073974|4074810|-|inosose|GATTTTCAGAAAACT
AL009126.3|cds-CAB16004.1|gene-BSU_39680|iolI|4073974|4074810|-|inosose|AGTTTTCTGAAAATC
