AE001437.1|cds-AAK81320.1|gene-CA_C3390|None|3573536|3574648|-|Response|TGTAAAGTTTACA
AE001437.1|cds-AAK81320.1|gene-CA_C3390|None|3573536|3574648|-|Response|TGTAAACTTTACA
AE001437.1|cds-AAK78929.1|gene-CA_C0953|None|1091155|1091553|+|Hypothetical|TGTAAAATATTTACA
AE001437.1|cds-AAK78929.1|gene-CA_C0953|None|1091155|1091553|+|Hypothetical|TGTAAATATTTTACA
AE001437.1|cds-AAK78928.1|gene-CA_C0952|None|1090703|1091047|-|Hypothetical|TGTAAATATTTTACA
AE001437.1|cds-AAK78928.1|gene-CA_C0952|None|1090703|1091047|-|Hypothetical|TGTAAAATATTTACA
AE001437.1|cds-AAK78465.1|gene-CA_C0485|None|560374|561225|+|TRNA-processing|TGTAAAGTGGTTTTACA
AE001437.1|cds-AAK78465.1|gene-CA_C0485|None|560374|561225|+|TRNA-processing|TGTAAAACCACTTTACA
AE001437.1|cds-AAK79222.1|gene-CA_C1251|rodA|1395591|1396712|+|Cell|TGTAAATAATGTTTACA
AE001437.1|cds-AAK79222.1|gene-CA_C1251|rodA|1395591|1396712|+|Cell|TGTAAACATTATTTACA
AE001437.1|cds-AAK80740.1|gene-CA_C2796|None|2923607|2924791|-|MoaA/NirJ|TGTAAATATACTTTACA
AE001437.1|cds-AAK80740.1|gene-CA_C2796|None|2923607|2924791|-|MoaA/NirJ|TGTAAAGTATATTTACA
AE001437.1|cds-AAK81150.1|gene-CA_C3214|None|3360238|3360789|-|Stage|TGTAAAAATATTTTACA
AE001437.1|cds-AAK81150.1|gene-CA_C3214|None|3360238|3360789|-|Stage|TGTAAAATATTTTTACA
AE001437.1|cds-AAK80448.1|gene-CA_C2494|None|2601128|2601538|-|Predicted|TGTAAAGGTAGCTTTACA
AE001437.1|cds-AAK80448.1|gene-CA_C2494|None|2601128|2601538|-|Predicted|TGTAAAGCTACCTTTACA
AE001437.1|cds-AAK80450.1|gene-CA_C2496|None|2601929|2602555|+|Predicted|TGTAAAGCTACCTTTACA
AE001437.1|cds-AAK80450.1|gene-CA_C2496|None|2601929|2602555|+|Predicted|TGTAAAGGTAGCTTTACA
AE001437.1|cds-AAK80449.1|gene-CA_C2495|None|2601592|2601786|-|Predicted|TGTAAAGGTAGCTTTACA
AE001437.1|cds-AAK80449.1|gene-CA_C2495|None|2601592|2601786|-|Predicted|TGTAAAGCTACCTTTACA
AE001437.1|cds-AAK80380.1|gene-CA_C2426|None|2541823|2542749|+|Uncharacterized|TGTAAATTTCATTTTACA
AE001437.1|cds-AAK80380.1|gene-CA_C2426|None|2541823|2542749|+|Uncharacterized|TGTAAAATGAAATTTACA
AE001438.3|cds-AAK76913.1|gene-CA_P0168|amyA|181586|183868|-|Alpha-amylase|TGTAAAGAAATAATTTACA
AE001438.3|cds-AAK76913.1|gene-CA_P0168|amyA|181586|183868|-|Alpha-amylase|TGTAAATTATTTCTTTACA
AE001437.1|cds-AAK80470.1|gene-CA_C2516|None|2625157|2625324|+|Hypothetical|TGTAAATATTTTTTTTACA
AE001437.1|cds-AAK80470.1|gene-CA_C2516|None|2625157|2625324|+|Hypothetical|TGTAAAAAAAATATTTACA
AE001438.3|cds-AAK76874.1|gene-CA_P0129|None|139943|140686|-|Glycogen-binding|TGTAAATGTACACCTTTACA
AE001438.3|cds-AAK76874.1|gene-CA_P0129|None|139943|140686|-|Glycogen-binding|TGTAAAGGTGTACATTTACA
AE001438.3|cds-AAK76907.1|gene-CA_P0162|adhe1|175810|178398|+|Aldehyde|TGTAAAAGTTGCTATTTACA
AE001438.3|cds-AAK76907.1|gene-CA_P0162|adhe1|175810|178398|+|Aldehyde|TGTAAATAGCAACTTTTACA
AE001437.1|cds-AAK80471.1|gene-CA_C2517|nrpE|2625465|2627138|+|Extracellular|TGTAAACGGTTATTTTTACA
AE001437.1|cds-AAK80471.1|gene-CA_C2517|nrpE|2625465|2627138|+|Extracellular|TGTAAAAATAACCGTTTACA
AE001437.1|cds-AAK78802.1|gene-CA_C0826|None|956696|957808|-|Endoglucanase|TGTAAATTTCTATTTTTACA
AE001437.1|cds-AAK78802.1|gene-CA_C0826|None|956696|957808|-|Endoglucanase|TGTAAAAATAGAAATTTACA
AE001437.1|cds-AAK79401.1|gene-CA_C1433|None|1577354|1578094|+|Hypothetical|TGTAAAATTTATTGTTTACA
AE001437.1|cds-AAK79401.1|gene-CA_C1433|None|1577354|1578094|+|Hypothetical|TGTAAACAATAAATTTTACA
AE001437.1|cds-AAK79190.1|gene-CA_C1218|None|1362044|1362586|+|Phage|TGTAAAGGGTATTTTTTTACA
AE001437.1|cds-AAK79190.1|gene-CA_C1218|None|1362044|1362586|+|Phage|TGTAAAAAAATACCCTTTACA
AE001437.1|cds-AAK81570.1|gene-CA_C3648|None|3848232|3849110|-|Acetyltransferase|TGTAAAAGCTTATATTTTTACA
AE001437.1|cds-AAK81570.1|gene-CA_C3648|None|3848232|3849110|-|Acetyltransferase|TGTAAAAATATAAGCTTTTACA
AE001437.1|cds-AAK81571.1|gene-CA_C3649|spoVT|3849693|3849947|+|Possible|TGTAAAAATATAAGCTTTTACA
AE001437.1|cds-AAK81571.1|gene-CA_C3649|spoVT|3849693|3849947|+|Possible|TGTAAAAGCTTATATTTTTACA
AE001437.1|cds-AAK79499.1|gene-CA_C1532|None|1674076|1675551|+|Protein|TGTAAAGTTGAGTATGATTTACA
AE001437.1|cds-AAK79499.1|gene-CA_C1532|None|1674076|1675551|+|Protein|TGTAAATCATACTCAACTTTACA
AE001437.1|cds-AAK79693.1|gene-CA_C1727|None|1875972|1876781|+|Protein|TGTAAAAAATACTCTGATTTTACA
AE001437.1|cds-AAK79693.1|gene-CA_C1727|None|1875972|1876781|+|Protein|TGTAAAATCAGAGTATTTTTTACA
AE001437.1|cds-AAK78465.1|gene-CA_C0485|None|560374|561225|+|TRNA-processing|TGTAAAATTGTAAAGTGGTTTTACA
AE001437.1|cds-AAK78465.1|gene-CA_C0485|None|560374|561225|+|TRNA-processing|TGTAAAACCACTTTACAATTTTACA
AE001437.1|cds-AAK80021.1|gene-CA_C2062|None|2165379|2166560|-|TRNA|TGTAAAACTGTTTTAATGGCTTTACA
AE001437.1|cds-AAK80021.1|gene-CA_C2062|None|2165379|2166560|-|TRNA|TGTAAAGCCATTAAAACAGTTTTACA
AE001437.1|cds-AAK78637.1|gene-CA_C0660|None|767958|768161|+|Hypothetical|TGTAAAATATAAAAGGATTTTTTACA
AE001437.1|cds-AAK78637.1|gene-CA_C0660|None|767958|768161|+|Hypothetical|TGTAAAAAATCCTTTTATATTTTACA
AE001437.1|cds-AAK79565.1|gene-CA_C1598|None|1742414|1742797|+|Hypothetical|TGTAAAAAGACCTTTACTGATTTTACA
AE001437.1|cds-AAK79565.1|gene-CA_C1598|None|1742414|1742797|+|Hypothetical|TGTAAAATCAGTAAAGGTCTTTTTACA
AE001437.1|cds-AAK80619.1|gene-CA_C2672|None|2789205|2789477|-|Predicted|TGTAAAAAACAGAATAAACTGTTTACA
AE001437.1|cds-AAK80619.1|gene-CA_C2672|None|2789205|2789477|-|Predicted|TGTAAACAGTTTATTCTGTTTTTTACA
AE001437.1|cds-AAK81164.1|gene-CA_C3229|None|3377589|3378608|+|NADH:flavin|TGTAAAACTATTTTTGATAGTTTTACA
AE001437.1|cds-AAK81164.1|gene-CA_C3229|None|3377589|3378608|+|NADH:flavin|TGTAAAACTATCAAAAATAGTTTTACA
AE001437.1|cds-AAK78780.1|gene-CA_C0804|None|928556|930250|+|Pectate|TGTAAAAAAACAACTAATTTATTTACA
AE001437.1|cds-AAK78780.1|gene-CA_C0804|None|928556|930250|+|Pectate|TGTAAATAAATTAGTTGTTTTTTTACA
AE001437.1|cds-AAK78927.1|gene-CA_C0951|None|1090270|1090701|+|Ferric|TGTAAAAAGGCATTATTTAAGTTTTACA
AE001437.1|cds-AAK78927.1|gene-CA_C0951|None|1090270|1090701|+|Ferric|TGTAAAACTTAAATAATGCCTTTTTACA
AE001437.1|cds-AAK79669.1|gene-CA_C1703|None|1853272|1853622|+|Methyl-accepting|TGTAAAGGAGATACTATATGAATTTTACA
AE001437.1|cds-AAK79669.1|gene-CA_C1703|None|1853272|1853622|+|Methyl-accepting|TGTAAAATTCATATAGTATCTCCTTTACA
AE001437.1|cds-AAK80901.1|gene-CA_C2959|galK|3092319|3093488|+|Galactokinase|TGTAAAATCTAATAAAAACAAGCTTTACA
AE001437.1|cds-AAK80900.1|gene-CA_C2958|None|3091364|3091858|-|PTS|TGTAAAGCTTGTTTTTATTAGATTTTACA
AE001437.1|cds-AAK80901.1|gene-CA_C2959|galK|3092319|3093488|+|Galactokinase|TGTAAAGCTTGTTTTTATTAGATTTTACA
AE001437.1|cds-AAK80900.1|gene-CA_C2958|None|3091364|3091858|-|PTS|TGTAAAATCTAATAAAAACAAGCTTTACA
AE001437.1|cds-AAK81574.1|gene-CA_C3652|alsS|3853108|3854799|-|Acetolactate|TGTAAAATTCAAAATCACATAAATTTACA
AE001437.1|cds-AAK81574.1|gene-CA_C3652|alsS|3853108|3854799|-|Acetolactate|TGTAAATTTATGTGATTTTGAATTTTACA
AE001437.1|cds-AAK78194.1|gene-CA_C0212|None|237128|237937|+|Biotin-(acetyl-CoA|TGTAAACCGATAATATAACATCGGTTTACA
AE001438.3|cds-AAK76907.1|gene-CA_P0162|adhe1|175810|178398|+|Aldehyde|TGTAAACCTTGTTTTGTTTTGCAGTTTACA
AE001437.1|cds-AAK78194.1|gene-CA_C0212|None|237128|237937|+|Biotin-(acetyl-CoA|TGTAAACCGATGTTATATTATCGGTTTACA
AE001438.3|cds-AAK76907.1|gene-CA_P0162|adhe1|175810|178398|+|Aldehyde|TGTAAACTGCAAAACAAAACAAGGTTTACA
AE001437.1|cds-AAK78193.1|gene-CA_C0211|bioY|236407|236961|-|BioY|TGTAAACCGATGTTATATTATCGGTTTACA
AE001437.1|cds-AAK78193.1|gene-CA_C0211|bioY|236407|236961|-|BioY|TGTAAACCGATAATATAACATCGGTTTACA
AE001437.1|cds-AAK79729.1|gene-CA_C1763|None|1908109|1908477|-|Predicted|TGTAAAAAGATTGCCATTTTCATTTTTACA
AE001437.1|cds-AAK79729.1|gene-CA_C1763|None|1908109|1908477|-|Predicted|TGTAAAAATGAAAATGGCAATCTTTTTACA
AE001437.1|cds-AAK81385.1|gene-CA_C3456|None|3652787|3653326|-|Uncharacterized|TGTAAACCTAAACTATAAATATGGTTTACA
AE001437.1|cds-AAK81385.1|gene-CA_C3456|None|3652787|3653326|-|Uncharacterized|TGTAAACCATATTTATAGTTTAGGTTTACA
AE001437.1|cds-AAK81151.1|gene-CA_C3215|prsA|3361034|3362095|-|Parvulin-like|TGTAAAGAGGGAAGATATGTTAGAAAATTTACA
AE001437.1|cds-AAK81151.1|gene-CA_C3215|prsA|3361034|3362095|-|Parvulin-like|TGTAAATTTTCTAACATATCTTCCCTCTTTACA
AE001437.1|cds-AAK79812.1|gene-CA_C1848|cmk|2000596|2001249|-|Cytidylate|TGTAAATTGACAGACTTCAAGAAAACTTTTACA
AE001437.1|cds-AAK79812.1|gene-CA_C1848|cmk|2000596|2001249|-|Cytidylate|TGTAAAAGTTTTCTTGAAGTCTGTCAATTTACA
AE001437.1|cds-AAK80735.1|gene-CA_C2791|None|2919291|2920676|-|MoaA/NirJ|TGTAAAATAAATTTGTGGAATAAGGTATTTACA
AE001437.1|cds-AAK80736.1|gene-CA_C2792|None|2920964|2921584|+|Uncharcterized|TGTAAATACCTTATTCCACAAATTTATTTTACA
AE001437.1|cds-AAK80735.1|gene-CA_C2791|None|2919291|2920676|-|MoaA/NirJ|TGTAAATACCTTATTCCACAAATTTATTTTACA
AE001437.1|cds-AAK80736.1|gene-CA_C2792|None|2920964|2921584|+|Uncharcterized|TGTAAAATAAATTTGTGGAATAAGGTATTTACA
AE001437.1|cds-AAK79801.1|gene-CA_C1837|mutS|1988474|1991083|-|Mismatch|TGTAAAAGAGGTAGAGTACGATTCAGCATTTACA
AE001437.1|cds-AAK79801.1|gene-CA_C1837|mutS|1988474|1991083|-|Mismatch|TGTAAATGCTGAATCGTACTCTACCTCTTTTACA
AE001437.1|cds-AAK80144.1|gene-CA_C2186|None|2277713|2278732|-|Glycosyltransferase|TGTAAAAGATATAAAAAAAGGCGAGACATTTACA
AE001437.1|cds-AAK80144.1|gene-CA_C2186|None|2277713|2278732|-|Glycosyltransferase|TGTAAATGTCTCGCCTTTTTTTATATCTTTTACA
AE001437.1|cds-AAK80231.1|gene-CA_C2274|spoT|2376156|2378378|-|RelA/SpoT|TGTAAAAAGTAAACAAAAGTCTAATCTCTTTACA
AE001437.1|cds-AAK80231.1|gene-CA_C2274|spoT|2376156|2378378|-|RelA/SpoT|TGTAAAGAGATTAGACTTTTGTTTACTTTTTACA
AE001437.1|cds-AAK81561.1|gene-CA_C3638|None|3839255|3840175|-|Oligopeptide|TGTAAAAGAGTATTATTAAGGAATAATGTTTACA
AE001437.1|cds-AAK81561.1|gene-CA_C3638|None|3839255|3840175|-|Oligopeptide|TGTAAACATTATTCCTTAATAATACTCTTTTACA
AE001437.1|cds-AAK78748.1|gene-CA_C0772|None|894839|895648|+|Cobalt|TGTAAAGCAAATTAAAAATCTTATAGGTTTTACA
AE001437.1|cds-AAK78748.1|gene-CA_C0772|None|894839|895648|+|Cobalt|TGTAAAACCTATAAGATTTTTAATTTGCTTTACA
AE001437.1|cds-AAK81562.1|gene-CA_C3639|None|3840211|3840429|-|CRO|TGTAAAAGAGTATTATTAAGGAATAATGTTTACA
AE001437.1|cds-AAK81562.1|gene-CA_C3639|None|3840211|3840429|-|CRO|TGTAAACATTATTCCTTAATAATACTCTTTTACA
AE001437.1|cds-AAK78416.1|gene-CA_C0436|None|503283|504170|+|Predicted|TGTAAAATAAATTAGCATTTTTATTAGTTTTACA
AE001437.1|cds-AAK78416.1|gene-CA_C0436|None|503283|504170|+|Predicted|TGTAAAACTAATAAAAATGCTAATTTATTTTACA
AE001437.1|cds-AAK78414.1|gene-CA_C0434|None|502242|502709|-|Putative|TGTAAAACTAATAAAAATGCTAATTTATTTTACA
AE001437.1|cds-AAK78414.1|gene-CA_C0434|None|502242|502709|-|Putative|TGTAAAATAAATTAGCATTTTTATTAGTTTTACA
AE001437.1|cds-AAK81019.1|gene-CA_C3079|None|3230028|3230873|-|Uncharacterized|TGTAAAAATCCATATATATATTCTTTTATTTACA
AE001437.1|cds-AAK81019.1|gene-CA_C3079|None|3230028|3230873|-|Uncharacterized|TGTAAATAAAAGAATATATATATGGATTTTTACA
AE001437.1|cds-AAK81020.1|gene-CA_C3080|None|3231045|3232007|+|Hypothetical|TGTAAATAAAAGAATATATATATGGATTTTTACA
AE001437.1|cds-AAK81020.1|gene-CA_C3080|None|3231045|3232007|+|Hypothetical|TGTAAAAATCCATATATATATTCTTTTATTTACA
AE001437.1|cds-AAK81319.1|gene-CA_C3389|None|3567510|3573329|-|Possible|TGTAAAGGTGGAGGATTCTGTAGAGGAGCTTTACA
AE001437.1|cds-AAK81319.1|gene-CA_C3389|None|3567510|3573329|-|Possible|TGTAAAGCTCCTCTACAGAATCCTCCACCTTTACA
AE001437.1|cds-AAK80644.1|gene-CA_C2697|None|2819666|2820643|-|Hypothetical|TGTAAATACTTATTATTTTTGCAAAAAGTTTTACA
AE001437.1|cds-AAK80644.1|gene-CA_C2697|None|2819666|2820643|-|Hypothetical|TGTAAAACTTTTTGCAAAAATAATAAGTATTTACA
AE001437.1|cds-AAK79322.1|gene-CA_C1354|None|1499695|1500174|+|Phosphotransferase|TGTAAACGGTATCTGTAATAAAGTGTATTTTTTACA
AE001437.1|cds-AAK79322.1|gene-CA_C1354|None|1499695|1500174|+|Phosphotransferase|TGTAAAAAATACACTTTATTACAGATACCGTTTACA
AE001437.1|cds-AAK79321.1|gene-CA_C1353|None|1497812|1499278|-|Phosphotransferase|TGTAAAAAATACACTTTATTACAGATACCGTTTACA
AE001437.1|cds-AAK79321.1|gene-CA_C1353|None|1497812|1499278|-|Phosphotransferase|TGTAAACGGTATCTGTAATAAAGTGTATTTTTTACA
AE001437.1|cds-AAK79357.1|gene-CA_C1389|None|1531690|1534011|+|Protein|TGTAAATGAAAAGCAATAAGTGAAAATTGATTTACA
AE001437.1|cds-AAK79357.1|gene-CA_C1389|None|1531690|1534011|+|Protein|TGTAAATCAATTTTCACTTATTGCTTTTCATTTACA
AE001437.1|cds-AAK80588.1|gene-CA_C2641|tig|2751970|2753265|-|FKBP-type|TGTAAATTATGATGGAAATTTAATAATAGAAGTTTACA
AE001437.1|cds-AAK80588.1|gene-CA_C2641|tig|2751970|2753265|-|FKBP-type|TGTAAACTTCTATTATTAAATTTCCATCATAATTTACA
AE001437.1|cds-AAK80593.1|gene-CA_C2646|sipS|2759969|2760523|-|Signal|TGTAAACTTACTAATATTGAAAGTTATAATAATGTTTACA
AE001437.1|cds-AAK80593.1|gene-CA_C2646|sipS|2759969|2760523|-|Signal|TGTAAACATTATTATAACTTTCAATATTAGTAAGTTTACA
AE001437.1|cds-AAK78187.1|gene-CA_C0205|None|229452|231410|-|Predicted|TGTAAAAAGTAAGTTAATTCTATGTTATGTATTTTTTACA
AE001437.1|cds-AAK78188.1|gene-CA_C0206|None|231611|232804|+|Uncharacterized|TGTAAAAAATACATAACATAGAATTAACTTACTTTTTACA
AE001437.1|cds-AAK78187.1|gene-CA_C0205|None|229452|231410|-|Predicted|TGTAAAAAATACATAACATAGAATTAACTTACTTTTTACA
AE001437.1|cds-AAK78188.1|gene-CA_C0206|None|231611|232804|+|Uncharacterized|TGTAAAAAGTAAGTTAATTCTATGTTATGTATTTTTTACA
AE001437.1|cds-AAK78221.1|gene-CA_C0240|None|271300|271926|+|Response|TGTAAATATAGACATAAATGATAAGTATATAAGGCTTTACA
AE001437.1|cds-AAK78221.1|gene-CA_C0240|None|271300|271926|+|Response|TGTAAAGCCTTATATACTTATCATTTATGTCTATATTTACA
AE001437.1|cds-AAK81265.1|gene-CA_C3333|None|3506570|3507694|-|Uncharacterized|TGTAAATTAGGCTGCTTATTAATAAATACATGTTTTATTTACA
AE001437.1|cds-AAK81265.1|gene-CA_C3333|None|3506570|3507694|-|Uncharacterized|TGTAAATAAAACATGTATTTATTAATAAGCAGCCTAATTTACA
AE001437.1|cds-AAK79322.1|gene-CA_C1354|None|1499695|1500174|+|Phosphotransferase|TGTAAACGGTATCTGTAATAAAGTGTATTTTTTACATCGTTTACA
AE001437.1|cds-AAK80444.1|gene-CA_C2490|None|2597236|2598540|-|Xre|TGTAAAAAGACGCAGAATATAATATGCTTATTATGGAAGTTTACA
AE001437.1|cds-AAK79321.1|gene-CA_C1353|None|1497812|1499278|-|Phosphotransferase|TGTAAACGATGTAAAAAATACACTTTATTACAGATACCGTTTACA
AE001437.1|cds-AAK79322.1|gene-CA_C1354|None|1499695|1500174|+|Phosphotransferase|TGTAAACGATGTAAAAAATACACTTTATTACAGATACCGTTTACA
AE001437.1|cds-AAK80444.1|gene-CA_C2490|None|2597236|2598540|-|Xre|TGTAAACTTCCATAATAAGCATATTATATTCTGCGTCTTTTTACA
AE001437.1|cds-AAK79321.1|gene-CA_C1353|None|1497812|1499278|-|Phosphotransferase|TGTAAACGGTATCTGTAATAAAGTGTATTTTTTACATCGTTTACA
AE001437.1|cds-AAK80445.1|gene-CA_C2491|None|2598885|2599352|+|Predicted|TGTAAACTTCCATAATAAGCATATTATATTCTGCGTCTTTTTACA
AE001437.1|cds-AAK80445.1|gene-CA_C2491|None|2598885|2599352|+|Predicted|TGTAAAAAGACGCAGAATATAATATGCTTATTATGGAAGTTTACA
AE001437.1|cds-AAK78433.1|gene-CA_C0453|None|521468|522151|+|ABC-transporter%2C|TGTAAAATTTATAAAGTTAAAACACCCGCGTTCTAAAAATTTTACA
AE001437.1|cds-AAK78433.1|gene-CA_C0453|None|521468|522151|+|ABC-transporter%2C|TGTAAAATTTTTAGAACGCGGGTGTTTTAACTTTATAAATTTTACA
AE001437.1|cds-AAK78432.1|gene-CA_C0452|None|520391|521062|-|Permease|TGTAAAATTTTTAGAACGCGGGTGTTTTAACTTTATAAATTTTACA
AE001437.1|cds-AAK78432.1|gene-CA_C0452|None|520391|521062|-|Permease|TGTAAAATTTATAAAGTTAAAACACCCGCGTTCTAAAAATTTTACA
AE001437.1|cds-AAK80408.1|gene-CA_C2454|None|2570618|2571442|-|Hypothetical|TGTAAAAATGGTACTGATAGTAAGGATATAACCAAGATTGTTTTTACA
AE001437.1|cds-AAK80408.1|gene-CA_C2454|None|2570618|2571442|-|Hypothetical|TGTAAAAACAATCTTGGTTATATCCTTACTATCAGTACCATTTTTACA
AE001437.1|cds-AAK80832.1|gene-CA_C2889|rho|3019655|3021106|-|Transcription|TGTAAATTATGTATTGAAAATAAAATAAAGTTGCAAATAATTTTTACA
AE001437.1|cds-AAK80832.1|gene-CA_C2889|rho|3019655|3021106|-|Transcription|TGTAAAAATTATTTGCAACTTTATTTTATTTTCAATACATAATTTACA
AE001437.1|cds-AAK80083.1|gene-CA_C2125|divIB|2214590|2215339|-|Cell|TGTAAATTCAAAGACAGTATAAATAATTTTTTCTTGAATTTAGTTTACA
AE001437.1|cds-AAK80083.1|gene-CA_C2125|divIB|2214590|2215339|-|Cell|TGTAAACTAAATTCAAGAAAAAATTATTTATACTGTCTTTGAATTTACA
AE001437.1|cds-AAK80976.1|gene-CA_C3036|None|3179380|3183435|-|Superfamily|TGTAAATAAAATATAATTTATAGGAAAAACGGTTAAATTAAGTTTTACA
AE001437.1|cds-AAK80976.1|gene-CA_C3036|None|3179380|3183435|-|Superfamily|TGTAAAACTTAATTTAACCGTTTTTCCTATAAATTATATTTTATTTACA
AE001438.3|cds-AAK76894.1|gene-CA_P0149|None|158912|160216|-|Xre|TGTAAAAATATACCAAATATATAATAGCATATATTTATATGTTTTTACA
AE001438.3|cds-AAK76894.1|gene-CA_P0149|None|158912|160216|-|Xre|TGTAAAAACATATAAATATATGCTATTATATATTTGGTATATTTTTACA
AE001438.3|cds-AAK76895.1|gene-CA_P0150|spoVD|160566|162371|+|Stage|TGTAAAAACATATAAATATATGCTATTATATATTTGGTATATTTTTACA
AE001438.3|cds-AAK76895.1|gene-CA_P0150|spoVD|160566|162371|+|Stage|TGTAAAAATATACCAAATATATAATAGCATATATTTATATGTTTTTACA
AE001438.3|cds-AAK76804.1|gene-CA_P0058|None|59107|59727|-|Rare|TGTAAAAATATCGCAACTAGTCAAAATATATAGCACATTATTATTTTACA
AE001438.3|cds-AAK76804.1|gene-CA_P0058|None|59107|59727|-|Rare|TGTAAAATAATAATGTGCTATATATTTTGACTAGTTGCGATATTTTTACA
AE001437.1|cds-AAK81207.1|gene-CA_C3273|None|3422309|3423811|+|Possible|TGTAAATCTTTAAAATTAAGCCCTGATGTTAATTAATTACATTTTTTACA
AE001437.1|cds-AAK81207.1|gene-CA_C3273|None|3422309|3423811|+|Possible|TGTAAAAAATGTAATTAATTAACATCAGGGCTTAATTTTAAAGATTTACA
AE001437.1|cds-AAK78187.1|gene-CA_C0205|None|229452|231410|-|Predicted|TGTAAAAAGTAAGTTAATTCTATGTTATGTATTTTTTACAAAAATTTACA
AE001437.1|cds-AAK78188.1|gene-CA_C0206|None|231611|232804|+|Uncharacterized|TGTAAATTTTTGTAAAAAATACATAACATAGAATTAACTTACTTTTTACA
AE001437.1|cds-AAK78187.1|gene-CA_C0205|None|229452|231410|-|Predicted|TGTAAATTTTTGTAAAAAATACATAACATAGAATTAACTTACTTTTTACA
AE001437.1|cds-AAK78188.1|gene-CA_C0206|None|231611|232804|+|Uncharacterized|TGTAAAAAGTAAGTTAATTCTATGTTATGTATTTTTTACAAAAATTTACA
