Sequence ID	Sequence Length	motif	start	end	strand	mismatches	prediction sequence
random	248	ACCGUUUUGAAAGGCG	172	187	+	0	ACCGUUUUGAAAGGCG
