Sequence_ID	Sequence_Length	Motif	motif_type	start	end	strand	motif1_mismatch	fragment1	motif2_mismatch	fragment2	mismatches	gap_length	matched_sequence
AE001437.1|cds-AAK78187.1|gene-CA_C0205|None|229452|231410|-|Predicted	400	TGTAAA,TTTACA	variable_gap_motifs	272	311	+	0	TGTAAA	0	TTTACA	0	28	GTAAAAAGTAAGTTAATTCTATGTTATGTATTTTTTACAA
AE001437.1|cds-AAK78187.1|gene-CA_C0205|None|229452|231410|-|Predicted	400	TGTAAA,TTTACA	variable_gap_motifs	272	321	+	0	TGTAAA	0	TTTACA	0	38	GTAAAAAGTAAGTTAATTCTATGTTATGTATTTTTTACAAAAATTTACAC
AE001437.1|cds-AAK78188.1|gene-CA_C0206|None|231611|232804|+|Uncharacterized	400	TGTAAA,TTTACA	variable_gap_motifs	279	328	+	0	TGTAAA	0	TTTACA	0	38	GTAAATTTTTGTAAAAAATACATAACATAGAATTAACTTACTTTTTACAC
AE001437.1|cds-AAK78188.1|gene-CA_C0206|None|231611|232804|+|Uncharacterized	400	TGTAAA,TTTACA	variable_gap_motifs	289	328	+	0	TGTAAA	0	TTTACA	0	28	GTAAAAAATACATAACATAGAATTAACTTACTTTTTACAC
AE001437.1|cds-AAK78193.1|gene-CA_C0211|bioY|236407|236961|-|BioY	400	TGTAAA,TTTACA	variable_gap_motifs	351	380	+	0	TGTAAA	0	TTTACA	0	18	GTAAACCGATGTTATATTATCGGTTTACAA
AE001437.1|cds-AAK78194.1|gene-CA_C0212|None|237128|237937|+|Biotin-(acetyl-CoA	400	TGTAAA,TTTACA	variable_gap_motifs	254	283	+	0	TGTAAA	0	TTTACA	0	18	GTAAACCGATAATATAACATCGGTTTACAA
AE001437.1|cds-AAK78221.1|gene-CA_C0240|None|271300|271926|+|Response	400	TGTAAA,TTTACA	variable_gap_motifs	197	237	+	0	TGTAAA	0	TTTACA	0	29	GTAAATATAGACATAAATGATAAGTATATAAGGCTTTACAT
AE001437.1|cds-AAK78414.1|gene-CA_C0434|None|502242|502709|-|Putative	400	TGTAAA,TTTACA	variable_gap_motifs	145	178	+	0	TGTAAA	0	TTTACA	0	22	GTAAAACTAATAAAAATGCTAATTTATTTTACAC
AE001437.1|cds-AAK78416.1|gene-CA_C0436|None|503283|504170|+|Predicted	400	TGTAAA,TTTACA	variable_gap_motifs	49	82	+	0	TGTAAA	0	TTTACA	0	22	GTAAAATAAATTAGCATTTTTATTAGTTTTACAT
AE001437.1|cds-AAK78432.1|gene-CA_C0452|None|520391|521062|-|Permease	400	TGTAAA,TTTACA	variable_gap_motifs	344	389	+	0	TGTAAA	0	TTTACA	0	34	GTAAAATTTTTAGAACGCGGGTGTTTTAACTTTATAAATTTTACAC
AE001437.1|cds-AAK78433.1|gene-CA_C0453|None|521468|522151|+|ABC-transporter%2C	400	TGTAAA,TTTACA	variable_gap_motifs	6	51	+	0	TGTAAA	0	TTTACA	0	34	GTAAAATTTATAAAGTTAAAACACCCGCGTTCTAAAAATTTTACAC
AE001437.1|cds-AAK78465.1|gene-CA_C0485|None|560374|561225|+|TRNA-processing	400	TGTAAA,TTTACA	variable_gap_motifs	257	281	+	0	TGTAAA	0	TTTACA	0	13	GTAAAATTGTAAAGTGGTTTTACAT
AE001437.1|cds-AAK78465.1|gene-CA_C0485|None|560374|561225|+|TRNA-processing	400	TGTAAA,TTTACA	variable_gap_motifs	265	281	+	0	TGTAAA	0	TTTACA	0	5	GTAAAGTGGTTTTACAT
AE001437.1|cds-AAK78637.1|gene-CA_C0660|None|767958|768161|+|Hypothetical	400	TGTAAA,TTTACA	variable_gap_motifs	20	45	+	0	TGTAAA	0	TTTACA	0	14	GTAAAATATAAAAGGATTTTTTACAA
AE001437.1|cds-AAK78747.1|gene-CA_C0771|None|893874|894842|+|Cobalamin	400	TGTAAA,TTTACA	variable_gap_motifs	167	221	+	0	TGTAAA	0	TTTACA	0	43	GTAAATGTTAAATATATAATTTAGAATTGTTTTTTTATATAGTTAACATTTACAC
AE001437.1|cds-AAK78748.1|gene-CA_C0772|None|894839|895648|+|Cobalt	400	TGTAAA,TTTACA	variable_gap_motifs	205	238	+	0	TGTAAA	0	TTTACA	0	22	GTAAAGCAAATTAAAAATCTTATAGGTTTTACAC
AE001437.1|cds-AAK78780.1|gene-CA_C0804|None|928556|930250|+|Pectate	400	TGTAAA,TTTACA	variable_gap_motifs	229	255	+	0	TGTAAA	0	TTTACA	0	15	GTAAAAAAACAACTAATTTATTTACAT
AE001437.1|cds-AAK78802.1|gene-CA_C0826|None|956696|957808|-|Endoglucanase	400	TGTAAA,TTTACA	variable_gap_motifs	172	191	+	0	TGTAAA	0	TTTACA	0	8	GTAAATTTCTATTTTTACAC
AE001437.1|cds-AAK78878.1|gene-CA_C0902|None|1031674|1032357|+|Predicted	400	TGTAAA,TTTACA	variable_gap_motifs	295	356	+	0	TGTAAA	0	TTTACA	0	50	GTAAAAAAATGGTTGTATTTTTGGGAAGAATGTATTACAATAAAAATGTAATATATTTACAA
AE001437.1|cds-AAK78927.1|gene-CA_C0951|None|1090270|1090701|+|Ferric	400	TGTAAA,TTTACA	variable_gap_motifs	280	307	+	0	TGTAAA	0	TTTACA	0	16	GTAAAAAGGCATTATTTAAGTTTTACAT
AE001437.1|cds-AAK78928.1|gene-CA_C0952|None|1090703|1091047|-|Hypothetical	400	TGTAAA,TTTACA	variable_gap_motifs	368	382	+	0	TGTAAA	0	TTTACA	0	3	GTAAATATTTTACAA
AE001437.1|cds-AAK78929.1|gene-CA_C0953|None|1091155|1091553|+|Hypothetical	400	TGTAAA,TTTACA	variable_gap_motifs	311	325	+	0	TGTAAA	0	TTTACA	0	3	GTAAAATATTTACAA
AE001437.1|cds-AAK79146.1|gene-CA_C1174|None|1330234|1330416|+|Hypothetical	400	TGTAAA,TTTACA	variable_gap_motifs	108	161	+	0	TGTAAA	0	TTTACA	0	42	GTAAAAGTGCAATAGAAGAAATTTTGGAATTAGCAAAAATGGCTGTTTTTACAG
AE001437.1|cds-AAK79190.1|gene-CA_C1218|None|1362044|1362586|+|Phage	400	TGTAAA,TTTACA	variable_gap_motifs	155	175	+	0	TGTAAA	0	TTTACA	0	9	GTAAAGGGTATTTTTTTACAA
AE001437.1|cds-AAK79222.1|gene-CA_C1251|rodA|1395591|1396712|+|Cell	400	TGTAAA,TTTACA	variable_gap_motifs	292	308	+	0	TGTAAA	0	TTTACA	0	5	GTAAATAATGTTTACAG
AE001437.1|cds-AAK79321.1|gene-CA_C1353|None|1497812|1499278|-|Phosphotransferase	400	TGTAAA,TTTACA	variable_gap_motifs	183	227	+	0	TGTAAA	0	TTTACA	0	33	GTAAACGATGTAAAAAATACACTTTATTACAGATACCGTTTACAT
AE001437.1|cds-AAK79321.1|gene-CA_C1353|None|1497812|1499278|-|Phosphotransferase	400	TGTAAA,TTTACA	variable_gap_motifs	192	227	+	0	TGTAAA	0	TTTACA	0	24	GTAAAAAATACACTTTATTACAGATACCGTTTACAT
AE001437.1|cds-AAK79322.1|gene-CA_C1354|None|1499695|1500174|+|Phosphotransferase	400	TGTAAA,TTTACA	variable_gap_motifs	157	192	+	0	TGTAAA	0	TTTACA	0	24	GTAAACGGTATCTGTAATAAAGTGTATTTTTTACAT
AE001437.1|cds-AAK79322.1|gene-CA_C1354|None|1499695|1500174|+|Phosphotransferase	400	TGTAAA,TTTACA	variable_gap_motifs	157	201	+	0	TGTAAA	0	TTTACA	0	33	GTAAACGGTATCTGTAATAAAGTGTATTTTTTACATCGTTTACAA
AE001437.1|cds-AAK79357.1|gene-CA_C1389|None|1531690|1534011|+|Protein	400	TGTAAA,TTTACA	variable_gap_motifs	349	384	+	0	TGTAAA	0	TTTACA	0	24	GTAAATGAAAAGCAATAAGTGAAAATTGATTTACAA
AE001437.1|cds-AAK79401.1|gene-CA_C1433|None|1577354|1578094|+|Hypothetical	400	TGTAAA,TTTACA	variable_gap_motifs	273	292	+	0	TGTAAA	0	TTTACA	0	8	GTAAAATTTATTGTTTACAT
AE001437.1|cds-AAK79402.1|gene-CA_C1434|None|1578183|1580060|-|Alkaline	400	TGTAAA,TTTACA	variable_gap_motifs	290	342	+	0	TGTAAA	0	TTTACA	0	41	GTAAACATTACTTTTTATAAATTTTTAGTTTATATATCTAAAATACTTTACAA
AE001437.1|cds-AAK79403.1|gene-CA_C1435|None|1580242|1581612|+|S-adenosylmethionine-dependent	400	TGTAAA,TTTACA	variable_gap_motifs	277	329	+	0	TGTAAA	0	TTTACA	0	41	GTAAAGTATTTTAGATATATAAACTAAAAATTTATAAAAAGTAATGTTTACAT
AE001437.1|cds-AAK79499.1|gene-CA_C1532|None|1674076|1675551|+|Protein	400	TGTAAA,TTTACA	variable_gap_motifs	285	307	+	0	TGTAAA	0	TTTACA	0	11	GTAAAGTTGAGTATGATTTACAT
AE001437.1|cds-AAK79565.1|gene-CA_C1598|None|1742414|1742797|+|Hypothetical	400	TGTAAA,TTTACA	variable_gap_motifs	113	139	+	0	TGTAAA	0	TTTACA	0	15	GTAAAAAGACCTTTACTGATTTTACAT
AE001437.1|cds-AAK79669.1|gene-CA_C1703|None|1853272|1853622|+|Methyl-accepting	400	TGTAAA,TTTACA	variable_gap_motifs	6	34	+	0	TGTAAA	0	TTTACA	0	17	GTAAAGGAGATACTATATGAATTTTACAT
AE001437.1|cds-AAK79693.1|gene-CA_C1727|None|1875972|1876781|+|Protein	400	TGTAAA,TTTACA	variable_gap_motifs	135	158	+	0	TGTAAA	0	TTTACA	0	12	GTAAAAAATACTCTGATTTTACAG
AE001437.1|cds-AAK79729.1|gene-CA_C1763|None|1908109|1908477|-|Predicted	400	TGTAAA,TTTACA	variable_gap_motifs	207	236	+	0	TGTAAA	0	TTTACA	0	18	GTAAAAAGATTGCCATTTTCATTTTTACAT
AE001437.1|cds-AAK79801.1|gene-CA_C1837|mutS|1988474|1991083|-|Mismatch	400	TGTAAA,TTTACA	variable_gap_motifs	19	52	+	0	TGTAAA	0	TTTACA	0	22	GTAAAAGAGGTAGAGTACGATTCAGCATTTACAT
AE001437.1|cds-AAK79812.1|gene-CA_C1848|cmk|2000596|2001249|-|Cytidylate	400	TGTAAA,TTTACA	variable_gap_motifs	211	243	+	0	TGTAAA	0	TTTACA	0	21	GTAAATTGACAGACTTCAAGAAAACTTTTACAG
AE001437.1|cds-AAK80012.1|gene-CA_C2053|None|2159469|2160059|-|Hypothetical	400	TGTAAA,TTTACA	variable_gap_motifs	305	361	+	0	TGTAAA	0	TTTACA	0	45	GTAAAATATGTCTGAAGTGAAAATTATAAAAAATATCTGTAGCAAAAATATTTACAA
AE001437.1|cds-AAK80021.1|gene-CA_C2062|None|2165379|2166560|-|TRNA	400	TGTAAA,TTTACA	variable_gap_motifs	344	369	+	0	TGTAAA	0	TTTACA	0	14	GTAAAACTGTTTTAATGGCTTTACAG
AE001437.1|cds-AAK80083.1|gene-CA_C2125|divIB|2214590|2215339|-|Cell	400	TGTAAA,TTTACA	variable_gap_motifs	319	367	+	0	TGTAAA	0	TTTACA	0	37	GTAAATTCAAAGACAGTATAAATAATTTTTTCTTGAATTTAGTTTACAA
AE001437.1|cds-AAK80095.1|gene-CA_C2137|None|2229091|2231628|-|Cation	400	TGTAAA,TTTACA	variable_gap_motifs	237	294	+	0	TGTAAA	0	TTTACA	0	46	GTAAAGTATAAATGATTATATAAGGAAAGTAGAGTAAAACTTAACTGGATTTTTACAT
AE001437.1|cds-AAK80096.1|gene-CA_C2138|None|2231895|2232827|+|Exopolyphosphatase	400	TGTAAA,TTTACA	variable_gap_motifs	240	297	+	0	TGTAAA	0	TTTACA	0	46	GTAAAAATCCAGTTAAGTTTTACTCTACTTTCCTTATATAATCATTTATACTTTACAA
AE001437.1|cds-AAK80144.1|gene-CA_C2186|None|2277713|2278732|-|Glycosyltransferase	400	TGTAAA,TTTACA	variable_gap_motifs	216	249	+	0	TGTAAA	0	TTTACA	0	22	GTAAAAGATATAAAAAAAGGCGAGACATTTACAA
AE001437.1|cds-AAK80231.1|gene-CA_C2274|spoT|2376156|2378378|-|RelA/SpoT	400	TGTAAA,TTTACA	variable_gap_motifs	278	311	+	0	TGTAAA	0	TTTACA	0	22	GTAAAAAGTAAACAAAAGTCTAATCTCTTTACAA
AE001437.1|cds-AAK80232.1|gene-CA_C2275|apt|2378513|2379031|-|Adenine	400	TGTAAA,TTTACA	variable_gap_motifs	160	214	+	0	TGTAAA	0	TTTACA	0	43	GTAAATGCCGTGGGTAAGATGGATAATGCGAGAATAATAGTTCAACTTTTTACAA
AE001437.1|cds-AAK80380.1|gene-CA_C2426|None|2541823|2542749|+|Uncharacterized	400	TGTAAA,TTTACA	variable_gap_motifs	209	226	+	0	TGTAAA	0	TTTACA	0	6	GTAAATTTCATTTTACAG
AE001437.1|cds-AAK80408.1|gene-CA_C2454|None|2570618|2571442|-|Hypothetical	400	TGTAAA,TTTACA	variable_gap_motifs	328	375	+	0	TGTAAA	0	TTTACA	0	36	GTAAAAATGGTACTGATAGTAAGGATATAACCAAGATTGTTTTTACAA
AE001437.1|cds-AAK80442.1|gene-CA_C2488|None|2596376|2596930|-|Uncharacterized	400	TGTAAA,TTTACA	variable_gap_motifs	57	110	+	0	TGTAAA	0	TTTACA	0	42	GTAAATTTAGTGAGGATTTTATTAAGGATAAATTATAGAACTGGATTTTTACAC
AE001437.1|cds-AAK80444.1|gene-CA_C2490|None|2597236|2598540|-|Xre	400	TGTAAA,TTTACA	variable_gap_motifs	163	207	+	0	TGTAAA	0	TTTACA	0	33	GTAAAAAGACGCAGAATATAATATGCTTATTATGGAAGTTTACAT
AE001437.1|cds-AAK80445.1|gene-CA_C2491|None|2598885|2599352|+|Predicted	400	TGTAAA,TTTACA	variable_gap_motifs	249	293	+	0	TGTAAA	0	TTTACA	0	33	GTAAACTTCCATAATAAGCATATTATATTCTGCGTCTTTTTACAC
AE001437.1|cds-AAK80448.1|gene-CA_C2494|None|2601128|2601538|-|Predicted	400	TGTAAA,TTTACA	variable_gap_motifs	119	136	+	0	TGTAAA	0	TTTACA	0	6	GTAAAGGTAGCTTTACAT
AE001437.1|cds-AAK80449.1|gene-CA_C2495|None|2601592|2601786|-|Predicted	400	TGTAAA,TTTACA	variable_gap_motifs	367	384	+	0	TGTAAA	0	TTTACA	0	6	GTAAAGGTAGCTTTACAT
AE001437.1|cds-AAK80450.1|gene-CA_C2496|None|2601929|2602555|+|Predicted	400	TGTAAA,TTTACA	variable_gap_motifs	274	291	+	0	TGTAAA	0	TTTACA	0	6	GTAAAGCTACCTTTACAT
AE001437.1|cds-AAK80470.1|gene-CA_C2516|None|2625157|2625324|+|Hypothetical	400	TGTAAA,TTTACA	variable_gap_motifs	294	312	+	0	TGTAAA	0	TTTACA	0	7	GTAAATATTTTTTTTACAA
AE001437.1|cds-AAK80470.1|gene-CA_C2516|None|2625157|2625324|+|Hypothetical	400	TGTAAA,TTTACA	variable_gap_motifs	294	349	+	0	TGTAAA	0	TTTACA	0	44	GTAAATATTTTTTTTACAAAACTTTTCTTCTCCCTACAACTTTTCCTTATTTACAT
AE001437.1|cds-AAK80471.1|gene-CA_C2517|nrpE|2625465|2627138|+|Extracellular	400	TGTAAA,TTTACA	variable_gap_motifs	255	274	+	0	TGTAAA	0	TTTACA	0	8	GTAAACGGTTATTTTTACAT
AE001437.1|cds-AAK80588.1|gene-CA_C2641|tig|2751970|2753265|-|FKBP-type	400	TGTAAA,TTTACA	variable_gap_motifs	182	219	+	0	TGTAAA	0	TTTACA	0	26	GTAAATTATGATGGAAATTTAATAATAGAAGTTTACAG
AE001437.1|cds-AAK80593.1|gene-CA_C2646|sipS|2759969|2760523|-|Signal	400	TGTAAA,TTTACA	variable_gap_motifs	127	166	+	0	TGTAAA	0	TTTACA	0	28	GTAAACTTACTAATATTGAAAGTTATAATAATGTTTACAG
AE001437.1|cds-AAK80619.1|gene-CA_C2672|None|2789205|2789477|-|Predicted	400	TGTAAA,TTTACA	variable_gap_motifs	322	348	+	0	TGTAAA	0	TTTACA	0	15	GTAAAAAACAGAATAAACTGTTTACAA
AE001437.1|cds-AAK80644.1|gene-CA_C2697|None|2819666|2820643|-|Hypothetical	400	TGTAAA,TTTACA	variable_gap_motifs	239	273	+	0	TGTAAA	0	TTTACA	0	23	GTAAATACTTATTATTTTTGCAAAAAGTTTTACAA
AE001437.1|cds-AAK80735.1|gene-CA_C2791|None|2919291|2920676|-|MoaA/NirJ	400	TGTAAA,TTTACA	variable_gap_motifs	229	261	+	0	TGTAAA	0	TTTACA	0	21	GTAAAATAAATTTGTGGAATAAGGTATTTACAT
AE001437.1|cds-AAK80736.1|gene-CA_C2792|None|2920964|2921584|+|Uncharcterized	400	TGTAAA,TTTACA	variable_gap_motifs	252	284	+	0	TGTAAA	0	TTTACA	0	21	GTAAATACCTTATTCCACAAATTTATTTTACAT
AE001437.1|cds-AAK80740.1|gene-CA_C2796|None|2923607|2924791|-|MoaA/NirJ	400	TGTAAA,TTTACA	variable_gap_motifs	316	369	+	0	TGTAAA	0	TTTACA	0	42	GTAAAGTGAAAGTATTAAAGAATAATTTCAAAGCTTTGTAAATATACTTTACAG
AE001437.1|cds-AAK80740.1|gene-CA_C2796|None|2923607|2924791|-|MoaA/NirJ	400	TGTAAA,TTTACA	variable_gap_motifs	353	369	+	0	TGTAAA	0	TTTACA	0	5	GTAAATATACTTTACAG
AE001437.1|cds-AAK80754.1|gene-CA_C2810|None|2940353|2942539|-|Possible	400	TGTAAA,TTTACA	variable_gap_motifs	244	298	+	0	TGTAAA	0	TTTACA	0	43	GTAAACGTTTATTGTACTATAATGTAGATAAATACATTATTAAAAGTTTTTACAA
AE001437.1|cds-AAK80832.1|gene-CA_C2889|rho|3019655|3021106|-|Transcription	400	TGTAAA,TTTACA	variable_gap_motifs	326	373	+	0	TGTAAA	0	TTTACA	0	36	GTAAATTATGTATTGAAAATAAAATAAAGTTGCAAATAATTTTTACAG
AE001437.1|cds-AAK80900.1|gene-CA_C2958|None|3091364|3091858|-|PTS	400	TGTAAA,TTTACA	variable_gap_motifs	158	186	+	0	TGTAAA	0	TTTACA	0	17	GTAAAGCTTGTTTTTATTAGATTTTACAA
AE001437.1|cds-AAK80901.1|gene-CA_C2959|galK|3092319|3093488|+|Galactokinase	400	TGTAAA,TTTACA	variable_gap_motifs	154	182	+	0	TGTAAA	0	TTTACA	0	17	GTAAAATCTAATAAAAACAAGCTTTACAC
AE001437.1|cds-AAK80976.1|gene-CA_C3036|None|3179380|3183435|-|Superfamily	400	TGTAAA,TTTACA	variable_gap_motifs	122	170	+	0	TGTAAA	0	TTTACA	0	37	GTAAATAAAATATAATTTATAGGAAAAACGGTTAAATTAAGTTTTACAT
AE001437.1|cds-AAK81019.1|gene-CA_C3079|None|3230028|3230873|-|Uncharacterized	400	TGTAAA,TTTACA	variable_gap_motifs	257	290	+	0	TGTAAA	0	TTTACA	0	22	GTAAAAATCCATATATATATTCTTTTATTTACAA
AE001437.1|cds-AAK81020.1|gene-CA_C3080|None|3231045|3232007|+|Hypothetical	400	TGTAAA,TTTACA	variable_gap_motifs	339	372	+	0	TGTAAA	0	TTTACA	0	22	GTAAATAAAAGAATATATATATGGATTTTTACAT
AE001437.1|cds-AAK81150.1|gene-CA_C3214|None|3360238|3360789|-|Stage	400	TGTAAA,TTTACA	variable_gap_motifs	364	380	+	0	TGTAAA	0	TTTACA	0	5	GTAAAAATATTTTACAT
AE001437.1|cds-AAK81151.1|gene-CA_C3215|prsA|3361034|3362095|-|Parvulin-like	400	TGTAAA,TTTACA	variable_gap_motifs	156	188	+	0	TGTAAA	0	TTTACA	0	21	GTAAAGAGGGAAGATATGTTAGAAAATTTACAA
AE001437.1|cds-AAK81164.1|gene-CA_C3229|None|3377589|3378608|+|NADH:flavin	400	TGTAAA,TTTACA	variable_gap_motifs	235	261	+	0	TGTAAA	0	TTTACA	0	15	GTAAAACTATTTTTGATAGTTTTACAT
AE001437.1|cds-AAK81207.1|gene-CA_C3273|None|3422309|3423811|+|Possible	400	TGTAAA,TTTACA	variable_gap_motifs	287	336	+	0	TGTAAA	0	TTTACA	0	38	GTAAATCTTTAAAATTAAGCCCTGATGTTAATTAATTACATTTTTTACAT
AE001437.1|cds-AAK81238.1|gene-CA_C3306|None|3474450|3474944|-|Thiol	400	TGTAAA,TTTACA	variable_gap_motifs	136	190	+	0	TGTAAA	0	TTTACA	0	43	GTAAATAATAAAATGATATATATTTTGCAAAAGTAATGCAATAATATATTTACAA
AE001437.1|cds-AAK81265.1|gene-CA_C3333|None|3506570|3507694|-|Uncharacterized	400	TGTAAA,TTTACA	variable_gap_motifs	234	276	+	0	TGTAAA	0	TTTACA	0	31	GTAAATTAGGCTGCTTATTAATAAATACATGTTTTATTTACAT
AE001437.1|cds-AAK81319.1|gene-CA_C3389|None|3567510|3573329|-|Possible	400	TGTAAA,TTTACA	variable_gap_motifs	134	168	+	0	TGTAAA	0	TTTACA	0	23	GTAAAGGTGGAGGATTCTGTAGAGGAGCTTTACAG
AE001437.1|cds-AAK81320.1|gene-CA_C3390|None|3573536|3574648|-|Response	400	TGTAAA,TTTACA	variable_gap_motifs	91	103	+	0	TGTAAA	0	TTTACA	0	1	GTAAAGTTTACAG
AE001437.1|cds-AAK81385.1|gene-CA_C3456|None|3652787|3653326|-|Uncharacterized	400	TGTAAA,TTTACA	variable_gap_motifs	356	385	+	0	TGTAAA	0	TTTACA	0	18	GTAAACCTAAACTATAAATATGGTTTACAA
AE001437.1|cds-AAK81561.1|gene-CA_C3638|None|3839255|3840175|-|Oligopeptide	400	TGTAAA,TTTACA	variable_gap_motifs	67	100	+	0	TGTAAA	0	TTTACA	0	22	GTAAAAGAGTATTATTAAGGAATAATGTTTACAA
AE001437.1|cds-AAK81562.1|gene-CA_C3639|None|3840211|3840429|-|CRO	400	TGTAAA,TTTACA	variable_gap_motifs	321	354	+	0	TGTAAA	0	TTTACA	0	22	GTAAAAGAGTATTATTAAGGAATAATGTTTACAA
AE001437.1|cds-AAK81570.1|gene-CA_C3648|None|3848232|3849110|-|Acetyltransferase	400	TGTAAA,TTTACA	variable_gap_motifs	79	100	+	0	TGTAAA	0	TTTACA	0	10	GTAAAAGCTTATATTTTTACAA
AE001437.1|cds-AAK81571.1|gene-CA_C3649|spoVT|3849693|3849947|+|Possible	400	TGTAAA,TTTACA	variable_gap_motifs	118	139	+	0	TGTAAA	0	TTTACA	0	10	GTAAAAATATAAGCTTTTACAC
AE001437.1|cds-AAK81574.1|gene-CA_C3652|alsS|3853108|3854799|-|Acetolactate	400	TGTAAA,TTTACA	variable_gap_motifs	148	176	+	0	TGTAAA	0	TTTACA	0	17	GTAAAATTCAAAATCACATAAATTTACAA
AE001438.3|cds-AAK76804.1|gene-CA_P0058|None|59107|59727|-|Rare	400	TGTAAA,TTTACA	variable_gap_motifs	272	321	+	0	TGTAAA	0	TTTACA	0	38	GTAAAAATATCGCAACTAGTCAAAATATATAGCACATTATTATTTTACAT
AE001438.3|cds-AAK76874.1|gene-CA_P0129|None|139943|140686|-|Glycogen-binding	400	TGTAAA,TTTACA	variable_gap_motifs	246	265	+	0	TGTAAA	0	TTTACA	0	8	GTAAATGTACACCTTTACAT
AE001438.3|cds-AAK76894.1|gene-CA_P0149|None|158912|160216|-|Xre	400	TGTAAA,TTTACA	variable_gap_motifs	72	120	+	0	TGTAAA	0	TTTACA	0	37	GTAAAAATATACCAAATATATAATAGCATATATTTATATGTTTTTACAA
AE001438.3|cds-AAK76895.1|gene-CA_P0150|spoVD|160566|162371|+|Stage	400	TGTAAA,TTTACA	variable_gap_motifs	331	379	+	0	TGTAAA	0	TTTACA	0	37	GTAAAAACATATAAATATATGCTATTATATATTTGGTATATTTTTACAA
AE001438.3|cds-AAK76907.1|gene-CA_P0162|adhe1|175810|178398|+|Aldehyde	400	TGTAAA,TTTACA	variable_gap_motifs	76	95	+	0	TGTAAA	0	TTTACA	0	8	GTAAAAGTTGCTATTTACAT
AE001438.3|cds-AAK76907.1|gene-CA_P0162|adhe1|175810|178398|+|Aldehyde	400	TGTAAA,TTTACA	variable_gap_motifs	267	296	+	0	TGTAAA	0	TTTACA	0	18	GTAAACCTTGTTTTGTTTTGCAGTTTACAA
AE001438.3|cds-AAK76913.1|gene-CA_P0168|amyA|181586|183868|-|Alpha-amylase	400	TGTAAA,TTTACA	variable_gap_motifs	266	284	+	0	TGTAAA	0	TTTACA	0	7	GTAAAGAAATAATTTACAT
AE001437.1|cds-AAK78187.1|gene-CA_C0205|None|229452|231410|-|Predicted	400	TGTAAA,TTTACA	variable_gap_motifs	270	319	-	0	TGTAAA	0	TTTACA	0	38	GTAAATTTTTGTAAAAAATACATAACATAGAATTAACTTACTTTTTACAC
AE001437.1|cds-AAK78187.1|gene-CA_C0205|None|229452|231410|-|Predicted	400	TGTAAA,TTTACA	variable_gap_motifs	270	309	-	0	TGTAAA	0	TTTACA	0	28	GTAAAAAATACATAACATAGAATTAACTTACTTTTTACAC
AE001437.1|cds-AAK78188.1|gene-CA_C0206|None|231611|232804|+|Uncharacterized	400	TGTAAA,TTTACA	variable_gap_motifs	287	326	-	0	TGTAAA	0	TTTACA	0	28	GTAAAAAGTAAGTTAATTCTATGTTATGTATTTTTTACAA
AE001437.1|cds-AAK78188.1|gene-CA_C0206|None|231611|232804|+|Uncharacterized	400	TGTAAA,TTTACA	variable_gap_motifs	277	326	-	0	TGTAAA	0	TTTACA	0	38	GTAAAAAGTAAGTTAATTCTATGTTATGTATTTTTTACAAAAATTTACAC
AE001437.1|cds-AAK78193.1|gene-CA_C0211|bioY|236407|236961|-|BioY	400	TGTAAA,TTTACA	variable_gap_motifs	349	378	-	0	TGTAAA	0	TTTACA	0	18	GTAAACCGATAATATAACATCGGTTTACAA
AE001437.1|cds-AAK78194.1|gene-CA_C0212|None|237128|237937|+|Biotin-(acetyl-CoA	400	TGTAAA,TTTACA	variable_gap_motifs	252	281	-	0	TGTAAA	0	TTTACA	0	18	GTAAACCGATGTTATATTATCGGTTTACAA
AE001437.1|cds-AAK78221.1|gene-CA_C0240|None|271300|271926|+|Response	400	TGTAAA,TTTACA	variable_gap_motifs	195	235	-	0	TGTAAA	0	TTTACA	0	29	GTAAAGCCTTATATACTTATCATTTATGTCTATATTTACAA
AE001437.1|cds-AAK78414.1|gene-CA_C0434|None|502242|502709|-|Putative	400	TGTAAA,TTTACA	variable_gap_motifs	143	176	-	0	TGTAAA	0	TTTACA	0	22	GTAAAATAAATTAGCATTTTTATTAGTTTTACAT
AE001437.1|cds-AAK78416.1|gene-CA_C0436|None|503283|504170|+|Predicted	400	TGTAAA,TTTACA	variable_gap_motifs	47	80	-	0	TGTAAA	0	TTTACA	0	22	GTAAAACTAATAAAAATGCTAATTTATTTTACAC
AE001437.1|cds-AAK78432.1|gene-CA_C0452|None|520391|521062|-|Permease	400	TGTAAA,TTTACA	variable_gap_motifs	342	387	-	0	TGTAAA	0	TTTACA	0	34	GTAAAATTTATAAAGTTAAAACACCCGCGTTCTAAAAATTTTACAC
AE001437.1|cds-AAK78433.1|gene-CA_C0453|None|521468|522151|+|ABC-transporter%2C	400	TGTAAA,TTTACA	variable_gap_motifs	4	49	-	0	TGTAAA	0	TTTACA	0	34	GTAAAATTTTTAGAACGCGGGTGTTTTAACTTTATAAATTTTACAC
AE001437.1|cds-AAK78465.1|gene-CA_C0485|None|560374|561225|+|TRNA-processing	400	TGTAAA,TTTACA	variable_gap_motifs	263	279	-	0	TGTAAA	0	TTTACA	0	5	GTAAAACCACTTTACAA
AE001437.1|cds-AAK78465.1|gene-CA_C0485|None|560374|561225|+|TRNA-processing	400	TGTAAA,TTTACA	variable_gap_motifs	255	279	-	0	TGTAAA	0	TTTACA	0	13	GTAAAACCACTTTACAATTTTACAT
AE001437.1|cds-AAK78637.1|gene-CA_C0660|None|767958|768161|+|Hypothetical	400	TGTAAA,TTTACA	variable_gap_motifs	18	43	-	0	TGTAAA	0	TTTACA	0	14	GTAAAAAATCCTTTTATATTTTACAA
AE001437.1|cds-AAK78747.1|gene-CA_C0771|None|893874|894842|+|Cobalamin	400	TGTAAA,TTTACA	variable_gap_motifs	165	219	-	0	TGTAAA	0	TTTACA	0	43	GTAAATGTTAACTATATAAAAAAACAATTCTAAATTATATATTTAACATTTACAC
AE001437.1|cds-AAK78748.1|gene-CA_C0772|None|894839|895648|+|Cobalt	400	TGTAAA,TTTACA	variable_gap_motifs	203	236	-	0	TGTAAA	0	TTTACA	0	22	GTAAAACCTATAAGATTTTTAATTTGCTTTACAT
AE001437.1|cds-AAK78780.1|gene-CA_C0804|None|928556|930250|+|Pectate	400	TGTAAA,TTTACA	variable_gap_motifs	227	253	-	0	TGTAAA	0	TTTACA	0	15	GTAAATAAATTAGTTGTTTTTTTACAA
AE001437.1|cds-AAK78802.1|gene-CA_C0826|None|956696|957808|-|Endoglucanase	400	TGTAAA,TTTACA	variable_gap_motifs	170	189	-	0	TGTAAA	0	TTTACA	0	8	GTAAAAATAGAAATTTACAT
AE001437.1|cds-AAK78878.1|gene-CA_C0902|None|1031674|1032357|+|Predicted	400	TGTAAA,TTTACA	variable_gap_motifs	293	354	-	0	TGTAAA	0	TTTACA	0	50	GTAAATATATTACATTTTTATTGTAATACATTCTTCCCAAAAATACAACCATTTTTTTACAA
AE001437.1|cds-AAK78927.1|gene-CA_C0951|None|1090270|1090701|+|Ferric	400	TGTAAA,TTTACA	variable_gap_motifs	278	305	-	0	TGTAAA	0	TTTACA	0	16	GTAAAACTTAAATAATGCCTTTTTACAA
AE001437.1|cds-AAK78928.1|gene-CA_C0952|None|1090703|1091047|-|Hypothetical	400	TGTAAA,TTTACA	variable_gap_motifs	366	380	-	0	TGTAAA	0	TTTACA	0	3	GTAAAATATTTACAA
AE001437.1|cds-AAK78929.1|gene-CA_C0953|None|1091155|1091553|+|Hypothetical	400	TGTAAA,TTTACA	variable_gap_motifs	309	323	-	0	TGTAAA	0	TTTACA	0	3	GTAAATATTTTACAA
AE001437.1|cds-AAK79146.1|gene-CA_C1174|None|1330234|1330416|+|Hypothetical	400	TGTAAA,TTTACA	variable_gap_motifs	106	159	-	0	TGTAAA	0	TTTACA	0	42	GTAAAAACAGCCATTTTTGCTAATTCCAAAATTTCTTCTATTGCACTTTTACAA
AE001437.1|cds-AAK79190.1|gene-CA_C1218|None|1362044|1362586|+|Phage	400	TGTAAA,TTTACA	variable_gap_motifs	153	173	-	0	TGTAAA	0	TTTACA	0	9	GTAAAAAAATACCCTTTACAT
AE001437.1|cds-AAK79222.1|gene-CA_C1251|rodA|1395591|1396712|+|Cell	400	TGTAAA,TTTACA	variable_gap_motifs	290	306	-	0	TGTAAA	0	TTTACA	0	5	GTAAACATTATTTACAT
AE001437.1|cds-AAK79321.1|gene-CA_C1353|None|1497812|1499278|-|Phosphotransferase	400	TGTAAA,TTTACA	variable_gap_motifs	190	225	-	0	TGTAAA	0	TTTACA	0	24	GTAAACGGTATCTGTAATAAAGTGTATTTTTTACAT
AE001437.1|cds-AAK79321.1|gene-CA_C1353|None|1497812|1499278|-|Phosphotransferase	400	TGTAAA,TTTACA	variable_gap_motifs	181	225	-	0	TGTAAA	0	TTTACA	0	33	GTAAACGGTATCTGTAATAAAGTGTATTTTTTACATCGTTTACAA
AE001437.1|cds-AAK79322.1|gene-CA_C1354|None|1499695|1500174|+|Phosphotransferase	400	TGTAAA,TTTACA	variable_gap_motifs	155	199	-	0	TGTAAA	0	TTTACA	0	33	GTAAACGATGTAAAAAATACACTTTATTACAGATACCGTTTACAT
AE001437.1|cds-AAK79322.1|gene-CA_C1354|None|1499695|1500174|+|Phosphotransferase	400	TGTAAA,TTTACA	variable_gap_motifs	155	190	-	0	TGTAAA	0	TTTACA	0	24	GTAAAAAATACACTTTATTACAGATACCGTTTACAT
AE001437.1|cds-AAK79357.1|gene-CA_C1389|None|1531690|1534011|+|Protein	400	TGTAAA,TTTACA	variable_gap_motifs	347	382	-	0	TGTAAA	0	TTTACA	0	24	GTAAATCAATTTTCACTTATTGCTTTTCATTTACAT
AE001437.1|cds-AAK79401.1|gene-CA_C1433|None|1577354|1578094|+|Hypothetical	400	TGTAAA,TTTACA	variable_gap_motifs	271	290	-	0	TGTAAA	0	TTTACA	0	8	GTAAACAATAAATTTTACAA
AE001437.1|cds-AAK79402.1|gene-CA_C1434|None|1578183|1580060|-|Alkaline	400	TGTAAA,TTTACA	variable_gap_motifs	288	340	-	0	TGTAAA	0	TTTACA	0	41	GTAAAGTATTTTAGATATATAAACTAAAAATTTATAAAAAGTAATGTTTACAT
AE001437.1|cds-AAK79403.1|gene-CA_C1435|None|1580242|1581612|+|S-adenosylmethionine-dependent	400	TGTAAA,TTTACA	variable_gap_motifs	275	327	-	0	TGTAAA	0	TTTACA	0	41	GTAAACATTACTTTTTATAAATTTTTAGTTTATATATCTAAAATACTTTACAA
AE001437.1|cds-AAK79499.1|gene-CA_C1532|None|1674076|1675551|+|Protein	400	TGTAAA,TTTACA	variable_gap_motifs	283	305	-	0	TGTAAA	0	TTTACA	0	11	GTAAATCATACTCAACTTTACAA
AE001437.1|cds-AAK79565.1|gene-CA_C1598|None|1742414|1742797|+|Hypothetical	400	TGTAAA,TTTACA	variable_gap_motifs	111	137	-	0	TGTAAA	0	TTTACA	0	15	GTAAAATCAGTAAAGGTCTTTTTACAA
AE001437.1|cds-AAK79669.1|gene-CA_C1703|None|1853272|1853622|+|Methyl-accepting	400	TGTAAA,TTTACA	variable_gap_motifs	4	32	-	0	TGTAAA	0	TTTACA	0	17	GTAAAATTCATATAGTATCTCCTTTACAA
AE001437.1|cds-AAK79693.1|gene-CA_C1727|None|1875972|1876781|+|Protein	400	TGTAAA,TTTACA	variable_gap_motifs	133	156	-	0	TGTAAA	0	TTTACA	0	12	GTAAAATCAGAGTATTTTTTACAG
AE001437.1|cds-AAK79729.1|gene-CA_C1763|None|1908109|1908477|-|Predicted	400	TGTAAA,TTTACA	variable_gap_motifs	205	234	-	0	TGTAAA	0	TTTACA	0	18	GTAAAAATGAAAATGGCAATCTTTTTACAT
AE001437.1|cds-AAK79801.1|gene-CA_C1837|mutS|1988474|1991083|-|Mismatch	400	TGTAAA,TTTACA	variable_gap_motifs	17	50	-	0	TGTAAA	0	TTTACA	0	22	GTAAATGCTGAATCGTACTCTACCTCTTTTACAA
AE001437.1|cds-AAK79812.1|gene-CA_C1848|cmk|2000596|2001249|-|Cytidylate	400	TGTAAA,TTTACA	variable_gap_motifs	209	241	-	0	TGTAAA	0	TTTACA	0	21	GTAAAAGTTTTCTTGAAGTCTGTCAATTTACAT
AE001437.1|cds-AAK80012.1|gene-CA_C2053|None|2159469|2160059|-|Hypothetical	400	TGTAAA,TTTACA	variable_gap_motifs	303	359	-	0	TGTAAA	0	TTTACA	0	45	GTAAATATTTTTGCTACAGATATTTTTTATAATTTTCACTTCAGACATATTTTACAA
AE001437.1|cds-AAK80021.1|gene-CA_C2062|None|2165379|2166560|-|TRNA	400	TGTAAA,TTTACA	variable_gap_motifs	342	367	-	0	TGTAAA	0	TTTACA	0	14	GTAAAGCCATTAAAACAGTTTTACAG
AE001437.1|cds-AAK80083.1|gene-CA_C2125|divIB|2214590|2215339|-|Cell	400	TGTAAA,TTTACA	variable_gap_motifs	317	365	-	0	TGTAAA	0	TTTACA	0	37	GTAAACTAAATTCAAGAAAAAATTATTTATACTGTCTTTGAATTTACAT
AE001437.1|cds-AAK80095.1|gene-CA_C2137|None|2229091|2231628|-|Cation	400	TGTAAA,TTTACA	variable_gap_motifs	235	292	-	0	TGTAAA	0	TTTACA	0	46	GTAAAAATCCAGTTAAGTTTTACTCTACTTTCCTTATATAATCATTTATACTTTACAA
AE001437.1|cds-AAK80096.1|gene-CA_C2138|None|2231895|2232827|+|Exopolyphosphatase	400	TGTAAA,TTTACA	variable_gap_motifs	238	295	-	0	TGTAAA	0	TTTACA	0	46	GTAAAGTATAAATGATTATATAAGGAAAGTAGAGTAAAACTTAACTGGATTTTTACAT
AE001437.1|cds-AAK80144.1|gene-CA_C2186|None|2277713|2278732|-|Glycosyltransferase	400	TGTAAA,TTTACA	variable_gap_motifs	214	247	-	0	TGTAAA	0	TTTACA	0	22	GTAAATGTCTCGCCTTTTTTTATATCTTTTACAA
AE001437.1|cds-AAK80231.1|gene-CA_C2274|spoT|2376156|2378378|-|RelA/SpoT	400	TGTAAA,TTTACA	variable_gap_motifs	276	309	-	0	TGTAAA	0	TTTACA	0	22	GTAAAGAGATTAGACTTTTGTTTACTTTTTACAA
AE001437.1|cds-AAK80232.1|gene-CA_C2275|apt|2378513|2379031|-|Adenine	400	TGTAAA,TTTACA	variable_gap_motifs	158	212	-	0	TGTAAA	0	TTTACA	0	43	GTAAAAAGTTGAACTATTATTCTCGCATTATCCATCTTACCCACGGCATTTACAG
AE001437.1|cds-AAK80380.1|gene-CA_C2426|None|2541823|2542749|+|Uncharacterized	400	TGTAAA,TTTACA	variable_gap_motifs	207	224	-	0	TGTAAA	0	TTTACA	0	6	GTAAAATGAAATTTACAG
AE001437.1|cds-AAK80408.1|gene-CA_C2454|None|2570618|2571442|-|Hypothetical	400	TGTAAA,TTTACA	variable_gap_motifs	326	373	-	0	TGTAAA	0	TTTACA	0	36	GTAAAAACAATCTTGGTTATATCCTTACTATCAGTACCATTTTTACAC
AE001437.1|cds-AAK80442.1|gene-CA_C2488|None|2596376|2596930|-|Uncharacterized	400	TGTAAA,TTTACA	variable_gap_motifs	55	108	-	0	TGTAAA	0	TTTACA	0	42	GTAAAAATCCAGTTCTATAATTTATCCTTAATAAAATCCTCACTAAATTTACAT
AE001437.1|cds-AAK80444.1|gene-CA_C2490|None|2597236|2598540|-|Xre	400	TGTAAA,TTTACA	variable_gap_motifs	161	205	-	0	TGTAAA	0	TTTACA	0	33	GTAAACTTCCATAATAAGCATATTATATTCTGCGTCTTTTTACAC
AE001437.1|cds-AAK80445.1|gene-CA_C2491|None|2598885|2599352|+|Predicted	400	TGTAAA,TTTACA	variable_gap_motifs	247	291	-	0	TGTAAA	0	TTTACA	0	33	GTAAAAAGACGCAGAATATAATATGCTTATTATGGAAGTTTACAT
AE001437.1|cds-AAK80448.1|gene-CA_C2494|None|2601128|2601538|-|Predicted	400	TGTAAA,TTTACA	variable_gap_motifs	117	134	-	0	TGTAAA	0	TTTACA	0	6	GTAAAGCTACCTTTACAT
AE001437.1|cds-AAK80449.1|gene-CA_C2495|None|2601592|2601786|-|Predicted	400	TGTAAA,TTTACA	variable_gap_motifs	365	382	-	0	TGTAAA	0	TTTACA	0	6	GTAAAGCTACCTTTACAT
AE001437.1|cds-AAK80450.1|gene-CA_C2496|None|2601929|2602555|+|Predicted	400	TGTAAA,TTTACA	variable_gap_motifs	272	289	-	0	TGTAAA	0	TTTACA	0	6	GTAAAGGTAGCTTTACAT
AE001437.1|cds-AAK80470.1|gene-CA_C2516|None|2625157|2625324|+|Hypothetical	400	TGTAAA,TTTACA	variable_gap_motifs	292	347	-	0	TGTAAA	0	TTTACA	0	44	GTAAATAAGGAAAAGTTGTAGGGAGAAGAAAAGTTTTGTAAAAAAAATATTTACAT
AE001437.1|cds-AAK80470.1|gene-CA_C2516|None|2625157|2625324|+|Hypothetical	400	TGTAAA,TTTACA	variable_gap_motifs	292	310	-	0	TGTAAA	0	TTTACA	0	7	GTAAAAAAAATATTTACAT
AE001437.1|cds-AAK80471.1|gene-CA_C2517|nrpE|2625465|2627138|+|Extracellular	400	TGTAAA,TTTACA	variable_gap_motifs	253	272	-	0	TGTAAA	0	TTTACA	0	8	GTAAAAATAACCGTTTACAT
AE001437.1|cds-AAK80588.1|gene-CA_C2641|tig|2751970|2753265|-|FKBP-type	400	TGTAAA,TTTACA	variable_gap_motifs	180	217	-	0	TGTAAA	0	TTTACA	0	26	GTAAACTTCTATTATTAAATTTCCATCATAATTTACAT
AE001437.1|cds-AAK80593.1|gene-CA_C2646|sipS|2759969|2760523|-|Signal	400	TGTAAA,TTTACA	variable_gap_motifs	125	164	-	0	TGTAAA	0	TTTACA	0	28	GTAAACATTATTATAACTTTCAATATTAGTAAGTTTACAA
AE001437.1|cds-AAK80619.1|gene-CA_C2672|None|2789205|2789477|-|Predicted	400	TGTAAA,TTTACA	variable_gap_motifs	320	346	-	0	TGTAAA	0	TTTACA	0	15	GTAAACAGTTTATTCTGTTTTTTACAT
AE001437.1|cds-AAK80644.1|gene-CA_C2697|None|2819666|2820643|-|Hypothetical	400	TGTAAA,TTTACA	variable_gap_motifs	237	271	-	0	TGTAAA	0	TTTACA	0	23	GTAAAACTTTTTGCAAAAATAATAAGTATTTACAA
AE001437.1|cds-AAK80735.1|gene-CA_C2791|None|2919291|2920676|-|MoaA/NirJ	400	TGTAAA,TTTACA	variable_gap_motifs	227	259	-	0	TGTAAA	0	TTTACA	0	21	GTAAATACCTTATTCCACAAATTTATTTTACAT
AE001437.1|cds-AAK80736.1|gene-CA_C2792|None|2920964|2921584|+|Uncharcterized	400	TGTAAA,TTTACA	variable_gap_motifs	250	282	-	0	TGTAAA	0	TTTACA	0	21	GTAAAATAAATTTGTGGAATAAGGTATTTACAT
AE001437.1|cds-AAK80740.1|gene-CA_C2796|None|2923607|2924791|-|MoaA/NirJ	400	TGTAAA,TTTACA	variable_gap_motifs	351	367	-	0	TGTAAA	0	TTTACA	0	5	GTAAAGTATATTTACAA
AE001437.1|cds-AAK80740.1|gene-CA_C2796|None|2923607|2924791|-|MoaA/NirJ	400	TGTAAA,TTTACA	variable_gap_motifs	314	367	-	0	TGTAAA	0	TTTACA	0	42	GTAAAGTATATTTACAAAGCTTTGAAATTATTCTTTAATACTTTCACTTTACAG
AE001437.1|cds-AAK80754.1|gene-CA_C2810|None|2940353|2942539|-|Possible	400	TGTAAA,TTTACA	variable_gap_motifs	242	296	-	0	TGTAAA	0	TTTACA	0	43	GTAAAAACTTTTAATAATGTATTTATCTACATTATAGTACAATAAACGTTTACAG
AE001437.1|cds-AAK80832.1|gene-CA_C2889|rho|3019655|3021106|-|Transcription	400	TGTAAA,TTTACA	variable_gap_motifs	324	371	-	0	TGTAAA	0	TTTACA	0	36	GTAAAAATTATTTGCAACTTTATTTTATTTTCAATACATAATTTACAA
AE001437.1|cds-AAK80900.1|gene-CA_C2958|None|3091364|3091858|-|PTS	400	TGTAAA,TTTACA	variable_gap_motifs	156	184	-	0	TGTAAA	0	TTTACA	0	17	GTAAAATCTAATAAAAACAAGCTTTACAC
AE001437.1|cds-AAK80901.1|gene-CA_C2959|galK|3092319|3093488|+|Galactokinase	400	TGTAAA,TTTACA	variable_gap_motifs	152	180	-	0	TGTAAA	0	TTTACA	0	17	GTAAAGCTTGTTTTTATTAGATTTTACAA
AE001437.1|cds-AAK80976.1|gene-CA_C3036|None|3179380|3183435|-|Superfamily	400	TGTAAA,TTTACA	variable_gap_motifs	120	168	-	0	TGTAAA	0	TTTACA	0	37	GTAAAACTTAATTTAACCGTTTTTCCTATAAATTATATTTTATTTACAT
AE001437.1|cds-AAK81019.1|gene-CA_C3079|None|3230028|3230873|-|Uncharacterized	400	TGTAAA,TTTACA	variable_gap_motifs	255	288	-	0	TGTAAA	0	TTTACA	0	22	GTAAATAAAAGAATATATATATGGATTTTTACAT
AE001437.1|cds-AAK81020.1|gene-CA_C3080|None|3231045|3232007|+|Hypothetical	400	TGTAAA,TTTACA	variable_gap_motifs	337	370	-	0	TGTAAA	0	TTTACA	0	22	GTAAAAATCCATATATATATTCTTTTATTTACAA
AE001437.1|cds-AAK81150.1|gene-CA_C3214|None|3360238|3360789|-|Stage	400	TGTAAA,TTTACA	variable_gap_motifs	362	378	-	0	TGTAAA	0	TTTACA	0	5	GTAAAATATTTTTACAT
AE001437.1|cds-AAK81151.1|gene-CA_C3215|prsA|3361034|3362095|-|Parvulin-like	400	TGTAAA,TTTACA	variable_gap_motifs	154	186	-	0	TGTAAA	0	TTTACA	0	21	GTAAATTTTCTAACATATCTTCCCTCTTTACAT
AE001437.1|cds-AAK81164.1|gene-CA_C3229|None|3377589|3378608|+|NADH:flavin	400	TGTAAA,TTTACA	variable_gap_motifs	233	259	-	0	TGTAAA	0	TTTACA	0	15	GTAAAACTATCAAAAATAGTTTTACAT
AE001437.1|cds-AAK81207.1|gene-CA_C3273|None|3422309|3423811|+|Possible	400	TGTAAA,TTTACA	variable_gap_motifs	285	334	-	0	TGTAAA	0	TTTACA	0	38	GTAAAAAATGTAATTAATTAACATCAGGGCTTAATTTTAAAGATTTACAT
AE001437.1|cds-AAK81238.1|gene-CA_C3306|None|3474450|3474944|-|Thiol	400	TGTAAA,TTTACA	variable_gap_motifs	134	188	-	0	TGTAAA	0	TTTACA	0	43	GTAAATATATTATTGCATTACTTTTGCAAAATATATATCATTTTATTATTTACAA
AE001437.1|cds-AAK81265.1|gene-CA_C3333|None|3506570|3507694|-|Uncharacterized	400	TGTAAA,TTTACA	variable_gap_motifs	232	274	-	0	TGTAAA	0	TTTACA	0	31	GTAAATAAAACATGTATTTATTAATAAGCAGCCTAATTTACAA
AE001437.1|cds-AAK81319.1|gene-CA_C3389|None|3567510|3573329|-|Possible	400	TGTAAA,TTTACA	variable_gap_motifs	132	166	-	0	TGTAAA	0	TTTACA	0	23	GTAAAGCTCCTCTACAGAATCCTCCACCTTTACAC
AE001437.1|cds-AAK81320.1|gene-CA_C3390|None|3573536|3574648|-|Response	400	TGTAAA,TTTACA	variable_gap_motifs	89	101	-	0	TGTAAA	0	TTTACA	0	1	GTAAACTTTACAG
AE001437.1|cds-AAK81385.1|gene-CA_C3456|None|3652787|3653326|-|Uncharacterized	400	TGTAAA,TTTACA	variable_gap_motifs	354	383	-	0	TGTAAA	0	TTTACA	0	18	GTAAACCATATTTATAGTTTAGGTTTACAA
AE001437.1|cds-AAK81561.1|gene-CA_C3638|None|3839255|3840175|-|Oligopeptide	400	TGTAAA,TTTACA	variable_gap_motifs	65	98	-	0	TGTAAA	0	TTTACA	0	22	GTAAACATTATTCCTTAATAATACTCTTTTACAA
AE001437.1|cds-AAK81562.1|gene-CA_C3639|None|3840211|3840429|-|CRO	400	TGTAAA,TTTACA	variable_gap_motifs	319	352	-	0	TGTAAA	0	TTTACA	0	22	GTAAACATTATTCCTTAATAATACTCTTTTACAA
AE001437.1|cds-AAK81570.1|gene-CA_C3648|None|3848232|3849110|-|Acetyltransferase	400	TGTAAA,TTTACA	variable_gap_motifs	77	98	-	0	TGTAAA	0	TTTACA	0	10	GTAAAAATATAAGCTTTTACAC
AE001437.1|cds-AAK81571.1|gene-CA_C3649|spoVT|3849693|3849947|+|Possible	400	TGTAAA,TTTACA	variable_gap_motifs	116	137	-	0	TGTAAA	0	TTTACA	0	10	GTAAAAGCTTATATTTTTACAA
AE001437.1|cds-AAK81574.1|gene-CA_C3652|alsS|3853108|3854799|-|Acetolactate	400	TGTAAA,TTTACA	variable_gap_motifs	146	174	-	0	TGTAAA	0	TTTACA	0	17	GTAAATTTATGTGATTTTGAATTTTACAT
AE001438.3|cds-AAK76804.1|gene-CA_P0058|None|59107|59727|-|Rare	400	TGTAAA,TTTACA	variable_gap_motifs	270	319	-	0	TGTAAA	0	TTTACA	0	38	GTAAAATAATAATGTGCTATATATTTTGACTAGTTGCGATATTTTTACAC
AE001438.3|cds-AAK76874.1|gene-CA_P0129|None|139943|140686|-|Glycogen-binding	400	TGTAAA,TTTACA	variable_gap_motifs	244	263	-	0	TGTAAA	0	TTTACA	0	8	GTAAAGGTGTACATTTACAT
AE001438.3|cds-AAK76894.1|gene-CA_P0149|None|158912|160216|-|Xre	400	TGTAAA,TTTACA	variable_gap_motifs	70	118	-	0	TGTAAA	0	TTTACA	0	37	GTAAAAACATATAAATATATGCTATTATATATTTGGTATATTTTTACAA
AE001438.3|cds-AAK76895.1|gene-CA_P0150|spoVD|160566|162371|+|Stage	400	TGTAAA,TTTACA	variable_gap_motifs	329	377	-	0	TGTAAA	0	TTTACA	0	37	GTAAAAATATACCAAATATATAATAGCATATATTTATATGTTTTTACAA
AE001438.3|cds-AAK76907.1|gene-CA_P0162|adhe1|175810|178398|+|Aldehyde	400	TGTAAA,TTTACA	variable_gap_motifs	265	294	-	0	TGTAAA	0	TTTACA	0	18	GTAAACTGCAAAACAAAACAAGGTTTACAA
AE001438.3|cds-AAK76907.1|gene-CA_P0162|adhe1|175810|178398|+|Aldehyde	400	TGTAAA,TTTACA	variable_gap_motifs	74	93	-	0	TGTAAA	0	TTTACA	0	8	GTAAATAGCAACTTTTACAA
AE001438.3|cds-AAK76913.1|gene-CA_P0168|amyA|181586|183868|-|Alpha-amylase	400	TGTAAA,TTTACA	variable_gap_motifs	264	282	-	0	TGTAAA	0	TTTACA	0	7	GTAAATTATTTCTTTACAT
