AP014957.1|gene-OSNPB_010100100|None|Os01g0100100|3449|10297|+|None	400	ANCNNCC	1	328	334	+	0	ATCTCCC
AP014957.1|gene-OSNPB_010100100|None|Os01g0100100|3449|10297|+|None	400	ANCNNCC	1	42	48	+	0	ATCCCCC
AP014957.1|gene-OSNPB_010100100|None|Os01g0100100|3449|10297|+|None	400	CACNHK	2	175	180	+	0	CACCAG
AP014957.1|gene-OSNPB_010100200|None|Os01g0100200|11798|12317|+|None	400	ANCNNCC	1	117	123	+	0	ACCAACC
AP014957.1|gene-OSNPB_010100200|None|Os01g0100200|11798|12317|+|None	400	ANCNNCC	1	188	194	+	0	AGCGTCC
AP014957.1|gene-OSNPB_010100200|None|Os01g0100200|11798|12317|+|None	400	ANCNNCC	1	218	224	+	0	AGCTTCC
AP014957.1|gene-OSNPB_010100200|None|Os01g0100200|11798|12317|+|None	400	ANCNNCC	1	260	266	+	0	AGCAGCC
AP014957.1|gene-OSNPB_010100200|None|Os01g0100200|11798|12317|+|None	400	ANCNNCC	1	362	368	+	0	AGCTTCC
AP014957.1|gene-OSNPB_010100200|None|Os01g0100200|11798|12317|+|None	400	CACNHK	2	22	27	+	0	CACGTT
AP014957.1|gene-OSNPB_010100200|None|Os01g0100200|11798|12317|+|None	400	CACNHK	2	5	10	+	0	CACGCG
AP014957.1|gene-OSNPB_010100300|None|Os01g0100300|11372|12284|-|None	400	ANCNNCC	1	217	223	+	0	AACTGCC
AP014957.1|gene-OSNPB_010100300|None|Os01g0100300|11372|12284|-|None	400	CACNHK	2	1	6	+	0	CACAAG
AP014957.1|gene-OSNPB_010100300|None|Os01g0100300|11372|12284|-|None	400	CACNHK	2	313	318	+	0	CACCAG
AP014957.1|gene-OSNPB_010100400|None|Os01g0100400|12774|15359|+|None	400	ANCNNCC	1	357	363	+	0	ACCCCCC
AP014957.1|gene-OSNPB_010100400|None|Os01g0100400|12774|15359|+|None	400	CACNHK	2	346	351	+	0	CACTCG
AP014957.1|gene-OSNPB_010100400|None|Os01g0100400|12774|15359|+|None	400	CACNHK	2	363	368	+	0	CACCTT
AP014957.1|gene-OSNPB_010100466|None|Os01g0100466|12869|13102|-|None	400	ANCNNCC	1	134	140	+	0	AGCACCC
AP014957.1|gene-OSNPB_010100466|None|Os01g0100466|12869|13102|-|None	400	ANCNNCC	1	345	351	+	0	AGCTGCC
AP014957.1|gene-OSNPB_010100466|None|Os01g0100466|12869|13102|-|None	400	CACNHK	2	364	369	+	0	CACCTG
AP014957.1|gene-OSNPB_010100500|None|Os01g0100500|16599|19593|+|None	400	ANCNNCC	1	287	293	+	0	AGCATCC
AP014957.1|gene-OSNPB_010100500|None|Os01g0100500|16599|19593|+|None	400	ANCNNCC	1	327	333	+	0	ATCTTCC
AP014957.1|gene-OSNPB_010100500|None|Os01g0100500|16599|19593|+|None	400	CACNHK	2	90	95	+	0	CACAAG
AP014957.1|gene-OSNPB_010100600|None|Os01g0100600|23232|26391|+|None	400	ANCNNCC	1	128	134	+	0	AGCCTCC
AP014957.1|gene-OSNPB_010100600|None|Os01g0100600|23232|26391|+|None	400	ANCNNCC	1	158	164	+	0	AACCCCC
AP014957.1|gene-OSNPB_010100600|None|Os01g0100600|23232|26391|+|None	400	ANCNNCC	1	159	165	+	0	ACCCCCC
AP014957.1|gene-OSNPB_010100600|None|Os01g0100600|23232|26391|+|None	400	ANCNNCC	1	42	48	+	0	ACCAGCC
AP014957.1|gene-OSNPB_010100600|None|Os01g0100600|23232|26391|+|None	400	ANCNNCC	1	69	75	+	0	ACCTGCC
AP014957.1|gene-OSNPB_010100600|None|Os01g0100600|23232|26391|+|None	400	CACNHK	2	192	197	+	0	CACCAG
AP014957.1|gene-OSNPB_010100600|None|Os01g0100600|23232|26391|+|None	400	CACNHK	2	200	205	+	0	CACCCG
AP014957.1|gene-OSNPB_010100600|None|Os01g0100600|23232|26391|+|None	400	CACNHK	2	8	13	+	0	CACAAG
AP014957.1|gene-OSNPB_010100650|None|Os01g0100650|26040|26423|-|None	400	ANCNNCC	1	225	231	+	0	ATCCCCC
AP014957.1|gene-OSNPB_010100650|None|Os01g0100650|26040|26423|-|None	400	CACNHK	2	216	221	+	0	CACTTG
AP014957.1|gene-OSNPB_010100650|None|Os01g0100650|26040|26423|-|None	400	CACNHK	2	261	266	+	0	CACTTG
AP014957.1|gene-OSNPB_010100650|None|Os01g0100650|26040|26423|-|None	400	CACNHK	2	353	358	+	0	CACCAG
AP014957.1|gene-OSNPB_010100700|None|Os01g0100700|27221|28419|+|None	400	ANCNNCC	1	393	399	+	0	AGCAGCC
AP014957.1|gene-OSNPB_010100700|None|Os01g0100700|27221|28419|+|None	400	CACNHK	2	345	350	+	0	CACTCT
AP014957.1|gene-OSNPB_010100900|None|Os01g0100900|35743|41007|+|None	400	ANCNNCC	1	324	330	+	0	ACCTTCC
AP014957.1|gene-OSNPB_010100900|None|Os01g0100900|35743|41007|+|None	400	ANCNNCC	1	368	374	+	0	ATCCCCC
AP014957.1|gene-OSNPB_010101150|None|Os01g0101150|58658|61090|+|None	400	ANCNNCC	1	244	250	+	0	AGCCTCC
AP014957.1|gene-OSNPB_010101175|None|Os01g0101175|60091|61086|-|None	400	ANCNNCC	1	320	326	+	0	ATCCACC
AP014957.1|gene-OSNPB_010101175|None|Os01g0101175|60091|61086|-|None	400	CACNHK	2	114	119	+	0	CACAAG
AP014957.1|gene-OSNPB_010101175|None|Os01g0101175|60091|61086|-|None	400	CACNHK	2	154	159	+	0	CACCAG
AP014957.1|gene-OSNPB_010101175|None|Os01g0101175|60091|61086|-|None	400	CACNHK	2	323	328	+	0	CACCAG
AP014957.1|gene-OSNPB_010101200|None|Os01g0101200|62104|65537|+|None	400	ANCNNCC	1	14	20	+	0	AACCTCC
AP014957.1|gene-OSNPB_010101200|None|Os01g0101200|62104|65537|+|None	400	ANCNNCC	1	88	94	+	0	AACAGCC
AP014957.1|gene-OSNPB_010101500|None|Os01g0101500|69675|70131|+|None	400	ANCNNCC	1	359	365	+	0	ATCATCC
AP014957.1|gene-OSNPB_010101500|None|Os01g0101500|69675|70131|+|None	400	ANCNNCC	1	372	378	+	0	AGCCACC
AP014957.1|gene-OSNPB_010101600|None|Os01g0101600|72816|78349|+|None	400	ANCNNCC	1	176	182	+	0	ATCACCC
AP014957.1|gene-OSNPB_010101600|None|Os01g0101600|72816|78349|+|None	400	CACNHK	2	178	183	+	0	CACCCG
AP014957.1|gene-OSNPB_010101600|None|Os01g0101600|72816|78349|+|None	400	CACNHK	2	317	322	+	0	CACGAG
AP014957.1|gene-OSNPB_010101700|None|Os01g0101700|82507|83864|+|None	400	CACNHK	2	128	133	+	0	CACATG
AP014957.1|gene-OSNPB_010101800|None|Os01g0101800|85379|88583|+|None	400	ANCNNCC	1	210	216	+	0	AACGGCC
AP014957.1|gene-OSNPB_010101800|None|Os01g0101800|85379|88583|+|None	400	ANCNNCC	1	305	311	+	0	ATCCCCC
AP014957.1|gene-OSNPB_010101800|None|Os01g0101800|85379|88583|+|None	400	CACNHK	2	124	129	+	0	CACATT
AP014957.1|gene-OSNPB_010101850|None|Os01g0101850|87327|87662|-|None	400	ANCNNCC	1	185	191	+	0	ACCACCC
AP014957.1|gene-OSNPB_010101850|None|Os01g0101850|87327|87662|-|None	400	CACNHK	2	177	182	+	0	CACATT
AP014957.1|gene-OSNPB_010101850|None|Os01g0101850|87327|87662|-|None	400	CACNHK	2	253	258	+	0	CACGAT
AP014957.1|gene-OSNPB_010101850|None|Os01g0101850|87327|87662|-|None	400	CACNHK	2	373	378	+	0	CACACT
AP014957.1|gene-OSNPB_010101900|None|Os01g0101900|88986|89204|-|None	400	ANCNNCC	1	223	229	+	0	ATCGTCC
AP014957.1|gene-OSNPB_010101900|None|Os01g0101900|88986|89204|-|None	400	ANCNNCC	1	288	294	+	0	AGCAGCC
AP014957.1|gene-OSNPB_010101900|None|Os01g0101900|88986|89204|-|None	400	CACNHK	2	158	163	+	0	CACGAT
AP014957.1|gene-OSNPB_010101900|None|Os01g0101900|88986|89204|-|None	400	CACNHK	2	275	280	+	0	CACCTG
AP014957.1|gene-OSNPB_010101900|None|Os01g0101900|88986|89204|-|None	400	CACNHK	2	339	344	+	0	CACACT
AP014957.1|gene-OSNPB_010102000|None|Os01g0102000|89825|91411|-|None	400	ANCNNCC	1	274	280	+	0	ATCCACC
AP014957.1|gene-OSNPB_010102000|None|Os01g0102000|89825|91411|-|None	400	CACNHK	2	14	19	+	0	CACTCT
AP014957.1|gene-OSNPB_010102000|None|Os01g0102000|89825|91411|-|None	400	CACNHK	2	192	197	+	0	CACTTG
AP014957.1|gene-OSNPB_010102000|None|Os01g0102000|89825|91411|-|None	400	CACNHK	2	209	214	+	0	CACGAG
AP014957.1|gene-OSNPB_010102000|None|Os01g0102000|89825|91411|-|None	400	CACNHK	2	332	337	+	0	CACTAG
AP014957.1|gene-OSNPB_010102000|None|Os01g0102000|89825|91411|-|None	400	CACNHK	2	62	67	+	0	CACTCT
AP014957.1|gene-OSNPB_010102300|None|Os01g0102300|134311|135253|+|None	400	ANCNNCC	1	49	55	+	0	AACGTCC
AP014957.1|gene-OSNPB_010102300|None|Os01g0102300|134311|135253|+|None	400	CACNHK	2	357	362	+	0	CACGCT
AP014957.1|gene-OSNPB_010102400|None|Os01g0102400|140150|141415|+|None	400	ANCNNCC	1	103	109	+	0	ACCAACC
AP014957.1|gene-OSNPB_010102400|None|Os01g0102400|140150|141415|+|None	400	ANCNNCC	1	43	49	+	0	AACCACC
AP014957.1|gene-OSNPB_010102400|None|Os01g0102400|140150|141415|+|None	400	ANCNNCC	1	44	50	+	0	ACCACCC
AP014957.1|gene-OSNPB_010102400|None|Os01g0102400|140150|141415|+|None	400	CACNHK	2	51	56	+	0	CACCTT
AP014957.1|gene-OSNPB_010102500|None|Os01g0102500|142084|143908|+|None	400	ANCNNCC	1	50	56	+	0	ACCAACC
AP014957.1|gene-OSNPB_010102500|None|Os01g0102500|142084|143908|+|None	400	ANCNNCC	1	59	65	+	0	ATCCTCC
AP014957.1|gene-OSNPB_010102500|None|Os01g0102500|142084|143908|+|None	400	CACNHK	2	233	238	+	0	CACATT
AP014957.1|gene-OSNPB_010102500|None|Os01g0102500|142084|143908|+|None	400	CACNHK	2	7	12	+	0	CACACG
AP014957.1|gene-OSNPB_010102500|None|Os01g0102500|142084|143908|+|None	400	CACNHK	2	9	14	+	0	CACGCG
AP014957.1|gene-OSNPB_010102600|None|Os01g0102600|145645|147847|+|None	400	ANCNNCC	1	238	244	+	0	ACCGTCC
AP014957.1|gene-OSNPB_010102600|None|Os01g0102600|145645|147847|+|None	400	CACNHK	2	212	217	+	0	CACGTG
AP014957.1|gene-OSNPB_010102800|None|Os01g0102800|152854|156214|+|None	400	ANCNNCC	1	248	254	+	0	AACTACC
AP014957.1|gene-OSNPB_010102800|None|Os01g0102800|152854|156214|+|None	400	ANCNNCC	1	309	315	+	0	AGCTTCC
AP014957.1|gene-OSNPB_010102800|None|Os01g0102800|152854|156214|+|None	400	ANCNNCC	1	358	364	+	0	AACCGCC
AP014957.1|gene-OSNPB_010102800|None|Os01g0102800|152854|156214|+|None	400	ANCNNCC	1	359	365	+	0	ACCGCCC
AP014957.1|gene-OSNPB_010102800|None|Os01g0102800|152854|156214|+|None	400	ANCNNCC	1	366	372	+	0	AGCAACC
AP014957.1|gene-OSNPB_010102800|None|Os01g0102800|152854|156214|+|None	400	CACNHK	2	130	135	+	0	CACTCT
AP014957.1|gene-OSNPB_010102800|None|Os01g0102800|152854|156214|+|None	400	CACNHK	2	209	214	+	0	CACCAT
AP014957.1|gene-OSNPB_010102850|None|Os01g0102850|168805|168921|+|None	400	ANCNNCC	1	281	287	+	0	AGCGTCC
AP014957.1|gene-OSNPB_010102850|None|Os01g0102850|168805|168921|+|None	400	CACNHK	2	147	152	+	0	CACGAG
AP014957.1|gene-OSNPB_010102850|None|Os01g0102850|168805|168921|+|None	400	CACNHK	2	168	173	+	0	CACACT
AP014957.1|gene-OSNPB_010102850|None|Os01g0102850|168805|168921|+|None	400	CACNHK	2	198	203	+	0	CACTAG
AP014957.1|gene-OSNPB_010102850|None|Os01g0102850|168805|168921|+|None	400	CACNHK	2	210	215	+	0	CACTAT
AP014957.1|gene-OSNPB_010102900|None|Os01g0102900|169599|170260|-|None	400	ANCNNCC	1	345	351	+	0	ATCTACC
AP014957.1|gene-OSNPB_010102900|None|Os01g0102900|169599|170260|-|None	400	CACNHK	2	295	300	+	0	CACACT
AP014957.1|gene-OSNPB_010102900|None|Os01g0102900|169599|170260|-|None	400	CACNHK	2	297	302	+	0	CACTTG
AP014957.1|gene-OSNPB_010103000|None|Os01g0103000|171045|173072|-|None	400	ANCNNCC	1	291	297	+	0	AACCTCC
AP014957.1|gene-OSNPB_010103000|None|Os01g0103000|171045|173072|-|None	400	ANCNNCC	1	292	298	+	0	ACCTCCC
AP014957.1|gene-OSNPB_010103000|None|Os01g0103000|171045|173072|-|None	400	CACNHK	2	337	342	+	0	CACTCT
AP014957.1|gene-OSNPB_010103050|None|Os01g0103050|172587|175073|+|None	400	CACNHK	2	125	130	+	0	CACCTG
AP014957.1|gene-OSNPB_010103050|None|Os01g0103050|172587|175073|+|None	400	CACNHK	2	142	147	+	0	CACATG
AP014957.1|gene-OSNPB_010103100|None|Os01g0103100|178607|180575|+|None	400	ANCNNCC	1	374	380	+	0	AGCCGCC
AP014957.1|gene-OSNPB_010103400|None|Os01g0103400|185435|185827|-|None	400	ANCNNCC	1	205	211	+	0	ACCTCCC
AP014957.1|gene-OSNPB_010103600|None|Os01g0103600|186250|190904|-|None	400	CACNHK	2	325	330	+	0	CACAAG
AP014957.1|gene-OSNPB_010103600|None|Os01g0103600|186250|190904|-|None	400	CACNHK	2	332	337	+	0	CACTCT
AP014957.1|gene-OSNPB_010103600|None|Os01g0103600|186250|190904|-|None	400	CACNHK	2	339	344	+	0	CACACT
AP014957.1|gene-OSNPB_010103600|None|Os01g0103600|186250|190904|-|None	400	CACNHK	2	341	346	+	0	CACTTT
AP014957.1|gene-OSNPB_010103650|None|Os01g0103650|187547|187768|+|None	400	ANCNNCC	1	241	247	+	0	AACATCC
AP014957.1|gene-OSNPB_010103650|None|Os01g0103650|187547|187768|+|None	400	ANCNNCC	1	391	397	+	0	AACCCCC
AP014957.1|gene-OSNPB_010103700|None|Os01g0103700|191694|193507|+|None	400	ANCNNCC	1	55	61	+	0	ACCGCCC
AP014957.1|gene-OSNPB_010103700|None|Os01g0103700|191694|193507|+|None	400	ANCNNCC	1	64	70	+	0	AACGCCC
AP014957.1|gene-OSNPB_010103700|None|Os01g0103700|191694|193507|+|None	400	CACNHK	2	133	138	+	0	CACGCT
AP014957.1|gene-OSNPB_010103700|None|Os01g0103700|191694|193507|+|None	400	CACNHK	2	158	163	+	0	CACTCG
AP014957.1|gene-OSNPB_010103700|None|Os01g0103700|191694|193507|+|None	400	CACNHK	2	217	222	+	0	CACCTT
AP014957.1|gene-OSNPB_010103700|None|Os01g0103700|191694|193507|+|None	400	CACNHK	2	280	285	+	0	CACCAG
AP014957.1|gene-OSNPB_010103700|None|Os01g0103700|191694|193507|+|None	400	CACNHK	2	393	398	+	0	CACTTG
AP014957.1|gene-OSNPB_010104000|None|Os01g0104000|206131|209606|-|None	400	CACNHK	2	234	239	+	0	CACAAG
AP014957.1|gene-OSNPB_010104100|None|Os01g0104100|209771|214173|+|None	400	ANCNNCC	1	292	298	+	0	ATCGGCC
AP014957.1|gene-OSNPB_010104100|None|Os01g0104100|209771|214173|+|None	400	CACNHK	2	271	276	+	0	CACCAT
AP014957.1|gene-OSNPB_010104200|None|Os01g0104200|216212|217345|+|None	400	CACNHK	2	180	185	+	0	CACTTG
AP014957.1|gene-OSNPB_010104200|None|Os01g0104200|216212|217345|+|None	400	CACNHK	2	365	370	+	0	CACGAG
AP014957.1|gene-OSNPB_010104300|None|Os01g0104300|220411|220776|-|None	400	CACNHK	2	118	123	+	0	CACTTT
AP014957.1|gene-OSNPB_010104300|None|Os01g0104300|220411|220776|-|None	400	CACNHK	2	331	336	+	0	CACCAT
AP014957.1|gene-OSNPB_010104350|None|Os01g0104350|224916|225543|+|None	400	ANCNNCC	1	242	248	+	0	AGCAGCC
AP014957.1|gene-OSNPB_010104350|None|Os01g0104350|224916|225543|+|None	400	ANCNNCC	1	336	342	+	0	ACCATCC
AP014957.1|gene-OSNPB_010104350|None|Os01g0104350|224916|225543|+|None	400	ANCNNCC	1	6	12	+	0	ATCCACC
AP014957.1|gene-OSNPB_010104350|None|Os01g0104350|224916|225543|+|None	400	CACNHK	2	28	33	+	0	CACACT
AP014957.1|gene-OSNPB_010104350|None|Os01g0104350|224916|225543|+|None	400	CACNHK	2	34	39	+	0	CACGCT
AP014957.1|gene-OSNPB_010104400|None|Os01g0104400|226897|229301|+|None	400	ANCNNCC	1	268	274	+	0	AACTGCC
AP014957.1|gene-OSNPB_010104400|None|Os01g0104400|226897|229301|+|None	400	CACNHK	2	154	159	+	0	CACCCG
AP014957.1|gene-OSNPB_010104500|None|Os01g0104500|241908|242977|+|None	400	ANCNNCC	1	106	112	+	0	ATCTTCC
AP014957.1|gene-OSNPB_010104500|None|Os01g0104500|241908|242977|+|None	400	ANCNNCC	1	128	134	+	0	ACCATCC
AP014957.1|gene-OSNPB_010104500|None|Os01g0104500|241908|242977|+|None	400	ANCNNCC	1	92	98	+	0	ACCCTCC
AP014957.1|gene-OSNPB_010104500|None|Os01g0104500|241908|242977|+|None	400	CACNHK	2	127	132	+	0	CACCAT
AP014957.1|gene-OSNPB_010104500|None|Os01g0104500|241908|242977|+|None	400	CACNHK	2	242	247	+	0	CACTAT
AP014957.1|gene-OSNPB_010104500|None|Os01g0104500|241908|242977|+|None	400	CACNHK	2	66	71	+	0	CACACG
AP014957.1|gene-OSNPB_010104500|None|Os01g0104500|241908|242977|+|None	400	CACNHK	2	68	73	+	0	CACGCG
AP014957.1|gene-OSNPB_010104600|None|Os01g0104600|248828|256872|-|None	400	CACNHK	2	256	261	+	0	CACGAG
AP014957.1|gene-OSNPB_010104600|None|Os01g0104600|248828|256872|-|None	400	CACNHK	2	280	285	+	0	CACCAG
AP014957.1|gene-OSNPB_010104600|None|Os01g0104600|248828|256872|-|None	400	CACNHK	2	92	97	+	0	CACAAG
AP014957.1|gene-OSNPB_010105300|None|Os01g0105300|284931|285020|-|None	400	ANCNNCC	1	312	318	+	0	ATCCTCC
AP014957.1|gene-OSNPB_010105300|None|Os01g0105300|284931|285020|-|None	400	ANCNNCC	1	321	327	+	0	ATCAGCC
AP014957.1|gene-OSNPB_010105300|None|Os01g0105300|284931|285020|-|None	400	CACNHK	2	35	40	+	0	CACCTG
AP014957.1|gene-OSNPB_010105400|None|Os01g0105400|290433|291558|+|None	400	ANCNNCC	1	88	94	+	0	AGCATCC
AP014957.1|gene-OSNPB_010105400|None|Os01g0105400|290433|291558|+|None	400	ANCNNCC	1	91	97	+	0	ATCCTCC
AP014957.1|gene-OSNPB_010105400|None|Os01g0105400|290433|291558|+|None	400	CACNHK	2	147	152	+	0	CACATT
AP014957.1|gene-OSNPB_010105400|None|Os01g0105400|290433|291558|+|None	400	CACNHK	2	235	240	+	0	CACCAT
AP014957.1|gene-OSNPB_010105400|None|Os01g0105400|290433|291558|+|None	400	CACNHK	2	340	345	+	0	CACTAT
AP014957.1|gene-OSNPB_010105400|None|Os01g0105400|290433|291558|+|None	400	CACNHK	2	353	358	+	0	CACTTG
AP014957.1|gene-OSNPB_010105450|None|Os01g0105450|289007|289294|-|None	400	ANCNNCC	1	27	33	+	0	AGCCTCC
AP014957.1|gene-OSNPB_010105450|None|Os01g0105450|289007|289294|-|None	400	ANCNNCC	1	292	298	+	0	ATCACCC
AP014957.1|gene-OSNPB_010105450|None|Os01g0105450|289007|289294|-|None	400	ANCNNCC	1	338	344	+	0	ATCCACC
AP014957.1|gene-OSNPB_010105450|None|Os01g0105450|289007|289294|-|None	400	CACNHK	2	345	350	+	0	CACGAG
AP014957.1|gene-OSNPB_010105700|None|Os01g0105700|303329|306493|+|None	400	ANCNNCC	1	119	125	+	0	ACCAACC
AP014957.1|gene-OSNPB_010105700|None|Os01g0105700|303329|306493|+|None	400	CACNHK	2	170	175	+	0	CACCTG
AP014957.1|gene-OSNPB_010105700|None|Os01g0105700|303329|306493|+|None	400	CACNHK	2	232	237	+	0	CACATG
AP014957.1|gene-OSNPB_010105800|None|Os01g0105800|307124|308601|-|None	400	ANCNNCC	1	239	245	+	0	AACGGCC
AP014957.1|gene-OSNPB_010105800|None|Os01g0105800|307124|308601|-|None	400	CACNHK	2	308	313	+	0	CACCCT
AP014957.1|gene-OSNPB_010105900|None|Os01g0105900|309822|313064|-|None	400	ANCNNCC	1	347	353	+	0	AGCCGCC
AP014957.1|gene-OSNPB_010105900|None|Os01g0105900|309822|313064|-|None	400	CACNHK	2	122	127	+	0	CACTTT
AP014957.1|gene-OSNPB_010105900|None|Os01g0105900|309822|313064|-|None	400	CACNHK	2	361	366	+	0	CACCCT
AP014957.1|gene-OSNPB_010106200|None|Os01g0106200|319875|321975|+|None	400	ANCNNCC	1	128	134	+	0	ACCAACC
AP014957.1|gene-OSNPB_010106200|None|Os01g0106200|319875|321975|+|None	400	ANCNNCC	1	269	275	+	0	ACCGACC
AP014957.1|gene-OSNPB_010106200|None|Os01g0106200|319875|321975|+|None	400	ANCNNCC	1	93	99	+	0	AACGGCC
AP014957.1|gene-OSNPB_010106200|None|Os01g0106200|319875|321975|+|None	400	CACNHK	2	228	233	+	0	CACAAG
AP014957.1|gene-OSNPB_010106300|None|Os01g0106300|322810|323846|-|None	400	CACNHK	2	336	341	+	0	CACACG
AP014957.1|gene-OSNPB_010106300|None|Os01g0106300|322810|323846|-|None	400	CACNHK	2	338	343	+	0	CACGCT
AP014957.1|gene-OSNPB_010106400|None|Os01g0106400|327337|328398|-|None	400	CACNHK	2	360	365	+	0	CACACT
AP014957.1|gene-OSNPB_010106400|None|Os01g0106400|327337|328398|-|None	400	CACNHK	2	368	373	+	0	CACTCT
AP014957.1|gene-OSNPB_010106500|None|Os01g0106500|331630|332274|-|None	400	ANCNNCC	1	196	202	+	0	ATCTCCC
AP014957.1|gene-OSNPB_010106500|None|Os01g0106500|331630|332274|-|None	400	ANCNNCC	1	327	333	+	0	ATCCCCC
AP014957.1|gene-OSNPB_010106500|None|Os01g0106500|331630|332274|-|None	400	CACNHK	2	108	113	+	0	CACTTG
AP014957.1|gene-OSNPB_010106500|None|Os01g0106500|331630|332274|-|None	400	CACNHK	2	216	221	+	0	CACACG
AP014957.1|gene-OSNPB_010106500|None|Os01g0106500|331630|332274|-|None	400	CACNHK	2	218	223	+	0	CACGAG
AP014957.1|gene-OSNPB_010106500|None|Os01g0106500|331630|332274|-|None	400	CACNHK	2	266	271	+	0	CACTAG
AP014957.1|gene-OSNPB_010106600|None|Os01g0106600|332758|333636|-|None	400	ANCNNCC	1	165	171	+	0	AACAACC
AP014957.1|gene-OSNPB_010106600|None|Os01g0106600|332758|333636|-|None	400	ANCNNCC	1	169	175	+	0	ACCCACC
AP014957.1|gene-OSNPB_010106700|None|Os01g0106700|335809|370652|+|None	400	CACNHK	2	140	145	+	0	CACCAT
AP014957.1|gene-OSNPB_010106700|None|Os01g0106700|335809|370652|+|None	400	CACNHK	2	30	35	+	0	CACACT
AP014957.1|gene-OSNPB_010106700|None|Os01g0106700|335809|370652|+|None	400	CACNHK	2	32	37	+	0	CACTTG
AP014957.1|gene-OSNPB_010106700|None|Os01g0106700|335809|370652|+|None	400	CACNHK	2	387	392	+	0	CACCCT
AP014957.1|gene-OSNPB_010106700|None|Os01g0106700|335809|370652|+|None	400	CACNHK	2	94	99	+	0	CACTTG
AP014957.1|gene-OSNPB_010106750|None|Os01g0106750|370861|371198|+|None	400	CACNHK	2	200	205	+	0	CACTAT
AP014957.1|gene-OSNPB_010106750|None|Os01g0106750|370861|371198|+|None	400	CACNHK	2	208	213	+	0	CACTAT
AP014957.1|gene-OSNPB_010106750|None|Os01g0106750|370861|371198|+|None	400	CACNHK	2	6	11	+	0	CACTCT
AP014957.1|gene-OSNPB_010106750|None|Os01g0106750|370861|371198|+|None	400	CACNHK	2	88	93	+	0	CACATT
AP014957.1|gene-OSNPB_010106800|None|Os01g0106800|371911|374152|+|None	400	ANCNNCC	1	128	134	+	0	AGCAACC
AP014957.1|gene-OSNPB_010107000|None|Os01g0107000|383250|386648|-|None	400	ANCNNCC	1	376	382	+	0	AACACCC
AP014957.1|gene-OSNPB_010107000|None|Os01g0107000|383250|386648|-|None	400	ANCNNCC	1	379	385	+	0	ACCCTCC
AP014957.1|gene-OSNPB_010107000|None|Os01g0107000|383250|386648|-|None	400	ANCNNCC	1	40	46	+	0	ATCTACC
AP014957.1|gene-OSNPB_010107000|None|Os01g0107000|383250|386648|-|None	400	ANCNNCC	1	5	11	+	0	AACCACC
AP014957.1|gene-OSNPB_010107000|None|Os01g0107000|383250|386648|-|None	400	CACNHK	2	340	345	+	0	CACGTT
AP014957.1|gene-OSNPB_010107000|None|Os01g0107000|383250|386648|-|None	400	CACNHK	2	378	383	+	0	CACCCT
AP014957.1|gene-OSNPB_010107000|None|Os01g0107000|383250|386648|-|None	400	CACNHK	2	71	76	+	0	CACGTT
AP014957.1|gene-OSNPB_010107000|None|Os01g0107000|383250|386648|-|None	400	CACNHK	2	8	13	+	0	CACCTT
AP014957.1|gene-OSNPB_010107200|None|Os01g0107200|390051|390623|+|None	400	CACNHK	2	356	361	+	0	CACTTG
AP014957.1|gene-OSNPB_010107400|None|Os01g0107400|392398|392577|-|None	400	ANCNNCC	1	14	20	+	0	ATCACCC
AP014957.1|gene-OSNPB_010107400|None|Os01g0107400|392398|392577|-|None	400	ANCNNCC	1	356	362	+	0	ACCAACC
AP014957.1|gene-OSNPB_010107400|None|Os01g0107400|392398|392577|-|None	400	CACNHK	2	158	163	+	0	CACATT
