Sequence_ID	Sequence_Length	motif	start	end	strand	mismatches	matched_sequence
AKKNAKOB_01966	55	single_G-TRSVIVN	14	22	+	0	GVTRSVIVN
APFLDBEM_10111	55	single_G-TRSVIVN	14	22	+	0	GVTRSVIVN
BDBIOFKG_27605	55	single_G-TRSVIVN	14	22	+	0	GVTRSVIVN
BMOJLPCO_244614	55	single_G-TRSVIVN	14	22	+	0	GVTRSVIVN
Bacillus_cereus	61	single_G-TRSVIVN	15	23	+	0	GITRSVIVN
Bacillus_subtilis	60	single_G-TRSVIVN	14	22	+	0	GITRSVIVN
CCFBOPIO_909214	55	single_G-TRSVIVN	14	22	+	0	GVTRSVIVN
CJGLONFA_155136	55	single_G-TRSVIVN	14	22	+	0	GVTRSVIVN
CNPPHFMK_08405	56	single_G-TRSVIVN	14	22	+	0	GVTRSVIVN
CNPPHFMK_113173	56	single_G-TRSVIVN	14	22	+	0	GVTRSVIVN
Clostridium_perfringens	60	single_G-TRSVIVN	14	22	+	0	GITRSVIVN
DHBCPKCB_148112	55	single_G-TRSVIVN	14	22	+	0	GLTRSVIVN
DHBCPKCB_19992	55	single_G-TRSVIVN	14	22	+	0	GVTRSVIVN
Enterococcus_faecium	58	single_G-TRSVIVN	14	22	+	0	GITRSVIVN
Enterococcus_gilvus	59	single_G-TRSVIVN	14	22	+	0	GITRSVIVN
GHIJCEJO_14952	55	single_G-TRSVIVN	14	22	+	0	GVTRSVIVN
GHIJCEJO_68208	55	single_G-TRSVIVN	14	22	+	0	GVTRSVIVN
GJLBABOP_12927	55	single_G-TRSVIVN	15	23	+	0	GVTRSVIVN
GJLBABOP_76914	55	single_G-TRSVIVN	14	22	+	0	GVTRSVIVN
GMDHNIDI_1570635	55	single_G-TRSVIVN	14	22	+	0	GVTRSVIVN
GMDHNIDI_1875419	56	single_G-TRSVIVN	14	22	+	0	GVTRSVIVN
GUT_GENOME063116_00272	56	single_G-TRSVIVN	14	22	+	0	GVTRSVIVN
GUT_GENOME074402_00073	55	single_G-TRSVIVN	14	22	+	0	GVTRSVIVN
GUT_GENOME074572_01570	56	single_G-TRSVIVN	14	22	+	0	GVTRSVIVN
GUT_GENOME085404_00890	56	single_G-TRSVIVN	14	22	+	0	GVTRSVIVN
GUT_GENOME096069_01216	56	single_G-TRSVIVN	14	22	+	0	GVTRSVIVN
GUT_GENOME098263_01201	56	single_G-TRSVIVN	14	22	+	0	GVTRSVIVN
GUT_GENOME098265_00929	56	single_G-TRSVIVN	14	22	+	0	GVTRSVIVN
GUT_GENOME120248_00399	56	single_G-TRSVIVN	14	22	+	0	GVTRSVIVN
GUT_GENOME121452_01958	56	single_G-TRSVIVN	14	22	+	0	GVTRSVIVN
GUT_GENOME145988_01081	56	single_G-TRSVIVN	14	22	+	0	GVTRSVIVN
GUT_GENOME205238_00406	55	single_G-TRSVIVN	14	22	+	0	GVTRSVIVN
GUT_GENOME206701_01182	55	single_G-TRSVIVN	14	22	+	0	GVTRSVIVN
GUT_GENOME242957_00661	55	single_G-TRSVIVN	14	22	+	0	GVTRSVIVN
GUT_GENOME243718_00618	56	single_G-TRSVIVN	14	22	+	0	GVTRSVIVN
GUT_GENOME244103_01576	56	single_G-TRSVIVN	14	22	+	0	GVTRSVIVN
GUT_GENOME245750_02190	55	single_G-TRSVIVN	14	22	+	0	GVTRSVIVN
GUT_GENOME248581_01071	56	single_G-TRSVIVN	14	22	+	0	GVTRSVIVN
GUT_GENOME262235_02485	55	single_G-TRSVIVN	14	22	+	0	GVTRSVIVN
GUT_GENOME283183_02161	55	single_G-TRSVIVN	14	22	+	0	GVTRSVIVN
GUT_GENOME285759_00213	56	single_G-TRSVIVN	14	22	+	0	GVTRSVIVN
GUT_GENOME285774_01907	55	single_G-TRSVIVN	14	22	+	0	GVTRSVIVN
JNFGAPOO_164562	55	single_G-TRSVIVN	14	22	+	0	GVTRSVIVN
JPHOCEAB_97520	55	single_G-TRSVIVN	14	22	+	0	GVTRSVIVN
KIOJAELO_73873	55	single_G-TRSVIVN	14	22	+	0	GVTRSVIVN
KIOJAELO_93850	56	single_G-TRSVIVN	14	22	+	0	GVTRSVIVN
KKJMEEIG_1084584	56	single_G-TRSVIVN	14	22	+	0	GVTRSVIVN
KKJMEEIG_1157271	55	single_G-TRSVIVN	14	22	+	0	GVTRSVIVN
KKJMEEIG_413593	55	single_G-TRSVIVN	14	22	+	0	GVTRSVIVN
KKJMEEIG_445420	56	single_G-TRSVIVN	14	22	+	0	GVTRSVIVN
KKJMEEIG_459491	55	single_G-TRSVIVN	14	22	+	0	GVTRSVIVN
KKJMEEIG_724861	56	single_G-TRSVIVN	14	22	+	0	GVTRSVIVN
KKJMEEIG_855830	55	single_G-TRSVIVN	14	22	+	0	GVTRSVIVN
KKJMEEIG_856783	55	single_G-TRSVIVN	14	22	+	0	GVTRSVIVN
KKJMEEIG_890147	56	single_G-TRSVIVN	14	22	+	0	GVTRSVIVN
Lactococcus_lactis	58	single_G-TRSVIVN	15	23	+	0	GITRSVIVN
Listeria_monocytogenes	61	single_G-TRSVIVN	15	23	+	0	GITRSVIVN
MAHCLCPI_05935	55	single_G-TRSVIVN	14	22	+	0	GVTRSVIVN
MAHCLCPI_101556	55	single_G-TRSVIVN	14	22	+	0	GVTRSVIVN
MAHCLCPI_21297	56	single_G-TRSVIVN	15	23	+	0	GVTRSVIVN
MEOLGGJB_38164	56	single_G-TRSVIVN	14	22	+	0	GVTRSVIVN
MHEILAGC_15562	55	single_G-TRSVIVN	14	22	+	0	GVTRSVIVN
MHEILAGC_39760	55	single_G-TRSVIVN	15	23	+	0	GVTRSVIVN
NCINIMOJ_16206	55	single_G-TRSVIVN	14	22	+	0	GVTRSVIVN
NCINIMOJ_20877	55	single_G-TRSVIVN	14	22	+	0	GLTRSVIVN
NC_013522-Thermanaerovibrio_acidaminovorans	60	single_G-TRSVIVN	14	22	+	0	GVTRSVIVN
NC_014011-Aminobacterium_colombiense	60	single_G-TRSVIVN	14	22	+	0	GVTRSVIVN
NC_016148-Thermovirga_lienii	60	single_G-TRSVIVN	14	22	+	0	GVTRSVIVN
NC_018024-Acetomicrobium_mobile	60	single_G-TRSVIVN	14	22	+	0	GVTRSVIVN
NHCPGKCF_01641	55	single_G-TRSVIVN	14	22	+	0	GVTRSVIVN
NZ_ABTR02000001-Dethiosulfovibrio_peptidovorans	60	single_G-TRSVIVN	14	22	+	0	GVTRSVIVN
NZ_ACJX03000001-Acetomicrobium_hydrogeniformans	60	single_G-TRSVIVN	14	22	+	0	GVTRSVIVN
NZ_ADFP01000047-Pyramidobacter_piscolens	60	single_G-TRSVIVN	14	22	+	0	GVTRSVIVN
NZ_AWWC01000024-Jonquetella	56	single_G-TRSVIVN	14	22	+	0	GVTRSVIVN
NZ_CABKOO010000001-Acetomicrobium_hydrogeniformans	60	single_G-TRSVIVN	14	22	+	0	GVTRSVIVN
NZ_CABKQM010000008-Cloacibacillus	56	single_G-TRSVIVN	14	22	+	0	GVTRSVIVN
NZ_CM001022-Aminomonas_paucivorans	60	single_G-TRSVIVN	14	22	+	0	GVTRSVIVN
NZ_CM001376-Jonquetella_anthropi	60	single_G-TRSVIVN	14	22	+	0	GVTRSVIVN
NZ_CM001377-Thermanaerovibrio_velox	60	single_G-TRSVIVN	14	22	+	0	GVTRSVIVN
NZ_CP016757-Cloacibacillus_porcorum	60	single_G-TRSVIVN	14	22	+	0	GVTRSVIVN
NZ_FNPD01000014-Acetomicrobium_thermoterrenum	60	single_G-TRSVIVN	14	22	+	0	GVTRSVIVN
NZ_FSQZ01000001-Acetomicrobium_flavidum	60	single_G-TRSVIVN	14	22	+	0	GVTRSVIVN
NZ_FXBB01000024-Dethiosulfovibrio_salsuginis	60	single_G-TRSVIVN	14	22	+	0	GVTRSVIVN
NZ_GG697147-Jonquetella_anthropi	60	single_G-TRSVIVN	14	22	+	0	GVTRSVIVN
NZ_JABAGT010000007-Cloacibacillus	56	single_G-TRSVIVN	14	22	+	0	GVTRSVIVN
NZ_JAFY01000007-Aminiphilus_circumscriptus	60	single_G-TRSVIVN	14	22	+	0	GVTRSVIVN
NZ_JAFZ01000001-Aminobacterium_mobile	60	single_G-TRSVIVN	14	22	+	0	GVTRSVIVN
NZ_JH414697-Synergistes_sp._3_1_syn1	60	single_G-TRSVIVN	14	22	+	0	GVTRSVIVN
NZ_JMKI01000026-Synergistes	56	single_G-TRSVIVN	14	22	+	0	GVTRSVIVN
NZ_JPZQ01000030-Synergistes	56	single_G-TRSVIVN	14	22	+	0	GVTRSVIVN
NZ_JPZR01000022-Synergistes_jonesii	60	single_G-TRSVIVN	14	22	+	0	GVTRSVIVN
NZ_JPZS01000024-Synergistes	56	single_G-TRSVIVN	14	22	+	0	GVTRSVIVN
NZ_JQEK01000046-Synergistes	56	single_G-TRSVIVN	14	22	+	0	GVTRSVIVN
NZ_JQEL01000027-Synergistes	56	single_G-TRSVIVN	14	22	+	0	GVTRSVIVN
NZ_KK073872-Cloacibacillus_evryensis	60	single_G-TRSVIVN	14	22	+	0	GVTRSVIVN
NZ_MUHX01000026-Pyramidobacter	57	single_G-TRSVIVN	14	22	+	0	GVTRSVIVN
NZ_NFJQ01000002-Cloacibacillus	56	single_G-TRSVIVN	14	22	+	0	GVTRSVIVN
NZ_RAWT01000042-Pyramidobacter	57	single_G-TRSVIVN	14	22	+	0	GVTRSVIVN
NZ_RQYL01000028-Fretibacterium_sp._OH1220_COT-178	60	single_G-TRSVIVN	14	22	+	0	GVTRSVIVN
NZ_SORI01000001-Aminivibrio_pyruvatiphilus	60	single_G-TRSVIVN	14	22	+	0	GVTRSVIVN
NZ_VUNH01000001-Pyramidobacter	57	single_G-TRSVIVN	14	22	+	0	GVTRSVIVN
PHGMAJIM_14132	54	single_G-TRSVIVN	14	22	+	0	GVTRSVIVN
Staphylococcus_pasteuri	59	single_G-TRSVIVN	14	22	+	0	GITRSVIVN
Streptococcus_pneumoniae	58	single_G-TRSVIVN	14	22	+	0	GITRSVIVN
Streptococcus_salivarius	59	single_G-TRSVIVN	14	22	+	0	GITRSVIVN
